2025-12-16T12:33:42.0614367Z Current runner version: '2.329.0'
2025-12-16T12:33:42.0638576Z ##[group]Runner Image Provisioner
2025-12-16T12:33:42.0639476Z Hosted Compute Agent
2025-12-16T12:33:42.0639983Z Version: 20251202.455
2025-12-16T12:33:42.0640585Z Commit: 6c10caca4910e198df60de23adf20ad317c474e3
2025-12-16T12:33:42.0641287Z Build Date: 2025-12-02T15:56:59Z
2025-12-16T12:33:42.0641949Z Worker ID: {7b746c0d-d275-4e9a-917b-7f9a93a3813a}
2025-12-16T12:33:42.0642804Z ##[endgroup]
2025-12-16T12:33:42.0643371Z ##[group]Operating System
2025-12-16T12:33:42.0643948Z Ubuntu
2025-12-16T12:33:42.0644389Z 24.04.3
2025-12-16T12:33:42.0644875Z LTS
2025-12-16T12:33:42.0645315Z ##[endgroup]
2025-12-16T12:33:42.0645843Z ##[group]Runner Image
2025-12-16T12:33:42.0646336Z Image: ubuntu-24.04
2025-12-16T12:33:42.0646903Z Version: 20251208.163.1
2025-12-16T12:33:42.0647870Z Included Software: https://github.com/actions/runner-images/blob/ubuntu24/20251208.163/images/ubuntu/Ubuntu2404-Readme.md
2025-12-16T12:33:42.0649473Z Image Release: https://github.com/actions/runner-images/releases/tag/ubuntu24%2F20251208.163
2025-12-16T12:33:42.0650519Z ##[endgroup]
2025-12-16T12:33:42.0651628Z ##[group]GITHUB_TOKEN Permissions
2025-12-16T12:33:42.0653586Z Contents: read
2025-12-16T12:33:42.0654112Z Metadata: read
2025-12-16T12:33:42.0654724Z Packages: read
2025-12-16T12:33:42.0655255Z ##[endgroup]
2025-12-16T12:33:42.0657196Z Secret source: Actions
2025-12-16T12:33:42.0658024Z Prepare workflow directory
2025-12-16T12:33:42.1072596Z Prepare all required actions
2025-12-16T12:33:42.1110630Z Getting action download info
2025-12-16T12:33:42.5202788Z Download action repository 'actions/checkout@v4' (SHA:34e114876b0b11c390a56381ad16ebd13914f8d5)
2025-12-16T12:33:42.6099616Z Download action repository 'actions/cache@v4' (SHA:0057852bfaa89a56745cba8c7296529d2fc39830)
2025-12-16T12:33:42.7105603Z Download action repository 'actions/upload-artifact@v4' (SHA:ea165f8d65b6e75b540449e92b4886f43607fa02)
2025-12-16T12:33:42.9129572Z Uses: zmkfirmware/zmk/.github/workflows/build-user-config.yml@refs/heads/main (930b5cc058698986fabc1be96427c14937e983ea)
2025-12-16T12:33:42.9134178Z ##[group] Inputs
2025-12-16T12:33:42.9134687Z   build_matrix_path: build.yaml
2025-12-16T12:33:42.9135160Z   config_path: config
2025-12-16T12:33:42.9135572Z   fallback_binary: bin
2025-12-16T12:33:42.9135994Z   archive_name: firmware
2025-12-16T12:33:42.9136423Z ##[endgroup]
2025-12-16T12:33:42.9136937Z Complete job name: build / Build (rec_corne_right, nice_view)
2025-12-16T12:33:42.9629456Z ##[group]Checking docker version
2025-12-16T12:33:42.9642314Z ##[command]/usr/bin/docker version --format '{{.Server.APIVersion}}'
2025-12-16T12:33:43.0542261Z '1.48'
2025-12-16T12:33:43.0555637Z Docker daemon API version: '1.48'
2025-12-16T12:33:43.0556449Z ##[command]/usr/bin/docker version --format '{{.Client.APIVersion}}'
2025-12-16T12:33:43.0721093Z '1.48'
2025-12-16T12:33:43.0734103Z Docker client API version: '1.48'
2025-12-16T12:33:43.0739690Z ##[endgroup]
2025-12-16T12:33:43.0742752Z ##[group]Clean up resources from previous jobs
2025-12-16T12:33:43.0748935Z ##[command]/usr/bin/docker ps --all --quiet --no-trunc --filter "label=159b4c"
2025-12-16T12:33:43.0897018Z ##[command]/usr/bin/docker network prune --force --filter "label=159b4c"
2025-12-16T12:33:43.1035254Z ##[endgroup]
2025-12-16T12:33:43.1035761Z ##[group]Create local container network
2025-12-16T12:33:43.1045934Z ##[command]/usr/bin/docker network create --label 159b4c github_network_7a76d4da807e4bc789c84822d499d21e
2025-12-16T12:33:43.1599696Z 5117c1483950abbdff401c56c460746a1ef1630961a8a2ed21b7ca3a51550a47
2025-12-16T12:33:43.1620016Z ##[endgroup]
2025-12-16T12:33:43.1643498Z ##[group]Starting job container
2025-12-16T12:33:43.1662806Z ##[command]/usr/bin/docker pull zmkfirmware/zmk-build-arm:stable
2025-12-16T12:33:44.0177129Z stable: Pulling from zmkfirmware/zmk-build-arm
2025-12-16T12:33:44.2276727Z a1a21c96bc16: Pulling fs layer
2025-12-16T12:33:44.2278139Z 80b3f0d914b4: Pulling fs layer
2025-12-16T12:33:44.2279296Z 39f6267735b8: Pulling fs layer
2025-12-16T12:33:44.7121847Z a1a21c96bc16: Download complete
2025-12-16T12:33:45.9715848Z 80b3f0d914b4: Verifying Checksum
2025-12-16T12:33:45.9716731Z 80b3f0d914b4: Download complete
2025-12-16T12:33:45.9996138Z a1a21c96bc16: Pull complete
2025-12-16T12:33:46.5561016Z 39f6267735b8: Verifying Checksum
2025-12-16T12:33:46.5561862Z 39f6267735b8: Download complete
2025-12-16T12:33:54.7601386Z 80b3f0d914b4: Pull complete
2025-12-16T12:34:05.3777017Z 39f6267735b8: Pull complete
2025-12-16T12:34:05.3819058Z Digest: sha256:edb1c953438c6f720ddb79c3762f3972013b7fbbaf4fff3592fc869983e7afc5
2025-12-16T12:34:05.3831382Z Status: Downloaded newer image for zmkfirmware/zmk-build-arm:stable
2025-12-16T12:34:05.3843399Z docker.io/zmkfirmware/zmk-build-arm:stable
2025-12-16T12:34:05.3923646Z ##[command]/usr/bin/docker create --name acfd8cb92bd04235a8175ce18c47f47e_zmkfirmwarezmkbuildarmstable_12e74c --label 159b4c --workdir /__w/zmk-config/zmk-config --network github_network_7a76d4da807e4bc789c84822d499d21e  -e "HOME=/github/home" -e GITHUB_ACTIONS=true -e CI=true -v "/var/run/docker.sock":"/var/run/docker.sock" -v "/home/runner/work":"/__w" -v "/home/runner/actions-runner/cached/externals":"/__e":ro -v "/home/runner/work/_temp":"/__w/_temp" -v "/home/runner/work/_actions":"/__w/_actions" -v "/opt/hostedtoolcache":"/__t" -v "/home/runner/work/_temp/_github_home":"/github/home" -v "/home/runner/work/_temp/_github_workflow":"/github/workflow" --entrypoint "tail" zmkfirmware/zmk-build-arm:stable "-f" "/dev/null"
2025-12-16T12:34:05.4211522Z 916d732695fd9a47221e1059ef83b2bca392f75e7ee64aa608a9c35fe9bd2536
2025-12-16T12:34:05.4236182Z ##[command]/usr/bin/docker start 916d732695fd9a47221e1059ef83b2bca392f75e7ee64aa608a9c35fe9bd2536
2025-12-16T12:34:05.5924980Z 916d732695fd9a47221e1059ef83b2bca392f75e7ee64aa608a9c35fe9bd2536
2025-12-16T12:34:05.5949783Z ##[command]/usr/bin/docker ps --all --filter id=916d732695fd9a47221e1059ef83b2bca392f75e7ee64aa608a9c35fe9bd2536 --filter status=running --no-trunc --format "{{.ID}} {{.Status}}"
2025-12-16T12:34:05.6063724Z 916d732695fd9a47221e1059ef83b2bca392f75e7ee64aa608a9c35fe9bd2536 Up Less than a second
2025-12-16T12:34:05.6083374Z ##[command]/usr/bin/docker inspect --format "{{range .Config.Env}}{{println .}}{{end}}" 916d732695fd9a47221e1059ef83b2bca392f75e7ee64aa608a9c35fe9bd2536
2025-12-16T12:34:05.6197122Z HOME=/github/home
2025-12-16T12:34:05.6197585Z GITHUB_ACTIONS=true
2025-12-16T12:34:05.6198024Z CI=true
2025-12-16T12:34:05.6198980Z PATH=/usr/local/sbin:/usr/local/bin:/usr/sbin:/usr/bin:/sbin:/bin
2025-12-16T12:34:05.6199647Z DEBIAN_FRONTEND=noninteractive
2025-12-16T12:34:05.6200080Z ZEPHYR_VERSION=4.1.0
2025-12-16T12:34:05.6219346Z ##[endgroup]
2025-12-16T12:34:05.6228836Z ##[group]Waiting for all services to be ready
2025-12-16T12:34:05.6230523Z ##[endgroup]
2025-12-16T12:34:05.6478985Z ##[group]Run actions/checkout@v4
2025-12-16T12:34:05.6479609Z with:
2025-12-16T12:34:05.6479878Z   repository: segodimor2d2/zmk-config
2025-12-16T12:34:05.6480382Z   token: ***
2025-12-16T12:34:05.6480621Z   ssh-strict: true
2025-12-16T12:34:05.6480869Z   ssh-user: git
2025-12-16T12:34:05.6481104Z   persist-credentials: true
2025-12-16T12:34:05.6481353Z   clean: true
2025-12-16T12:34:05.6481586Z   sparse-checkout-cone-mode: true
2025-12-16T12:34:05.6481856Z   fetch-depth: 1
2025-12-16T12:34:05.6482249Z   fetch-tags: false
2025-12-16T12:34:05.6482475Z   show-progress: true
2025-12-16T12:34:05.6482700Z   lfs: false
2025-12-16T12:34:05.6482903Z   submodules: false
2025-12-16T12:34:05.6483122Z   set-safe-directory: true
2025-12-16T12:34:05.6483659Z ##[endgroup]
2025-12-16T12:34:05.6543678Z ##[command]/usr/bin/docker exec  916d732695fd9a47221e1059ef83b2bca392f75e7ee64aa608a9c35fe9bd2536 sh -c "cat /etc/*release | grep ^ID"
2025-12-16T12:34:05.8638259Z Syncing repository: segodimor2d2/zmk-config
2025-12-16T12:34:05.8640520Z ##[group]Getting Git version info
2025-12-16T12:34:05.8641212Z Working directory is '/__w/zmk-config/zmk-config'
2025-12-16T12:34:05.8642179Z [command]/usr/bin/git version
2025-12-16T12:34:05.8642526Z git version 2.43.0
2025-12-16T12:34:05.8668430Z ##[endgroup]
2025-12-16T12:34:05.8684484Z Temporarily overriding HOME='/__w/_temp/9b338e58-f31e-48d8-a60a-99e0b962b075' before making global git config changes
2025-12-16T12:34:05.8685231Z Adding repository directory to the temporary git global config as a safe directory
2025-12-16T12:34:05.8691046Z [command]/usr/bin/git config --global --add safe.directory /__w/zmk-config/zmk-config
2025-12-16T12:34:05.8732882Z Deleting the contents of '/__w/zmk-config/zmk-config'
2025-12-16T12:34:05.8737273Z ##[group]Initializing the repository
2025-12-16T12:34:05.8741192Z [command]/usr/bin/git init /__w/zmk-config/zmk-config
2025-12-16T12:34:05.8772931Z hint: Using 'master' as the name for the initial branch. This default branch name
2025-12-16T12:34:05.8774992Z hint: is subject to change. To configure the initial branch name to use in all
2025-12-16T12:34:05.8775725Z hint: of your new repositories, which will suppress this warning, call:
2025-12-16T12:34:05.8776130Z hint: 
2025-12-16T12:34:05.8776469Z hint: 	git config --global init.defaultBranch <name>
2025-12-16T12:34:05.8776792Z hint: 
2025-12-16T12:34:05.8777109Z hint: Names commonly chosen instead of 'master' are 'main', 'trunk' and
2025-12-16T12:34:05.8777716Z hint: 'development'. The just-created branch can be renamed via this command:
2025-12-16T12:34:05.8778121Z hint: 
2025-12-16T12:34:05.8778342Z hint: 	git branch -m <name>
2025-12-16T12:34:05.8781104Z Initialized empty Git repository in /__w/zmk-config/zmk-config/.git/
2025-12-16T12:34:05.8794125Z [command]/usr/bin/git remote add origin https://github.com/segodimor2d2/zmk-config
2025-12-16T12:34:05.8822199Z ##[endgroup]
2025-12-16T12:34:05.8822970Z ##[group]Disabling automatic garbage collection
2025-12-16T12:34:05.8826942Z [command]/usr/bin/git config --local gc.auto 0
2025-12-16T12:34:05.8855532Z ##[endgroup]
2025-12-16T12:34:05.8856272Z ##[group]Setting up auth
2025-12-16T12:34:05.8862763Z [command]/usr/bin/git config --local --name-only --get-regexp core\.sshCommand
2025-12-16T12:34:05.8891316Z [command]/usr/bin/git submodule foreach --recursive sh -c "git config --local --name-only --get-regexp 'core\.sshCommand' && git config --local --unset-all 'core.sshCommand' || :"
2025-12-16T12:34:05.9118511Z [command]/usr/bin/git config --local --name-only --get-regexp http\.https\:\/\/github\.com\/\.extraheader
2025-12-16T12:34:05.9148739Z [command]/usr/bin/git submodule foreach --recursive sh -c "git config --local --name-only --get-regexp 'http\.https\:\/\/github\.com\/\.extraheader' && git config --local --unset-all 'http.https://github.com/.extraheader' || :"
2025-12-16T12:34:05.9371631Z [command]/usr/bin/git config --local --name-only --get-regexp ^includeIf\.gitdir:
2025-12-16T12:34:05.9401307Z [command]/usr/bin/git submodule foreach --recursive git config --local --show-origin --name-only --get-regexp remote.origin.url
2025-12-16T12:34:05.9621627Z [command]/usr/bin/git config --local http.https://github.com/.extraheader AUTHORIZATION: basic ***
2025-12-16T12:34:05.9655620Z ##[endgroup]
2025-12-16T12:34:05.9656073Z ##[group]Fetching the repository
2025-12-16T12:34:05.9663803Z [command]/usr/bin/git -c protocol.version=2 fetch --no-tags --prune --no-recurse-submodules --depth=1 origin +82fc3e7f4a5c3da51bd9a6af7233f32da7ab9a41:refs/remotes/origin/master
2025-12-16T12:34:06.3446213Z From https://github.com/segodimor2d2/zmk-config
2025-12-16T12:34:06.3446908Z  * [new ref]         82fc3e7f4a5c3da51bd9a6af7233f32da7ab9a41 -> origin/master
2025-12-16T12:34:06.3474513Z ##[endgroup]
2025-12-16T12:34:06.3477028Z ##[group]Determining the checkout info
2025-12-16T12:34:06.3477757Z ##[endgroup]
2025-12-16T12:34:06.3483056Z [command]/usr/bin/git sparse-checkout disable
2025-12-16T12:34:06.3523574Z [command]/usr/bin/git config --local --unset-all extensions.worktreeConfig
2025-12-16T12:34:06.3550493Z ##[group]Checking out the ref
2025-12-16T12:34:06.3624732Z [command]/usr/bin/git checkout --progress --force -B master refs/remotes/origin/master
2025-12-16T12:34:06.3625535Z Reset branch 'master'
2025-12-16T12:34:06.3626613Z branch 'master' set up to track 'origin/master'.
2025-12-16T12:34:06.3628031Z ##[endgroup]
2025-12-16T12:34:06.3661466Z [command]/usr/bin/git log -1 --format=%H
2025-12-16T12:34:06.3684265Z 82fc3e7f4a5c3da51bd9a6af7233f32da7ab9a41
2025-12-16T12:34:06.3887711Z ##[group]Run echo "build_dir=$(mktemp -d)" >> $GITHUB_ENV
2025-12-16T12:34:06.3888202Z [36;1mecho "build_dir=$(mktemp -d)" >> $GITHUB_ENV[0m
2025-12-16T12:34:06.3891194Z shell: sh -e {0}
2025-12-16T12:34:06.3891407Z ##[endgroup]
2025-12-16T12:34:06.4510876Z ##[group]Run if [ -e zephyr/module.yml ]; then
2025-12-16T12:34:06.4511226Z [36;1mif [ -e zephyr/module.yml ]; then[0m
2025-12-16T12:34:06.4511585Z [36;1m  export zmk_load_arg=" -DZMK_EXTRA_MODULES='${GITHUB_WORKSPACE}'"[0m
2025-12-16T12:34:06.4512264Z [36;1m  new_tmp_dir="${TMPDIR:-/tmp}/zmk-config"[0m
2025-12-16T12:34:06.4512652Z [36;1m  mkdir -p "${new_tmp_dir}"[0m
2025-12-16T12:34:06.4512926Z [36;1m  echo "base_dir=${new_tmp_dir}" >> $GITHUB_ENV[0m
2025-12-16T12:34:06.4513212Z [36;1melse[0m
2025-12-16T12:34:06.4513436Z [36;1m  echo "base_dir=${GITHUB_WORKSPACE}" >> $GITHUB_ENV[0m
2025-12-16T12:34:06.4513714Z [36;1mfi[0m
2025-12-16T12:34:06.4513866Z [36;1m[0m
2025-12-16T12:34:06.4514037Z [36;1mif [ -n "${snippet}" ]; then[0m
2025-12-16T12:34:06.4514299Z [36;1m  extra_west_args="-S \"${snippet}\""[0m
2025-12-16T12:34:06.4514563Z [36;1mfi[0m
2025-12-16T12:34:06.4514718Z [36;1m[0m
2025-12-16T12:34:06.4514973Z [36;1mecho "zephyr_version=${ZEPHYR_VERSION}" >> $GITHUB_ENV[0m
2025-12-16T12:34:06.4515332Z [36;1mecho "extra_west_args=${extra_west_args}" >> $GITHUB_ENV[0m
2025-12-16T12:34:06.4515771Z [36;1mecho "extra_cmake_args=${shield:+-DSHIELD=\"$shield\"}${zmk_load_arg}" >> $GITHUB_ENV[0m
2025-12-16T12:34:06.4516236Z [36;1mecho "display_name=${shield:+$shield - }${board}" >> $GITHUB_ENV[0m
2025-12-16T12:34:06.4516706Z [36;1mecho "artifact_name=${artifact_name:-${shield:+$shield-}${board//\//_}-zmk}" >> $GITHUB_ENV[0m
2025-12-16T12:34:06.4518321Z shell: bash -x {0}
2025-12-16T12:34:06.4518513Z env:
2025-12-16T12:34:06.4518693Z   build_dir: /tmp/tmp.8JnLKsdeeY
2025-12-16T12:34:06.4518913Z   board: rec_corne_right
2025-12-16T12:34:06.4519108Z   shield: nice_view
2025-12-16T12:34:06.4519278Z   artifact_name: 
2025-12-16T12:34:06.4519454Z   snippet: 
2025-12-16T12:34:06.4519617Z ##[endgroup]
2025-12-16T12:34:06.5037712Z + '[' -e zephyr/module.yml ']'
2025-12-16T12:34:06.5038495Z + export 'zmk_load_arg= -DZMK_EXTRA_MODULES='\''/__w/zmk-config/zmk-config'\'''
2025-12-16T12:34:06.5040483Z + zmk_load_arg=' -DZMK_EXTRA_MODULES='\''/__w/zmk-config/zmk-config'\'''
2025-12-16T12:34:06.5041063Z + new_tmp_dir=/tmp/zmk-config
2025-12-16T12:34:06.5041392Z + mkdir -p /tmp/zmk-config
2025-12-16T12:34:06.5053027Z + echo base_dir=/tmp/zmk-config
2025-12-16T12:34:06.5054046Z + '[' -n '' ']'
2025-12-16T12:34:06.5054744Z + echo zephyr_version=4.1.0
2025-12-16T12:34:06.5055153Z + echo extra_west_args=
2025-12-16T12:34:06.5056019Z + echo 'extra_cmake_args=-DSHIELD="nice_view" -DZMK_EXTRA_MODULES='\''/__w/zmk-config/zmk-config'\'''
2025-12-16T12:34:06.5056866Z + echo 'display_name=nice_view - rec_corne_right'
2025-12-16T12:34:06.5057405Z + echo artifact_name=nice_view-rec_corne_right-zmk
2025-12-16T12:34:06.5136933Z ##[group]Run if [ "/tmp/zmk-config" != "${GITHUB_WORKSPACE}" ]; then
2025-12-16T12:34:06.5137374Z [36;1mif [ "/tmp/zmk-config" != "${GITHUB_WORKSPACE}" ]; then[0m
2025-12-16T12:34:06.5137688Z [36;1m  mkdir "/tmp/zmk-config/config"[0m
2025-12-16T12:34:06.5137970Z [36;1m  cp -R config/* "/tmp/zmk-config/config/"[0m
2025-12-16T12:34:06.5138219Z [36;1mfi[0m
2025-12-16T12:34:06.5138468Z shell: sh -e {0}
2025-12-16T12:34:06.5138637Z env:
2025-12-16T12:34:06.5138815Z   build_dir: /tmp/tmp.8JnLKsdeeY
2025-12-16T12:34:06.5139038Z   base_dir: /tmp/zmk-config
2025-12-16T12:34:06.5139254Z   zephyr_version: 4.1.0
2025-12-16T12:34:06.5139446Z   extra_west_args: 
2025-12-16T12:34:06.5139764Z   extra_cmake_args: -DSHIELD="nice_view" -DZMK_EXTRA_MODULES='/__w/zmk-config/zmk-config'
2025-12-16T12:34:06.5140370Z   display_name: nice_view - rec_corne_right
2025-12-16T12:34:06.5140647Z   artifact_name: nice_view-rec_corne_right-zmk
2025-12-16T12:34:06.5140899Z ##[endgroup]
2025-12-16T12:34:06.6474766Z ##[group]Run actions/cache@v4
2025-12-16T12:34:06.6475089Z with:
2025-12-16T12:34:06.6475683Z   path: /tmp/zmk-config/modules/
/tmp/zmk-config/tools/
/tmp/zmk-config/zephyr/
/tmp/zmk-config/bootloader/
/tmp/zmk-config/zmk/

2025-12-16T12:34:06.6476726Z   key: Linux-build-cache-zephyr-4.1.0-modules-b8310ad9ba00f43bd390b02b37ee611ddb9c94c197398dc0cb3bd65c3df2d324
2025-12-16T12:34:06.6477571Z   restore-keys: Linux-build-cache-zephyr-4.1.0-modules-
Linux-build-
Linux-

2025-12-16T12:34:06.6478029Z   enableCrossOsArchive: false
2025-12-16T12:34:06.6478259Z   fail-on-cache-miss: false
2025-12-16T12:34:06.6478468Z   lookup-only: false
2025-12-16T12:34:06.6478665Z   save-always: false
2025-12-16T12:34:06.6478845Z env:
2025-12-16T12:34:06.6479014Z   build_dir: /tmp/tmp.8JnLKsdeeY
2025-12-16T12:34:06.6479264Z   base_dir: /tmp/zmk-config
2025-12-16T12:34:06.6479470Z   zephyr_version: 4.1.0
2025-12-16T12:34:06.6479662Z   extra_west_args: 
2025-12-16T12:34:06.6480029Z   extra_cmake_args: -DSHIELD="nice_view" -DZMK_EXTRA_MODULES='/__w/zmk-config/zmk-config'
2025-12-16T12:34:06.6480447Z   display_name: nice_view - rec_corne_right
2025-12-16T12:34:06.6480731Z   artifact_name: nice_view-rec_corne_right-zmk
2025-12-16T12:34:06.6481001Z   cache_name: cache-zephyr-4.1.0-modules
2025-12-16T12:34:06.6481247Z ##[endgroup]
2025-12-16T12:34:06.6485391Z ##[command]/usr/bin/docker exec  916d732695fd9a47221e1059ef83b2bca392f75e7ee64aa608a9c35fe9bd2536 sh -c "cat /etc/*release | grep ^ID"
2025-12-16T12:34:07.2095144Z Cache hit for: Linux-build-cache-zephyr-4.1.0-modules-b8310ad9ba00f43bd390b02b37ee611ddb9c94c197398dc0cb3bd65c3df2d324
2025-12-16T12:34:08.4704125Z Received 33554432 of 659836906 (5.1%), 32.0 MBs/sec
2025-12-16T12:34:09.4751214Z Received 163577856 of 659836906 (24.8%), 78.0 MBs/sec
2025-12-16T12:34:10.4782947Z Received 268435456 of 659836906 (40.7%), 85.1 MBs/sec
2025-12-16T12:34:11.4784696Z Received 402653184 of 659836906 (61.0%), 95.8 MBs/sec
2025-12-16T12:34:12.4823103Z Received 536870912 of 659836906 (81.4%), 102.2 MBs/sec
2025-12-16T12:34:13.5047977Z Received 659836906 of 659836906 (100.0%), 104.3 MBs/sec
2025-12-16T12:34:13.5052993Z Cache Size: ~629 MB (659836906 B)
2025-12-16T12:34:13.5155254Z [command]/usr/bin/tar -xf /__w/_temp/bb98e920-c5af-4912-8b99-a5cea9a75cca/cache.tgz -P -C /__w/zmk-config/zmk-config -z
2025-12-16T12:34:26.2248701Z Cache restored successfully
2025-12-16T12:34:26.3484986Z Cache restored from key: Linux-build-cache-zephyr-4.1.0-modules-b8310ad9ba00f43bd390b02b37ee611ddb9c94c197398dc0cb3bd65c3df2d324
2025-12-16T12:34:26.3630385Z ##[group]Run west init -l "/tmp/zmk-config/config"
2025-12-16T12:34:26.3630765Z [36;1mwest init -l "/tmp/zmk-config/config"[0m
2025-12-16T12:34:26.3631113Z shell: sh -e {0}
2025-12-16T12:34:26.3631283Z env:
2025-12-16T12:34:26.3631458Z   build_dir: /tmp/tmp.8JnLKsdeeY
2025-12-16T12:34:26.3631705Z   base_dir: /tmp/zmk-config
2025-12-16T12:34:26.3631920Z   zephyr_version: 4.1.0
2025-12-16T12:34:26.3632371Z   extra_west_args: 
2025-12-16T12:34:26.3632705Z   extra_cmake_args: -DSHIELD="nice_view" -DZMK_EXTRA_MODULES='/__w/zmk-config/zmk-config'
2025-12-16T12:34:26.3633105Z   display_name: nice_view - rec_corne_right
2025-12-16T12:34:26.3633376Z   artifact_name: nice_view-rec_corne_right-zmk
2025-12-16T12:34:26.3633626Z ##[endgroup]
2025-12-16T12:34:26.5338679Z === Initializing from existing manifest repository config
2025-12-16T12:34:26.5339308Z --- Creating /tmp/zmk-config/.west and local configuration file
2025-12-16T12:34:26.5348207Z === Initialized. Now run "west update" inside /tmp/zmk-config.
2025-12-16T12:34:26.5584700Z ##[group]Run west update --fetch-opt=--filter=tree:0
2025-12-16T12:34:26.5585084Z [36;1mwest update --fetch-opt=--filter=tree:0[0m
2025-12-16T12:34:26.5585460Z shell: sh -e {0}
2025-12-16T12:34:26.5585643Z env:
2025-12-16T12:34:26.5585993Z   build_dir: /tmp/tmp.8JnLKsdeeY
2025-12-16T12:34:26.5586229Z   base_dir: /tmp/zmk-config
2025-12-16T12:34:26.5586433Z   zephyr_version: 4.1.0
2025-12-16T12:34:26.5586624Z   extra_west_args: 
2025-12-16T12:34:26.5586947Z   extra_cmake_args: -DSHIELD="nice_view" -DZMK_EXTRA_MODULES='/__w/zmk-config/zmk-config'
2025-12-16T12:34:26.5587349Z   display_name: nice_view - rec_corne_right
2025-12-16T12:34:26.5587627Z   artifact_name: nice_view-rec_corne_right-zmk
2025-12-16T12:34:26.5587877Z ##[endgroup]
2025-12-16T12:34:26.8118468Z === updating zmk (zmk):
2025-12-16T12:34:26.8151120Z --- zmk: fetching, need revision main
2025-12-16T12:34:27.2362990Z From https://github.com/zmkfirmware/zmk
2025-12-16T12:34:27.2363621Z  * branch            main       -> FETCH_HEAD
2025-12-16T12:34:28.4241810Z Previous HEAD position was e34793e feat(docs): Update New Behavior Guide (#3107)
2025-12-16T12:34:28.4245410Z HEAD is now at 930b5cc docs: Replace user setup script with ZMK CLI (#3137)
2025-12-16T12:34:28.4402894Z === updating zephyr (zephyr):
2025-12-16T12:34:28.4429040Z --- zephyr: fetching, need revision v4.1.0+zmk-fixes
2025-12-16T12:34:29.0165056Z From https://github.com/zmkfirmware/zephyr
2025-12-16T12:34:29.0165653Z  * branch              v4.1.0+zmk-fixes -> FETCH_HEAD
2025-12-16T12:34:44.3315283Z Warning: you are leaving 1 commit behind, not connected to
2025-12-16T12:34:44.3316364Z any of your branches:
2025-12-16T12:34:44.3316657Z 
2025-12-16T12:34:44.3317051Z   dacab4875 scripts: check_init_priorities: drop recursive child parsing
2025-12-16T12:34:44.3317548Z 
2025-12-16T12:34:44.3317854Z If you want to keep it by creating a new branch, this may be a good time
2025-12-16T12:34:44.3318425Z to do so with:
2025-12-16T12:34:44.3318622Z 
2025-12-16T12:34:44.3318825Z  git branch <new-branch-name> dacab4875
2025-12-16T12:34:44.3319160Z 
2025-12-16T12:34:44.3319530Z HEAD is now at 1c698ff90 drivers: spi: spi_pl022: disable the SSP before reconfiguring
2025-12-16T12:34:44.3773687Z === updating rec_corne (rec_corne):
2025-12-16T12:34:44.3774058Z --- rec_corne: initializing
2025-12-16T12:34:44.3821441Z Initialized empty Git repository in /tmp/zmk-config/rec_corne/.git/
2025-12-16T12:34:44.3854294Z --- rec_corne: fetching, need revision main
2025-12-16T12:34:44.9920578Z From https://github.com/a741725193/zmk-new_corne
2025-12-16T12:34:44.9921075Z  * branch            main       -> FETCH_HEAD
2025-12-16T12:34:45.6460765Z HEAD is now at 1a89329 Update eyelash_corne.dtsi
2025-12-16T12:34:45.6518440Z HEAD is now at 1a89329 Update eyelash_corne.dtsi
2025-12-16T12:34:45.6522801Z === updating lvgl (modules/lib/gui/lvgl):
2025-12-16T12:34:52.5576990Z Warning: you are leaving 490 commits behind, not connected to
2025-12-16T12:34:52.5577757Z any of your branches:
2025-12-16T12:34:52.5578111Z 
2025-12-16T12:34:52.5578554Z   8a6a2d1d2 zephyr: Move gluecode back to zephyr main repository
2025-12-16T12:34:52.5579472Z   9fe0a7cc0 zephyr: rename shadow variables
2025-12-16T12:34:52.5580114Z   5da257f78 zephyr: Add shell for lvgl
2025-12-16T12:34:52.5581060Z   23d48b551 zephyr: lvgl_mem: Add printing of underlying sys_heap info
2025-12-16T12:34:52.5581936Z  ... and 486 more.
2025-12-16T12:34:52.5582367Z 
2025-12-16T12:34:52.5582700Z If you want to keep them by creating a new branch, this may be a good time
2025-12-16T12:34:52.5583351Z to do so with:
2025-12-16T12:34:52.5583566Z 
2025-12-16T12:34:52.5583695Z  git branch <new-branch-name> 8a6a2d1d2
2025-12-16T12:34:52.5583911Z 
2025-12-16T12:34:52.5587015Z HEAD is now at f1db87ee9 feat(theme_mono): Pass small/large fonts to theme init
2025-12-16T12:34:52.5645057Z === updating zmk-studio-messages (modules/msgs/zmk-studio-messages):
2025-12-16T12:34:52.5780168Z HEAD is now at 6cb4c28 refactor: Return detailed save changes response.
2025-12-16T12:34:52.5784686Z === updating canopennode (modules/lib/canopennode):
2025-12-16T12:34:52.5964158Z HEAD is now at dec12fa stack: map CANopenNode crc16_ccitt() to Zephyr crc16_itu_t()
2025-12-16T12:34:52.5968261Z === updating chre (modules/lib/chre):
2025-12-16T12:34:52.5969826Z --- chre: initializing
2025-12-16T12:34:52.6002775Z Initialized empty Git repository in /tmp/zmk-config/modules/lib/chre/.git/
2025-12-16T12:34:52.6036045Z --- chre: fetching, need revision 3b32c76efee705af146124fb4190f71be5a4e36e
2025-12-16T12:34:53.3104252Z From https://github.com/zephyrproject-rtos/chre
2025-12-16T12:34:53.3104901Z  * [new branch]      zephyr     -> refs/west/zephyr
2025-12-16T12:34:54.9538006Z HEAD is now at 3b32c76 zephyr: link the .unstable_id data in ROM
2025-12-16T12:34:55.0054170Z HEAD is now at 3b32c76 zephyr: link the .unstable_id data in ROM
2025-12-16T12:34:55.0059741Z === updating lz4 (modules/lib/lz4):
2025-12-16T12:34:55.0061916Z --- lz4: initializing
2025-12-16T12:34:55.0102143Z Initialized empty Git repository in /tmp/zmk-config/modules/lib/lz4/.git/
2025-12-16T12:34:55.0507473Z --- lz4: fetching, need revision 11b8a1e22fa651b524494e55d22b69d3d9cebcfd
2025-12-16T12:34:55.7457316Z From https://github.com/zephyrproject-rtos/lz4
2025-12-16T12:34:55.7457962Z  * [new branch]      zephyr     -> refs/west/zephyr
2025-12-16T12:34:55.7460212Z  * [new tag]         lz4-r130   -> lz4-r130
2025-12-16T12:34:55.7462198Z  * [new tag]         r116       -> r116
2025-12-16T12:34:55.7464019Z  * [new tag]         r117       -> r117
2025-12-16T12:34:55.7465511Z  * [new tag]         r118       -> r118
2025-12-16T12:34:55.7467152Z  * [new tag]         r119       -> r119
2025-12-16T12:34:55.7469634Z  * [new tag]         r120       -> r120
2025-12-16T12:34:55.7471297Z  * [new tag]         r121       -> r121
2025-12-16T12:34:55.7472727Z  * [new tag]         r122       -> r122
2025-12-16T12:34:55.7475136Z  * [new tag]         r123       -> r123
2025-12-16T12:34:55.7476640Z  * [new tag]         r124       -> r124
2025-12-16T12:34:55.7478022Z  * [new tag]         r125       -> r125
2025-12-16T12:34:55.7479534Z  * [new tag]         r126       -> r126
2025-12-16T12:34:55.7481126Z  * [new tag]         r127       -> r127
2025-12-16T12:34:55.7482954Z  * [new tag]         r128       -> r128
2025-12-16T12:34:55.7484559Z  * [new tag]         r129       -> r129
2025-12-16T12:34:55.7486225Z  * [new tag]         r130       -> r130
2025-12-16T12:34:55.7487849Z  * [new tag]         r131       -> r131
2025-12-16T12:34:55.7489493Z  * [new tag]         rc129v0    -> rc129v0
2025-12-16T12:34:55.7491118Z  * [new tag]         v1.7.3     -> v1.7.3
2025-12-16T12:34:55.7492954Z  * [new tag]         v1.7.4     -> v1.7.4
2025-12-16T12:34:55.7494614Z  * [new tag]         v1.7.4.2   -> v1.7.4.2
2025-12-16T12:34:55.7496302Z  * [new tag]         v1.7.5     -> v1.7.5
2025-12-16T12:34:55.7498235Z  * [new tag]         v1.8.0     -> v1.8.0
2025-12-16T12:34:55.7499813Z  * [new tag]         v1.8.1     -> v1.8.1
2025-12-16T12:34:55.7501490Z  * [new tag]         v1.8.1.2   -> v1.8.1.2
2025-12-16T12:34:55.7503440Z  * [new tag]         v1.8.2     -> v1.8.2
2025-12-16T12:34:55.7505021Z  * [new tag]         v1.8.3     -> v1.8.3
2025-12-16T12:34:55.7506616Z  * [new tag]         v1.9.0     -> v1.9.0
2025-12-16T12:34:55.7508304Z  * [new tag]         v1.9.1     -> v1.9.1
2025-12-16T12:34:55.7509857Z  * [new tag]         v1.9.2     -> v1.9.2
2025-12-16T12:34:55.7511536Z  * [new tag]         v1.9.3     -> v1.9.3
2025-12-16T12:34:56.6541538Z HEAD is now at 11b8a1e Merge pull request #2 from parthitce/dev/v1.10.0
2025-12-16T12:34:56.6701422Z HEAD is now at 11b8a1e Merge pull request #2 from parthitce/dev/v1.10.0
2025-12-16T12:34:56.6705480Z === updating nanopb (modules/lib/nanopb):
2025-12-16T12:34:57.7428274Z Warning: you are leaving 13 commits behind, not connected to
2025-12-16T12:34:57.7428863Z any of your branches:
2025-12-16T12:34:57.7429093Z 
2025-12-16T12:34:57.7429404Z   8c60555 Merge pull request #4 from petejohanson/build/find-protoc-fixes
2025-12-16T12:34:57.7430390Z   0e21d98 Prefer generator/protoc in CMake
2025-12-16T12:34:57.7431090Z   bf32817 Merge pull request #2 from zmkfirmware/optimize/reduce-stack-usage
2025-12-16T12:34:57.7432222Z   6276a4f Various stack size reduction tweaks
2025-12-16T12:34:57.7453371Z  ... and 9 more.
2025-12-16T12:34:57.7453889Z 
2025-12-16T12:34:57.7454174Z If you want to keep them by creating a new branch, this may be a good time
2025-12-16T12:34:57.7454684Z to do so with:
2025-12-16T12:34:57.7454849Z 
2025-12-16T12:34:57.7454995Z  git branch <new-branch-name> 8c60555
2025-12-16T12:34:57.7455255Z 
2025-12-16T12:34:57.7455451Z HEAD is now at 7307ce3 Update README.md (#1042)
2025-12-16T12:34:57.7455975Z === updating psa-arch-tests (modules/tee/tf-m/psa-arch-tests):
2025-12-16T12:34:57.7456487Z --- psa-arch-tests: initializing
2025-12-16T12:34:57.7478021Z Initialized empty Git repository in /tmp/zmk-config/modules/tee/tf-m/psa-arch-tests/.git/
2025-12-16T12:34:57.7514702Z --- psa-arch-tests: fetching, need revision 2cadb02a72eacda7042505dcbdd492371e8ce024
2025-12-16T12:34:58.2477736Z From https://github.com/zephyrproject-rtos/psa-arch-tests
2025-12-16T12:34:58.2478540Z  * [new branch]      zephyr_psa-arch-tests_v1.6 -> refs/west/zephyr_psa-arch-tests_v1.6
2025-12-16T12:34:58.2479337Z  * [new tag]         zephyr_psa-arch-tests_v1.6_tf-m_v2.2.0 -> zephyr_psa-arch-tests_v1.6_tf-m_v2.2.0
2025-12-16T12:34:59.5932797Z HEAD is now at 2cadb02 Merge pull request #10 from mswarowsky/tfm_20_upmerge
2025-12-16T12:34:59.6507283Z HEAD is now at 2cadb02 Merge pull request #10 from mswarowsky/tfm_20_upmerge
2025-12-16T12:34:59.6512264Z === updating sof (modules/audio/sof):
2025-12-16T12:34:59.6512705Z --- sof: initializing
2025-12-16T12:34:59.6548963Z Initialized empty Git repository in /tmp/zmk-config/modules/audio/sof/.git/
2025-12-16T12:34:59.6584326Z --- sof: fetching, need revision bc08c9c606324cfba0c104f4ffaf5dd456cb11d6
2025-12-16T12:35:02.7955798Z From https://github.com/zephyrproject-rtos/sof
2025-12-16T12:35:02.7956643Z  * [new branch]      CAVS_LPRO_ONLY          -> refs/west/CAVS_LPRO_ONLY
2025-12-16T12:35:02.7957459Z  * [new branch]      llext-segment           -> refs/west/llext-segment
2025-12-16T12:35:02.7958239Z  * [new branch]      zephyr                  -> refs/west/zephyr
2025-12-16T12:35:02.7960088Z  * [new branch]      zephyr-20220914         -> refs/west/zephyr-20220914
2025-12-16T12:35:02.7962178Z  * [new branch]      zephyr-20230807         -> refs/west/zephyr-20230807
2025-12-16T12:35:02.7964503Z  * [new branch]      zephyr-20240122         -> refs/west/zephyr-20240122
2025-12-16T12:35:02.7966577Z  * [new branch]      zephyr-20240604         -> refs/west/zephyr-20240604
2025-12-16T12:35:02.7968356Z  * [new branch]      zephyr-20241014         -> refs/west/zephyr-20241014
2025-12-16T12:35:02.7970328Z  * [new branch]      zephyr-20241203-branch  -> refs/west/zephyr-20241203-branch
2025-12-16T12:35:02.7972414Z  * [new branch]      zephyr-3.7              -> refs/west/zephyr-3.7
2025-12-16T12:35:02.7974639Z  * [new branch]      zephyr-v2.6             -> refs/west/zephyr-v2.6
2025-12-16T12:35:02.7976986Z  * [new branch]      zephyr-v3.0             -> refs/west/zephyr-v3.0
2025-12-16T12:35:02.7978361Z  * [new branch]      zephyr_06042023         -> refs/west/zephyr_06042023
2025-12-16T12:35:02.7981103Z  * [new branch]      zephyr_wip              -> refs/west/zephyr_wip
2025-12-16T12:35:02.7981838Z  * [new branch]      zephyr_wip2             -> refs/west/zephyr_wip2
2025-12-16T12:35:02.7994022Z  * [new tag]         0ead9e7                 -> 0ead9e7
2025-12-16T12:35:02.7995777Z  * [new tag]         1.0.0                   -> 1.0.0
2025-12-16T12:35:02.7997621Z  * [new tag]         1.0.1                   -> 1.0.1
2025-12-16T12:35:02.7999318Z  * [new tag]         1.0.5                   -> 1.0.5
2025-12-16T12:35:02.8001382Z  * [new tag]         M1.5                    -> M1.5
2025-12-16T12:35:02.8002739Z  * [new tag]         M2                      -> M2
2025-12-16T12:35:02.8004763Z  * [new tag]         post_processing_v1      -> post_processing_v1
2025-12-16T12:35:02.8007651Z  * [new tag]         releases/cnl/v1.0       -> releases/cnl/v1.0
2025-12-16T12:35:02.8010033Z  * [new tag]         releases/glk/v1.0       -> releases/glk/v1.0
2025-12-16T12:35:02.8012256Z  * [new tag]         releases/glk/v1.1       -> releases/glk/v1.1
2025-12-16T12:35:02.8014674Z  * [new tag]         releases/glk/v12.0      -> releases/glk/v12.0
2025-12-16T12:35:02.8015652Z  * [new tag]         releases/glk/v12.1      -> releases/glk/v12.1
2025-12-16T12:35:02.8017743Z  * [new tag]         releases/glk/v2.0       -> releases/glk/v2.0
2025-12-16T12:35:02.8019200Z  * [new tag]         releases/glk/v3.0       -> releases/glk/v3.0
2025-12-16T12:35:02.8020998Z  * [new tag]         releases/glk/v4.0       -> releases/glk/v4.0
2025-12-16T12:35:02.8023435Z  * [new tag]         releases/glk/v5.0       -> releases/glk/v5.0
2025-12-16T12:35:02.8025653Z  * [new tag]         releases/gp2.0/alpha    -> releases/gp2.0/alpha
2025-12-16T12:35:02.8027396Z  * [new tag]         releases/gp2.0/preAlpha -> releases/gp2.0/preAlpha
2025-12-16T12:35:02.8030025Z  * [new tag]         releases/icl/v1.0       -> releases/icl/v1.0
2025-12-16T12:35:02.8032499Z  * [new tag]         releases/jsl/v3.0       -> releases/jsl/v3.0
2025-12-16T12:35:02.8034968Z  * [new tag]         releases/jsl/v3.0-rc1   -> releases/jsl/v3.0-rc1
2025-12-16T12:35:02.8036396Z  * [new tag]         releases/jsl/v3.0-rc2   -> releases/jsl/v3.0-rc2
2025-12-16T12:35:02.8038811Z  * [new tag]         releases/jsl/v4.0       -> releases/jsl/v4.0
2025-12-16T12:35:02.8040592Z  * [new tag]         releases/jsl/v4.0-rc1   -> releases/jsl/v4.0-rc1
2025-12-16T12:35:02.8042517Z  * [new tag]         releases/jsl/v4.0-rc2   -> releases/jsl/v4.0-rc2
2025-12-16T12:35:02.8045105Z  * [new tag]         releases/tgl/v1.0       -> releases/tgl/v1.0
2025-12-16T12:35:02.8046849Z  * [new tag]         releases/tgl/v10.0      -> releases/tgl/v10.0
2025-12-16T12:35:02.8048865Z  * [new tag]         releases/tgl/v10.0-rc1  -> releases/tgl/v10.0-rc1
2025-12-16T12:35:02.8050987Z  * [new tag]         releases/tgl/v11.0-rc1  -> releases/tgl/v11.0-rc1
2025-12-16T12:35:02.8053004Z  * [new tag]         releases/tgl/v11.0-rc2  -> releases/tgl/v11.0-rc2
2025-12-16T12:35:02.8055041Z  * [new tag]         releases/tgl/v11.0-rc3  -> releases/tgl/v11.0-rc3
2025-12-16T12:35:02.8057225Z  * [new tag]         releases/tgl/v11.0-rc4  -> releases/tgl/v11.0-rc4
2025-12-16T12:35:02.8059050Z  * [new tag]         releases/tgl/v7.0       -> releases/tgl/v7.0
2025-12-16T12:35:02.8060909Z  * [new tag]         releases/tgl/v7.0-rc1   -> releases/tgl/v7.0-rc1
2025-12-16T12:35:02.8063210Z  * [new tag]         releases/tgl/v7.0-rc10  -> releases/tgl/v7.0-rc10
2025-12-16T12:35:02.8064746Z  * [new tag]         releases/tgl/v7.0-rc2   -> releases/tgl/v7.0-rc2
2025-12-16T12:35:02.8066949Z  * [new tag]         releases/tgl/v7.0-rc3   -> releases/tgl/v7.0-rc3
2025-12-16T12:35:02.8069035Z  * [new tag]         releases/tgl/v7.0-rc4   -> releases/tgl/v7.0-rc4
2025-12-16T12:35:02.8071189Z  * [new tag]         releases/tgl/v7.0-rc5   -> releases/tgl/v7.0-rc5
2025-12-16T12:35:02.8073135Z  * [new tag]         releases/tgl/v7.0-rc6   -> releases/tgl/v7.0-rc6
2025-12-16T12:35:02.8075042Z  * [new tag]         releases/tgl/v7.0-rc7   -> releases/tgl/v7.0-rc7
2025-12-16T12:35:02.8077193Z  * [new tag]         releases/tgl/v7.0-rc8   -> releases/tgl/v7.0-rc8
2025-12-16T12:35:02.8078688Z  * [new tag]         releases/tgl/v7.0-rc9   -> releases/tgl/v7.0-rc9
2025-12-16T12:35:02.8080736Z  * [new tag]         releases/tgl/v8.0       -> releases/tgl/v8.0
2025-12-16T12:35:02.8083199Z  * [new tag]         releases/whl/v1.0       -> releases/whl/v1.0
2025-12-16T12:35:02.8085052Z  * [new tag]         sof-zephyr-06042023     -> sof-zephyr-06042023
2025-12-16T12:35:02.8086838Z  * [new tag]         v0.1                    -> v0.1
2025-12-16T12:35:02.8088754Z  * [new tag]         v0.9                    -> v0.9
2025-12-16T12:35:02.8090669Z  * [new tag]         v0.9.1                  -> v0.9.1
2025-12-16T12:35:02.8092758Z  * [new tag]         v0.9.1-rc1              -> v0.9.1-rc1
2025-12-16T12:35:02.8094784Z  * [new tag]         v0.9.1-rc2              -> v0.9.1-rc2
2025-12-16T12:35:02.8095923Z  * [new tag]         v0.9.1-rc3              -> v0.9.1-rc3
2025-12-16T12:35:02.8098071Z  * [new tag]         v0.9.5                  -> v0.9.5
2025-12-16T12:35:02.8099786Z  * [new tag]         v0.9.5-rc1              -> v0.9.5-rc1
2025-12-16T12:35:02.8101938Z  * [new tag]         v0.9.5-rc2              -> v0.9.5-rc2
2025-12-16T12:35:02.8103078Z  * [new tag]         v1.0                    -> v1.0
2025-12-16T12:35:02.8105137Z  * [new tag]         v1.0-rc1                -> v1.0-rc1
2025-12-16T12:35:02.8107339Z  * [new tag]         v1.0-rc2                -> v1.0-rc2
2025-12-16T12:35:02.8108900Z  * [new tag]         v1.0-rc3                -> v1.0-rc3
2025-12-16T12:35:02.8110935Z  * [new tag]         v1.0.1                  -> v1.0.1
2025-12-16T12:35:02.8112497Z  * [new tag]         v1.0.2                  -> v1.0.2
2025-12-16T12:35:02.8114269Z  * [new tag]         v1.1                    -> v1.1
2025-12-16T12:35:02.8116228Z  * [new tag]         v1.1-rc1                -> v1.1-rc1
2025-12-16T12:35:02.8117398Z  * [new tag]         v1.1-rc2                -> v1.1-rc2
2025-12-16T12:35:02.8119149Z  * [new tag]         v1.1-rc3                -> v1.1-rc3
2025-12-16T12:35:02.8120736Z  * [new tag]         v1.2                    -> v1.2
2025-12-16T12:35:02.8122615Z  * [new tag]         v1.2-rc1                -> v1.2-rc1
2025-12-16T12:35:02.8124244Z  * [new tag]         v1.2-rc2                -> v1.2-rc2
2025-12-16T12:35:02.8125912Z  * [new tag]         v1.3                    -> v1.3
2025-12-16T12:35:02.8127628Z  * [new tag]         v1.3-rc1                -> v1.3-rc1
2025-12-16T12:35:02.8129267Z  * [new tag]         v1.3-rc2                -> v1.3-rc2
2025-12-16T12:35:02.8130893Z  * [new tag]         v1.3-rc3                -> v1.3-rc3
2025-12-16T12:35:02.8132928Z  * [new tag]         v1.3.1                  -> v1.3.1
2025-12-16T12:35:02.8134577Z  * [new tag]         v1.4                    -> v1.4
2025-12-16T12:35:02.8136302Z  * [new tag]         v1.4-rc1                -> v1.4-rc1
2025-12-16T12:35:02.8137789Z  * [new tag]         v1.4.1                  -> v1.4.1
2025-12-16T12:35:02.8139563Z  * [new tag]         v1.4.2                  -> v1.4.2
2025-12-16T12:35:02.8141144Z  * [new tag]         v1.4.3                  -> v1.4.3
2025-12-16T12:35:02.8143001Z  * [new tag]         v1.5                    -> v1.5
2025-12-16T12:35:02.8144762Z  * [new tag]         v1.5-rc1                -> v1.5-rc1
2025-12-16T12:35:02.8146481Z  * [new tag]         v1.5-rc2                -> v1.5-rc2
2025-12-16T12:35:02.8148001Z  * [new tag]         v1.5-rc3                -> v1.5-rc3
2025-12-16T12:35:02.8149677Z  * [new tag]         v1.5-rc4                -> v1.5-rc4
2025-12-16T12:35:02.8151350Z  * [new tag]         v1.5-rc5                -> v1.5-rc5
2025-12-16T12:35:02.8153240Z  * [new tag]         v1.5.1                  -> v1.5.1
2025-12-16T12:35:02.8154879Z  * [new tag]         v1.6                    -> v1.6
2025-12-16T12:35:02.8156592Z  * [new tag]         v1.6-rc1                -> v1.6-rc1
2025-12-16T12:35:02.8158321Z  * [new tag]         v1.6-rc2                -> v1.6-rc2
2025-12-16T12:35:02.8159998Z  * [new tag]         v1.6-rc3                -> v1.6-rc3
2025-12-16T12:35:02.8161885Z  * [new tag]         v1.6.1                  -> v1.6.1
2025-12-16T12:35:02.8163964Z  * [new tag]         zephyr-20220412.1       -> zephyr-20220412.1
2025-12-16T12:35:02.8165712Z  * [new tag]         zephyr-20230807         -> zephyr-20230807
2025-12-16T12:35:02.8167543Z  * [new tag]         zephyr-20240122         -> zephyr-20240122
2025-12-16T12:35:02.8169091Z  * [new tag]         zephyr-20240807         -> zephyr-20240807
2025-12-16T12:35:02.8170911Z  * [new tag]         zephyr-20241203         -> zephyr-20241203
2025-12-16T12:35:02.8173175Z  * [new tag]         zephyr-20250728         -> zephyr-20250728
2025-12-16T12:35:04.9243354Z HEAD is now at bc08c9c6 app: zephyr still requires cmake version 3.20.0
2025-12-16T12:35:05.0421091Z HEAD is now at bc08c9c6 app: zephyr still requires cmake version 3.20.0
2025-12-16T12:35:05.0426653Z === updating tf-m-tests (modules/tee/tf-m/tf-m-tests):
2025-12-16T12:35:05.0427204Z --- tf-m-tests: initializing
2025-12-16T12:35:05.0463502Z Initialized empty Git repository in /tmp/zmk-config/modules/tee/tf-m/tf-m-tests/.git/
2025-12-16T12:35:05.0519897Z --- tf-m-tests: fetching, need revision 502ea90105ee18f20c78f710e2ba2ded0fc0756e
2025-12-16T12:35:05.6004207Z From https://github.com/zephyrproject-rtos/tf-m-tests
2025-12-16T12:35:05.6004897Z  * [new branch]      v3.7-branch              -> refs/west/v3.7-branch
2025-12-16T12:35:05.6005682Z  * [new branch]      zephyr_tf-m-tests_v2.2.2 -> refs/west/zephyr_tf-m-tests_v2.2.2
2025-12-16T12:35:05.6007057Z  * [new tag]         zephyr_tf-m-tests_v2.2.0 -> zephyr_tf-m-tests_v2.2.0
2025-12-16T12:35:06.7615174Z HEAD is now at 502ea90 Merge pull request #11 from tomi-font/update_2.1.1
2025-12-16T12:35:06.8087247Z HEAD is now at 502ea90 Merge pull request #11 from tomi-font/update_2.1.1
2025-12-16T12:35:06.8092224Z === updating tflite-micro (optional/modules/lib/tflite-micro):
2025-12-16T12:35:06.8092900Z --- tflite-micro: initializing
2025-12-16T12:35:06.8128857Z Initialized empty Git repository in /tmp/zmk-config/optional/modules/lib/tflite-micro/.git/
2025-12-16T12:35:06.8163632Z --- tflite-micro: fetching, need revision 8d404de73acf7687831e16d88e86e4f73cfddf8e
2025-12-16T12:35:07.4616020Z From https://github.com/zephyrproject-rtos/tflite-micro
2025-12-16T12:35:07.4616667Z  * [new branch]      main             -> refs/west/main
2025-12-16T12:35:07.4617605Z  * [new branch]      zephyr           -> refs/west/zephyr
2025-12-16T12:35:07.4618499Z  * [new branch]      zephyr-v3.6.0    -> refs/west/zephyr-v3.6.0
2025-12-16T12:35:07.4620991Z  * [new branch]      zephyr-v4.1.0    -> refs/west/zephyr-v4.1.0
2025-12-16T12:35:07.4622966Z  * [new tag]         zephyr_202108023 -> zephyr_202108023
2025-12-16T12:35:07.4625003Z  * [new tag]         zephyr_20230809  -> zephyr_20230809
2025-12-16T12:35:07.4626535Z  * [new tag]         zephyr_20240627  -> zephyr_20240627
2025-12-16T12:35:09.2440863Z HEAD is now at 8d404de third_party_static: exported
2025-12-16T12:35:09.3645960Z HEAD is now at 8d404de third_party_static: exported
2025-12-16T12:35:09.3650751Z === updating thrift (optional/modules/lib/thrift):
2025-12-16T12:35:09.3651613Z --- thrift: initializing
2025-12-16T12:35:09.3687106Z Initialized empty Git repository in /tmp/zmk-config/optional/modules/lib/thrift/.git/
2025-12-16T12:35:09.3721120Z --- thrift: fetching, need revision 10023645a0e6cb7ce23fcd7fd3dbac9f18df6234
2025-12-16T12:35:10.0771712Z From https://github.com/zephyrproject-rtos/thrift
2025-12-16T12:35:10.0773618Z  * [new branch]      add-zephyr-module-dir -> refs/west/add-zephyr-module-dir
2025-12-16T12:35:10.0776805Z  * [new branch]      master                -> refs/west/master
2025-12-16T12:35:10.0777629Z  * [new branch]      update-zephyr-to-thrift-0.20.0 -> refs/west/update-zephyr-to-thrift-0.20.0
2025-12-16T12:35:10.0778407Z  * [new branch]      zephyr                -> refs/west/zephyr
2025-12-16T12:35:12.1521543Z HEAD is now at 1002364 Merge pull request #1 from zephyrproject-rtos/add-zephyr-module-dir
2025-12-16T12:35:12.2801851Z HEAD is now at 1002364 Merge pull request #1 from zephyrproject-rtos/add-zephyr-module-dir
2025-12-16T12:35:12.2810785Z === updating zephyr-lang-rust (modules/lang/rust):
2025-12-16T12:35:12.2811394Z --- zephyr-lang-rust: initializing
2025-12-16T12:35:12.2847629Z Initialized empty Git repository in /tmp/zmk-config/modules/lang/rust/.git/
2025-12-16T12:35:12.2882347Z --- zephyr-lang-rust: fetching, need revision 37dc7fac3fb0372bc0e78e022bef87fcce68c48d
2025-12-16T12:35:12.7870124Z From https://github.com/zephyrproject-rtos/zephyr-lang-rust
2025-12-16T12:35:12.7870978Z  * [new branch]      atomic-objects       -> refs/west/atomic-objects
2025-12-16T12:35:12.7872550Z  * [new branch]      bounded              -> refs/west/bounded
2025-12-16T12:35:12.7873521Z  * [new branch]      build                -> refs/west/build
2025-12-16T12:35:12.7874808Z  * [new branch]      clippy               -> refs/west/clippy
2025-12-16T12:35:12.7876771Z  * [new branch]      critical             -> refs/west/critical
2025-12-16T12:35:12.7879297Z  * [new branch]      deprecate-old-async  -> refs/west/deprecate-old-async
2025-12-16T12:35:12.7881225Z  * [new branch]      doc-update           -> refs/west/doc-update
2025-12-16T12:35:12.7883331Z  * [new branch]      dt                   -> refs/west/dt
2025-12-16T12:35:12.7885631Z  * [new branch]      fix-ci               -> refs/west/fix-ci
2025-12-16T12:35:12.7887228Z  * [new branch]      fix-gpio             -> refs/west/fix-gpio
2025-12-16T12:35:12.7889599Z  * [new branch]      fix-ra4mq            -> refs/west/fix-ra4mq
2025-12-16T12:35:12.7891460Z  * [new branch]      fix-zeros            -> refs/west/fix-zeros
2025-12-16T12:35:12.7893606Z  * [new branch]      fix101               -> refs/west/fix101
2025-12-16T12:35:12.7895715Z  * [new branch]      fixdocpush           -> refs/west/fixdocpush
2025-12-16T12:35:12.7897661Z  * [new branch]      fmt                  -> refs/west/fmt
2025-12-16T12:35:12.7900258Z  * [new branch]      for-4.0              -> refs/west/for-4.0
2025-12-16T12:35:12.7902375Z  * [new branch]      hack                 -> refs/west/hack
2025-12-16T12:35:12.7904412Z  * [new branch]      i2c                  -> refs/west/i2c
2025-12-16T12:35:12.7906595Z  * [new branch]      kobj                 -> refs/west/kobj
2025-12-16T12:35:12.7908778Z  * [new branch]      lock-cargo           -> refs/west/lock-cargo
2025-12-16T12:35:12.7910572Z  * [new branch]      main                 -> refs/west/main
2025-12-16T12:35:12.7913070Z  * [new branch]      notoken              -> refs/west/notoken
2025-12-16T12:35:12.7915168Z  * [new branch]      onelabels            -> refs/west/onelabels
2025-12-16T12:35:12.7916868Z  * [new branch]      phil-timeout         -> refs/west/phil-timeout
2025-12-16T12:35:12.7918970Z  * [new branch]      reldebug             -> refs/west/reldebug
2025-12-16T12:35:12.7921299Z  * [new branch]      tasks                -> refs/west/tasks
2025-12-16T12:35:12.7923402Z  * [new branch]      test132              -> refs/west/test132
2025-12-16T12:35:12.7925435Z  * [new branch]      thread               -> refs/west/thread
2025-12-16T12:35:12.7927548Z  * [new branch]      time                 -> refs/west/time
2025-12-16T12:35:12.7929609Z  * [new branch]      v4.0-branch          -> refs/west/v4.0-branch
2025-12-16T12:35:12.7931749Z  * [new branch]      v4.1-branch          -> refs/west/v4.1-branch
2025-12-16T12:35:12.7933947Z  * [new branch]      work                 -> refs/west/work
2025-12-16T12:35:12.7936104Z  * [new branch]      workq-init           -> refs/west/workq-init
2025-12-16T12:35:12.7938361Z  * [new branch]      zephyr-setup-failure -> refs/west/zephyr-setup-failure
2025-12-16T12:35:13.6032266Z HEAD is now at 37dc7fa zephyr: printk: Use proper type for `c_char`
2025-12-16T12:35:13.6113769Z HEAD is now at 37dc7fa zephyr: printk: Use proper type for `c_char`
2025-12-16T12:35:13.6118134Z === updating zscilib (modules/lib/zscilib):
2025-12-16T12:35:13.6118683Z --- zscilib: initializing
2025-12-16T12:35:13.6152270Z Initialized empty Git repository in /tmp/zmk-config/modules/lib/zscilib/.git/
2025-12-16T12:35:13.6185882Z --- zscilib: fetching, need revision ee1b287d9dd07208d2cc52284240ac25bb66eae3
2025-12-16T12:35:14.0945001Z From https://github.com/zephyrproject-rtos/zscilib
2025-12-16T12:35:14.0945839Z  * [new branch]      gh-pages   -> refs/west/gh-pages
2025-12-16T12:35:14.0946425Z  * [new branch]      master     -> refs/west/master
2025-12-16T12:35:14.0947470Z  * [new branch]      revert-38-fix_zephyr_3_1 -> refs/west/revert-38-fix_zephyr_3_1
2025-12-16T12:35:14.0949427Z  * [new tag]         v0.2.0-rc1 -> v0.2.0-rc1
2025-12-16T12:35:14.9748416Z HEAD is now at ee1b287 samples/tests: Update for hwmv2 board names
2025-12-16T12:35:14.9889210Z HEAD is now at ee1b287 samples/tests: Update for hwmv2 board names
2025-12-16T12:35:14.9892707Z === updating acpica (modules/lib/acpica):
2025-12-16T12:35:16.0996558Z Previous HEAD position was 0333c2af os_specific: zephyr: add generic platform support
2025-12-16T12:35:16.1000272Z HEAD is now at 8d24867b Merge pull request #5 from dcpleung/kernel/mm_z_phys_map_unmap_rename
2025-12-16T12:35:16.1008179Z === updating cmsis (modules/hal/cmsis):
2025-12-16T12:35:16.8759625Z Previous HEAD position was 5a00331 remove cmsis-dsp and cmsis-nn
2025-12-16T12:35:16.8764369Z HEAD is now at d1b8b20 Backport CMSIS_6#102 to CMSIS 5.9.0
2025-12-16T12:35:16.8770055Z === updating cmsis-dsp (modules/lib/cmsis-dsp):
2025-12-16T12:35:19.0603543Z Warning: you are leaving 20 commits behind, not connected to
2025-12-16T12:35:19.0604136Z any of your branches:
2025-12-16T12:35:19.0604359Z 
2025-12-16T12:35:19.0604639Z   ff7b5fd compute Library: fix inline function that is not static
2025-12-16T12:35:19.0605393Z   e7b3071 do not generate warnings when scalar functions are used with MVE
2025-12-16T12:35:19.0606078Z   a633ec4 add zephyr/module.yml
2025-12-16T12:35:19.0606862Z   56c40ed Fix pragma clang warning with gcc
2025-12-16T12:35:19.0607292Z  ... and 16 more.
2025-12-16T12:35:19.0607483Z 
2025-12-16T12:35:19.0607772Z If you want to keep them by creating a new branch, this may be a good time
2025-12-16T12:35:19.0608356Z to do so with:
2025-12-16T12:35:19.0608530Z 
2025-12-16T12:35:19.0608687Z  git branch <new-branch-name> ff7b5fd
2025-12-16T12:35:19.0608955Z 
2025-12-16T12:35:19.0609373Z HEAD is now at d80a49b do not generate warnings when scalar functions are used with MVE
2025-12-16T12:35:19.0620986Z === updating cmsis-nn (modules/lib/cmsis-nn):
2025-12-16T12:35:20.4356887Z Warning: you are leaving 2 commits behind, not connected to
2025-12-16T12:35:20.4357352Z any of your branches:
2025-12-16T12:35:20.4357561Z 
2025-12-16T12:35:20.4357771Z   0c8669d Merge pull request #1 from XenuIsWatching/zephyr
2025-12-16T12:35:20.4358197Z   eb02f1b cmsis-nn: add cmsis-nn as a zephyr module
2025-12-16T12:35:20.4358449Z 
2025-12-16T12:35:20.4358700Z If you want to keep them by creating a new branch, this may be a good time
2025-12-16T12:35:20.4359478Z to do so with:
2025-12-16T12:35:20.4359711Z 
2025-12-16T12:35:20.4359893Z  git branch <new-branch-name> 0c8669d
2025-12-16T12:35:20.4360167Z 
2025-12-16T12:35:20.4360406Z HEAD is now at e9328d6 manifest: zephyr module file
2025-12-16T12:35:20.4369611Z === updating cmsis_6 (modules/lib/cmsis_6):
2025-12-16T12:35:20.4370219Z --- cmsis_6: initializing
2025-12-16T12:35:20.4408540Z Initialized empty Git repository in /tmp/zmk-config/modules/lib/cmsis_6/.git/
2025-12-16T12:35:20.4444504Z --- cmsis_6: fetching, need revision 783317a3072554acbac86cca2ff24928cbf98d30
2025-12-16T12:35:21.0810149Z From https://github.com/zephyrproject-rtos/CMSIS_6
2025-12-16T12:35:21.0810822Z  * [new branch]      main        -> refs/west/main
2025-12-16T12:35:21.0812332Z  * [new branch]      stable-pre-4.3.0-release -> refs/west/stable-pre-4.3.0-release
2025-12-16T12:35:21.0814444Z  * [new branch]      upstream    -> refs/west/upstream
2025-12-16T12:35:21.0815042Z  * [new branch]      v4.3-branch -> refs/west/v4.3-branch
2025-12-16T12:35:22.6332852Z HEAD is now at 783317a TZ applications can be secure-only (#204)
2025-12-16T12:35:22.7030937Z HEAD is now at 783317a TZ applications can be secure-only (#204)
2025-12-16T12:35:22.7035406Z === updating fatfs (modules/fs/fatfs):
2025-12-16T12:35:23.4459587Z Previous HEAD position was 427159b zephyr: fix ffconf.h override use of STRINGIZE
2025-12-16T12:35:23.4462748Z HEAD is now at 16245c7 fs: Update driver to version 0.15a
2025-12-16T12:35:23.4468692Z === updating hal_adi (modules/hal/adi):
2025-12-16T12:35:23.4469267Z --- hal_adi: initializing
2025-12-16T12:35:23.4503979Z Initialized empty Git repository in /tmp/zmk-config/modules/hal/adi/.git/
2025-12-16T12:35:23.4540733Z --- hal_adi: fetching, need revision 633fcecf3717aaa22079cf6121627a879f24df51
2025-12-16T12:35:23.9808548Z From https://github.com/zephyrproject-rtos/hal_adi
2025-12-16T12:35:23.9811158Z  * [new branch]      main        -> refs/west/main
2025-12-16T12:35:23.9811638Z  * [new branch]      msdk-export -> refs/west/msdk-export
2025-12-16T12:35:26.5978490Z HEAD is now at 633fcec fix(Other): Fix typo with `#include <max32660.h>` in Zephyr wrapper (#1276)
2025-12-16T12:35:26.7399254Z HEAD is now at 633fcec fix(Other): Fix typo with `#include <max32660.h>` in Zephyr wrapper (#1276)
2025-12-16T12:35:26.7404408Z === updating hal_ambiq (modules/hal/ambiq):
2025-12-16T12:35:28.3221649Z Previous HEAD position was 0a7c993 modules: hal_ambiq: Add Ambiq Apollo4 Blue Plus SoC
2025-12-16T12:35:28.3225843Z HEAD is now at 87a188b hal: ambiq: add apollo3x BT controller deinitialization API.
2025-12-16T12:35:28.3236508Z === updating hal_atmel (modules/hal/atmel):
2025-12-16T12:35:29.6561831Z Previous HEAD position was 5ab4300 Remove LITTLE_ENDIAN and __LITTLE_ENDIAN defines
2025-12-16T12:35:29.6566197Z HEAD is now at da76744 samr35: dac: Rename EMPTY bit-fields to avoid name collision.
2025-12-16T12:35:29.6577456Z === updating hal_espressif (modules/hal/espressif):
2025-12-16T12:35:34.4167677Z Warning: you are leaving 4679 commits behind, not connected to
2025-12-16T12:35:34.4168330Z any of your branches:
2025-12-16T12:35:34.4168505Z 
2025-12-16T12:35:34.4168659Z   31fc5758 random: rename header file as in Zephyr.
2025-12-16T12:35:34.4169207Z   b91c8060 esp32s3: update bootloader to enable all flash memory ranges
2025-12-16T12:35:34.4169682Z   63f8c4b6 zephyr: Use CONFIG_MP_MAX_NUM_CPUS
2025-12-16T12:35:34.4170045Z   63506397 esptool: Pad sections to account for alignment
2025-12-16T12:35:34.4170358Z  ... and 4675 more.
2025-12-16T12:35:34.4170475Z 
2025-12-16T12:35:34.4170667Z If you want to keep them by creating a new branch, this may be a good time
2025-12-16T12:35:34.4171019Z to do so with:
2025-12-16T12:35:34.4171137Z 
2025-12-16T12:35:34.4171235Z  git branch <new-branch-name> 31fc5758
2025-12-16T12:35:34.4171416Z 
2025-12-16T12:35:34.4176445Z HEAD is now at 202c5955 cache: get cpu id from register
2025-12-16T12:35:34.4206296Z === updating hal_ethos_u (modules/hal/ethos_u):
2025-12-16T12:35:35.1769048Z Previous HEAD position was 90ada2e Clarify README regarding CPU choice
2025-12-16T12:35:35.1772820Z HEAD is now at 50ddffc Cache optimizations
2025-12-16T12:35:35.1778717Z === updating hal_gigadevice (modules/hal/gigadevice):
2025-12-16T12:35:35.2369698Z HEAD is now at 2994b7d README.md: add pllmf and pack exception for gd32a50x
2025-12-16T12:35:35.2374734Z === updating hal_intel (modules/hal/intel):
2025-12-16T12:35:35.9651831Z Previous HEAD position was b3b43d4 pm: fix handling reset prep in incorrect place
2025-12-16T12:35:35.9656135Z HEAD is now at 0355bb8 pm: add support for ptl ish d0i2/ipapg
2025-12-16T12:35:35.9661671Z === updating hal_nordic (modules/hal/nordic):
2025-12-16T12:35:44.9064640Z Previous HEAD position was 884c4d6 nrfx: Update to version 3.6.0
2025-12-16T12:35:44.9069693Z HEAD is now at 37ca068 drivers: nrfx_usbreg: clear USBPWRRDY event on initialization
2025-12-16T12:35:44.9117714Z === updating hal_nuvoton (modules/hal/nuvoton):
2025-12-16T12:35:46.0364298Z Previous HEAD position was 3e0a4c4 hal: NuMaker M46x: revise API name of M460 FMC erase bank
2025-12-16T12:35:46.0367372Z HEAD is now at 466c3ee hal: nuvoton: m2l31: fixed TRUE redefined warning
2025-12-16T12:35:46.0374761Z === updating hal_quicklogic (modules/hal/quicklogic):
2025-12-16T12:35:46.7197933Z Previous HEAD position was b3a66fe Remove references to FPGA IP core drivers
2025-12-16T12:35:46.7201458Z HEAD is now at bad8944 HAL: eoss3_dev: add missing `__cplusplus` handling
2025-12-16T12:35:46.7207459Z === updating hal_renesas (modules/hal/renesas):
2025-12-16T12:35:49.2853654Z Previous HEAD position was a6cf2af Remove dynamic memory allocation from PD code
2025-12-16T12:35:49.2857513Z HEAD is now at 3204903 hal: renesas: ra: Modify BSP_PRV_IELS_ENUM for build process
2025-12-16T12:35:49.2879052Z === updating hal_rpi_pico (modules/hal/rpi_pico):
2025-12-16T12:35:50.7076237Z Previous HEAD position was fba7162 Merge pull request #5 from soburi/zephyr_timer_modification
2025-12-16T12:35:50.7079606Z HEAD is now at 7b57b24 Merge pull request #8 from ajf58/merge-2.1.0
2025-12-16T12:35:50.7093057Z === updating hal_silabs (modules/hal/silabs):
2025-12-16T12:35:50.7093524Z --- hal_silabs: initializing
2025-12-16T12:35:50.7130141Z Initialized empty Git repository in /tmp/zmk-config/modules/hal/silabs/.git/
2025-12-16T12:35:50.7164911Z --- hal_silabs: fetching, need revision 8a173e9e566a396a19d18da4661cb54ce098f268
2025-12-16T12:35:51.2154944Z From https://github.com/zephyrproject-rtos/hal_silabs
2025-12-16T12:35:51.2155592Z  * [new branch]      main       -> refs/west/main
2025-12-16T12:35:56.8688459Z HEAD is now at 8a173e9 wiseconnect: Fix si91x_bus event during platform deinitialization
2025-12-16T12:35:57.5306787Z HEAD is now at 8a173e9 wiseconnect: Fix si91x_bus event during platform deinitialization
2025-12-16T12:35:57.5311495Z === updating hal_stm32 (modules/hal/stm32):
2025-12-16T12:36:09.9813156Z Previous HEAD position was 89ef0a3 stm32cube: stm32h5:  ethernet: PTP clock doesn’t works
2025-12-16T12:36:09.9813975Z HEAD is now at 55043bc stm32cube: common_ll: Regeneration after cube updates
2025-12-16T12:36:09.9898081Z === updating hal_tdk (modules/hal/tdk):
2025-12-16T12:36:09.9898527Z --- hal_tdk: initializing
2025-12-16T12:36:09.9934857Z Initialized empty Git repository in /tmp/zmk-config/modules/hal/tdk/.git/
2025-12-16T12:36:09.9969260Z --- hal_tdk: fetching, need revision 6727477af1e46fa43878102489b9672a9d24e39f
2025-12-16T12:36:10.3790504Z From https://github.com/zephyrproject-rtos/hal_tdk
2025-12-16T12:36:10.3791088Z  * [new branch]      main        -> refs/west/main
2025-12-16T12:36:10.3791600Z  * [new branch]      v4.2-branch -> refs/west/v4.2-branch
2025-12-16T12:36:11.1057864Z HEAD is now at 6727477 Merge pull request #8 from tdk-invn-oss/main
2025-12-16T12:36:11.1124271Z HEAD is now at 6727477 Merge pull request #8 from tdk-invn-oss/main
2025-12-16T12:36:11.1128075Z === updating hal_telink (modules/hal/telink):
2025-12-16T12:36:11.7224873Z Previous HEAD position was 38573af B91 ADC driver support
2025-12-16T12:36:11.7228736Z HEAD is now at 4226c7f drivers: Disable BLE support
2025-12-16T12:36:11.7234357Z === updating hal_wch (modules/hal/wch):
2025-12-16T12:36:11.7234822Z --- hal_wch: initializing
2025-12-16T12:36:11.7269766Z Initialized empty Git repository in /tmp/zmk-config/modules/hal/wch/.git/
2025-12-16T12:36:11.7304522Z --- hal_wch: fetching, need revision 1de9d3e406726702ce7cfc504509a02ecc463554
2025-12-16T12:36:12.1088736Z From https://github.com/zephyrproject-rtos/hal_wch
2025-12-16T12:36:12.1089439Z  * [new branch]      main       -> refs/west/main
2025-12-16T12:36:12.8183813Z HEAD is now at 1de9d3e Add hal_wch based on the 'ch32v003fun' project
2025-12-16T12:36:12.8254158Z HEAD is now at 1de9d3e Add hal_wch based on the 'ch32v003fun' project
2025-12-16T12:36:12.8257868Z === updating hal_wurthelektronik (modules/hal/wurthelektronik):
2025-12-16T12:36:13.5345392Z Previous HEAD position was 24ca987 Initialized WE HAL module repository.
2025-12-16T12:36:13.5349156Z HEAD is now at e3e2797 Remove preprocessor warnings for not enabling float
2025-12-16T12:36:13.5355593Z === updating hostap (modules/lib/hostap):
2025-12-16T12:36:13.5356072Z --- hostap: initializing
2025-12-16T12:36:13.5390645Z Initialized empty Git repository in /tmp/zmk-config/modules/lib/hostap/.git/
2025-12-16T12:36:13.5424543Z --- hostap: fetching, need revision 697fd2cf5cbbd0c5375fc34761b6a9d7489a67d2
2025-12-16T12:36:14.4087554Z From https://github.com/zephyrproject-rtos/hostap
2025-12-16T12:36:14.4088604Z  * [new branch]        main        -> refs/west/main
2025-12-16T12:36:14.4089317Z  * [new tag]           hostap_2_11 -> hostap_2_11
2025-12-16T12:36:16.9759909Z HEAD is now at 697fd2cf [noup] zephyr: Fix WPA3 connection issue
2025-12-16T12:36:17.0830674Z HEAD is now at 697fd2cf [noup] zephyr: Fix WPA3 connection issue
2025-12-16T12:36:17.0835730Z === updating liblc3 (modules/lib/liblc3):
2025-12-16T12:36:18.0716561Z Previous HEAD position was 448f3de Merge pull request #8 from carlescufi/rename
2025-12-16T12:36:18.0720568Z HEAD is now at 48bbd3e Rename lc3 python package to lc3py, and bump version to 1.1.2
2025-12-16T12:36:18.0728102Z === updating libmctp (modules/lib/libmctp):
2025-12-16T12:36:18.0728719Z --- libmctp: initializing
2025-12-16T12:36:18.0762971Z Initialized empty Git repository in /tmp/zmk-config/modules/lib/libmctp/.git/
2025-12-16T12:36:18.0797879Z --- libmctp: fetching, need revision b97860e78998551af99931ece149eeffc538bdb1
2025-12-16T12:36:18.7597765Z From https://github.com/zephyrproject-rtos/libmctp
2025-12-16T12:36:18.7598386Z  * [new branch]      master     -> refs/west/master
2025-12-16T12:36:18.7598894Z  * [new branch]      zephyr     -> refs/west/zephyr
2025-12-16T12:36:19.4869933Z HEAD is now at b97860e build MCTP zephyr library only when CONFIG_MCTP is enabled
2025-12-16T12:36:19.4935266Z HEAD is now at b97860e build MCTP zephyr library only when CONFIG_MCTP is enabled
2025-12-16T12:36:19.4939477Z === updating libmetal (modules/hal/libmetal):
2025-12-16T12:36:20.2161869Z Previous HEAD position was b91611a lib: update libmetal to release v2023.04.0
2025-12-16T12:36:20.2164946Z HEAD is now at 3e8781a lib: update libmetal to release v2024.10.0
2025-12-16T12:36:20.2170213Z === updating littlefs (modules/fs/littlefs):
2025-12-16T12:36:21.0638310Z Previous HEAD position was ca583fd Merge tag 'v2.5.0' of https://github.com/littlefs-project/littlefs into zephyr
2025-12-16T12:36:21.0641891Z HEAD is now at ed0531d Merge pull request #15 from Jappie3/zephyr
2025-12-16T12:36:21.0648315Z === updating mbedtls (modules/crypto/mbedtls):
2025-12-16T12:36:24.0181119Z Previous HEAD position was c38dc78d Merge pull request #44 from d3zd3z/zephyr-3.4.0
2025-12-16T12:36:24.0186021Z HEAD is now at 4952e132 psa: use static key slot buffers to store key material
2025-12-16T12:36:24.0198699Z === updating mipi-sys-t (modules/debug/mipi-sys-t):
2025-12-16T12:36:24.6328038Z Previous HEAD position was a819419 library: allow building without wchar support
2025-12-16T12:36:24.6332241Z HEAD is now at 33e5c23 Fix for warning of potential error using = instead of ==
2025-12-16T12:36:24.6337872Z === updating nrf_hw_models (modules/bsim_hw_models/nrf_hw_models):
2025-12-16T12:36:25.5862724Z Previous HEAD position was f459580 TEMP & ECB: Fix INTEN sideeffect prototypes
2025-12-16T12:36:25.5866375Z HEAD is now at 73a5d58 54 CCM: Fix UBSAN reported issue with zero size VLAs
2025-12-16T12:36:25.5872931Z === updating nrf_wifi (modules/lib/nrf_wifi):
2025-12-16T12:36:25.5873712Z --- nrf_wifi: initializing
2025-12-16T12:36:25.5909199Z Initialized empty Git repository in /tmp/zmk-config/modules/lib/nrf_wifi/.git/
2025-12-16T12:36:25.5943420Z --- nrf_wifi: fetching, need revision e35f707a782b7c4c0eb83a3b06ca4e6eb693f29f
2025-12-16T12:36:26.0314458Z From https://github.com/zephyrproject-rtos/nrf_wifi
2025-12-16T12:36:26.0315369Z  * [new branch]      fix_deinit_rx_race  -> refs/west/fix_deinit_rx_race
2025-12-16T12:36:26.0316209Z  * [new branch]      main                -> refs/west/main
2025-12-16T12:36:26.0317814Z  * [new branch]      ncs-v2.9-branch     -> refs/west/ncs-v2.9-branch
2025-12-16T12:36:26.0319518Z  * [new branch]      nrf70_bm_branch     -> refs/west/nrf70_bm_branch
2025-12-16T12:36:26.0321021Z  * [new branch]      twt_timeout_nrfwifi -> refs/west/twt_timeout_nrfwifi
2025-12-16T12:36:26.8784629Z HEAD is now at e35f707 Fix SoftAP mode compilation issues
2025-12-16T12:36:26.8892998Z HEAD is now at e35f707 Fix SoftAP mode compilation issues
2025-12-16T12:36:26.8896620Z === updating open-amp (modules/lib/open-amp):
2025-12-16T12:36:27.6546011Z Previous HEAD position was 42b7c57 cmake: Compile with WITH_DCACHE_RSC_TABLE
2025-12-16T12:36:27.6549398Z HEAD is now at 52bb178 lib: update open-amp lib to release v2024.10.0
2025-12-16T12:36:27.6554789Z === updating percepio (modules/debug/percepio):
2025-12-16T12:36:28.5504558Z Previous HEAD position was a3728ef Merge pull request #4 from peter-mitsis/pmitsis-k_mem_block
2025-12-16T12:36:28.5508257Z HEAD is now at 49e6dc2 Merge branch 'main' into zephyr
2025-12-16T12:36:28.5515122Z === updating picolibc (modules/lib/picolibc):
2025-12-16T12:36:30.8144777Z Previous HEAD position was d07c38ff Version 1.8.2
2025-12-16T12:36:30.8150721Z HEAD is now at 82d62ed1 zephyr: Disable LTO when building the library
2025-12-16T12:36:30.8185009Z === updating segger (modules/debug/segger):
2025-12-16T12:36:31.5308265Z Previous HEAD position was 9d01912 segger: config: RTT spinlock implementation
2025-12-16T12:36:31.5311315Z HEAD is now at cf56b1d readme: Add readme
2025-12-16T12:36:31.5317206Z === updating tinycrypt (modules/crypto/tinycrypt):
2025-12-16T12:36:32.1510984Z Previous HEAD position was 3e9a49d cmake: Fix conditional in root CMakeLists.txt
2025-12-16T12:36:32.1514989Z HEAD is now at 1012a3e Fix warnings reported by UBSAN
2025-12-16T12:36:32.1520605Z === updating trusted-firmware-a (modules/tee/tf-a/trusted-firmware-a):
2025-12-16T12:36:34.2456511Z Previous HEAD position was 421dc050 Merge pull request #3 from SgrrZhf/topics/huizha01/2.9.0-updates
2025-12-16T12:36:34.2460465Z HEAD is now at 713ffbf9 Merge pull request #4 from ceolin/v2.10.4
2025-12-16T12:36:34.2469509Z === updating uoscore-uedhoc (modules/lib/uoscore-uedhoc):
2025-12-16T12:36:35.1468084Z Previous HEAD position was 5fe2cb6 2.2.1
2025-12-16T12:36:35.1471710Z HEAD is now at 54abc10 Merge pull request #5 from rlubos/upmerge-02-2025
2025-12-16T12:36:35.1477479Z === updating zcbor (modules/lib/zcbor):
2025-12-16T12:36:35.9859276Z Previous HEAD position was 67fd8bb Update version from 0.6.99 to 0.7.0
2025-12-16T12:36:35.9863323Z HEAD is now at 9b07780 Update version to 0.9.1
2025-12-16T12:36:36.0119713Z ##[group]Run west zephyr-export
2025-12-16T12:36:36.0120018Z [36;1mwest zephyr-export[0m
2025-12-16T12:36:36.0120388Z shell: sh -e {0}
2025-12-16T12:36:36.0120565Z env:
2025-12-16T12:36:36.0120737Z   build_dir: /tmp/tmp.8JnLKsdeeY
2025-12-16T12:36:36.0120962Z   base_dir: /tmp/zmk-config
2025-12-16T12:36:36.0121171Z   zephyr_version: 4.1.0
2025-12-16T12:36:36.0121355Z   extra_west_args: 
2025-12-16T12:36:36.0121693Z   extra_cmake_args: -DSHIELD="nice_view" -DZMK_EXTRA_MODULES='/__w/zmk-config/zmk-config'
2025-12-16T12:36:36.0122492Z   display_name: nice_view - rec_corne_right
2025-12-16T12:36:36.0122775Z   artifact_name: nice_view-rec_corne_right-zmk
2025-12-16T12:36:36.0123079Z ##[endgroup]
2025-12-16T12:36:36.5547939Z Zephyr (/tmp/zmk-config/zephyr/share/zephyr-package/cmake)
2025-12-16T12:36:36.5548571Z has been added to the user package registry in:
2025-12-16T12:36:36.5548976Z ~/.cmake/packages/Zephyr
2025-12-16T12:36:36.5549120Z 
2025-12-16T12:36:36.8207196Z ZephyrUnittest (/tmp/zmk-config/zephyr/share/zephyrunittest-package/cmake)
2025-12-16T12:36:36.8207770Z has been added to the user package registry in:
2025-12-16T12:36:36.8208069Z ~/.cmake/packages/ZephyrUnittest
2025-12-16T12:36:36.8208227Z 
2025-12-16T12:36:36.8464412Z ##[group]Run west build -s zmk/app -d "/tmp/tmp.8JnLKsdeeY" -b "rec_corne_right"  -- -DZMK_CONFIG=/tmp/zmk-config/config -DSHIELD="nice_view" -DZMK_EXTRA_MODULES='/__w/zmk-config/zmk-config' 
2025-12-16T12:36:36.8465754Z [36;1mwest build -s zmk/app -d "/tmp/tmp.8JnLKsdeeY" -b "rec_corne_right"  -- -DZMK_CONFIG=/tmp/zmk-config/config -DSHIELD="nice_view" -DZMK_EXTRA_MODULES='/__w/zmk-config/zmk-config' [0m
2025-12-16T12:36:36.8466619Z shell: sh -x {0}
2025-12-16T12:36:36.8466815Z env:
2025-12-16T12:36:36.8467001Z   build_dir: /tmp/tmp.8JnLKsdeeY
2025-12-16T12:36:36.8467310Z   base_dir: /tmp/zmk-config
2025-12-16T12:36:36.8467524Z   zephyr_version: 4.1.0
2025-12-16T12:36:36.8467855Z   extra_west_args: 
2025-12-16T12:36:36.8468235Z   extra_cmake_args: -DSHIELD="nice_view" -DZMK_EXTRA_MODULES='/__w/zmk-config/zmk-config'
2025-12-16T12:36:36.8468632Z   display_name: nice_view - rec_corne_right
2025-12-16T12:36:36.8468909Z   artifact_name: nice_view-rec_corne_right-zmk
2025-12-16T12:36:36.8469188Z ##[endgroup]
2025-12-16T12:36:36.9518822Z + west build -s zmk/app -d /tmp/tmp.8JnLKsdeeY -b rec_corne_right -- -DZMK_CONFIG=/tmp/zmk-config/config -DSHIELD=nice_view -DZMK_EXTRA_MODULES=/__w/zmk-config/zmk-config
2025-12-16T12:36:37.1610558Z -- west build: generating a build system
2025-12-16T12:36:37.4348190Z Loading Zephyr default modules (Zephyr base).
2025-12-16T12:36:37.4349982Z -- Application: /tmp/zmk-config/zmk/app
2025-12-16T12:36:37.4350699Z -- CMake version: 3.31.6
2025-12-16T12:36:37.5450009Z -- Found Python3: /usr/bin/python3 (found suitable version "3.12.3", minimum required is "3.10") found components: Interpreter
2025-12-16T12:36:37.5571895Z -- Cache files will be written to: /tmp/zmk-config/zephyr/.cache
2025-12-16T12:36:37.5638147Z -- Zephyr version: 4.1.0 (/tmp/zmk-config/zephyr)
2025-12-16T12:36:37.6284159Z -- Found west (found suitable version "1.5.0", minimum required is "0.14.0")
2025-12-16T12:36:38.8745321Z -- Board: rec_corne_right
2025-12-16T12:36:38.9659822Z -- Shield(s): nice_view
2025-12-16T12:36:38.9965779Z Checking /tmp/zmk-config/rec_corne
2025-12-16T12:36:38.9966284Z Checking /__w/zmk-config/zmk-config
2025-12-16T12:36:38.9966712Z Checking /tmp/zmk-config/zmk/app
2025-12-16T12:36:38.9967130Z found /tmp/zmk-config/zmk/app
2025-12-16T12:36:38.9968801Z -- ZMK Config directory: /tmp/zmk-config/config
2025-12-16T12:36:38.9973581Z rec_corne_right for  for rec_corne_right with version 
2025-12-16T12:36:38.9974219Z -- ZMK Config Kconfig: /tmp/zmk-config/config/rec_corne.conf
2025-12-16T12:36:38.9975406Z -- Using keymap file: /tmp/zmk-config/config/rec_corne.keymap
2025-12-16T12:36:38.9976763Z -- Using keymap file: /tmp/zmk-config/config/rec_corne.keymap
2025-12-16T12:36:38.9978675Z Checking /tmp/zmk-config/zephyr
2025-12-16T12:36:39.1467599Z -- ZEPHYR_TOOLCHAIN_VARIANT not set, trying to locate Zephyr SDK
2025-12-16T12:36:39.1490908Z -- Found host-tools: zephyr 0.16.9 (/opt/zephyr-sdk-0.16.9)
2025-12-16T12:36:39.1504314Z -- Found toolchain: zephyr 0.16.9 (/opt/zephyr-sdk-0.16.9)
2025-12-16T12:36:39.1567554Z -- Found Dtc: /opt/zephyr-sdk-0.16.9/sysroots/x86_64-pokysdk-linux/usr/bin/dtc (found suitable version "1.6.0", minimum required is "1.4.6")
2025-12-16T12:36:39.1593370Z -- Found BOARD.dts: /__w/zmk-config/zmk-config/boards/arm/rec_corne/rec_corne_right.dts
2025-12-16T12:36:39.1594390Z -- Found devicetree overlay: /tmp/zmk-config/zmk/app/boards/shields/nice_view/nice_view.overlay
2025-12-16T12:36:39.1595308Z -- Found devicetree overlay: /tmp/zmk-config/config/rec_corne.keymap
2025-12-16T12:36:39.5804277Z 'label' is marked as deprecated in 'properties:' in /tmp/zmk-config/zmk/app/dts/bindings/behaviors/zmk,behavior-tap-dance.yaml for node /behaviors/parenthesis.
2025-12-16T12:36:39.5805983Z 'label' is marked as deprecated in 'properties:' in /tmp/zmk-config/zmk/app/dts/bindings/behaviors/zmk,behavior-tap-dance.yaml for node /behaviors/bracket.
2025-12-16T12:36:39.5807709Z 'label' is marked as deprecated in 'properties:' in /tmp/zmk-config/zmk/app/dts/bindings/behaviors/zmk,behavior-tap-dance.yaml for node /behaviors/brace.
2025-12-16T12:36:39.6118365Z -- Generated zephyr.dts: /tmp/tmp.8JnLKsdeeY/zephyr/zephyr.dts
2025-12-16T12:36:39.6119060Z -- Generated pickled edt: /tmp/tmp.8JnLKsdeeY/zephyr/edt.pickle
2025-12-16T12:36:39.7487258Z -- Generated devicetree_generated.h: /tmp/tmp.8JnLKsdeeY/zephyr/include/generated/zephyr/devicetree_generated.h
2025-12-16T12:36:40.1649842Z -- Including generated dts.cmake file: /tmp/tmp.8JnLKsdeeY/zephyr/dts.cmake
2025-12-16T12:36:40.1763896Z CMake Warning at /tmp/zmk-config/zephyr/cmake/modules/dts.cmake:425 (message):
2025-12-16T12:36:40.1764583Z   dtc raised one or more warnings:
2025-12-16T12:36:40.1764788Z 
2025-12-16T12:36:40.1764979Z   /tmp/tmp.8JnLKsdeeY/zephyr/zephyr.dts:59.25-64.5: Warning
2025-12-16T12:36:40.1765480Z   (unique_unit_address_if_enabled): /soc/clock@40000000: duplicate
2025-12-16T12:36:40.1766054Z   unit-address (also used in node /soc/power@40000000)
2025-12-16T12:36:40.1766303Z 
2025-12-16T12:36:40.1766546Z   /tmp/tmp.8JnLKsdeeY/zephyr/zephyr.dts:356.21-360.5: Warning
2025-12-16T12:36:40.1767014Z   (unique_unit_address_if_enabled): /soc/acl@4001e000: duplicate unit-address
2025-12-16T12:36:40.1767540Z   (also used in node /soc/flash-controller@4001e000)
2025-12-16T12:36:40.1767773Z 
2025-12-16T12:36:40.1767947Z Call Stack (most recent call first):
2025-12-16T12:36:40.1768377Z   /tmp/zmk-config/zephyr/cmake/modules/zephyr_default.cmake:134 (include)
2025-12-16T12:36:40.1769037Z   /tmp/zmk-config/zephyr/share/zephyr-package/cmake/ZephyrConfig.cmake:66 (include)
2025-12-16T12:36:40.1779515Z   /tmp/zmk-config/zephyr/share/zephyr-package/cmake/ZephyrConfig.cmake:92 (include_boilerplate)
2025-12-16T12:36:40.1780052Z   CMakeLists.txt:9 (find_package)
2025-12-16T12:36:40.1780219Z 
2025-12-16T12:36:40.1780223Z 
2025-12-16T12:36:40.3494848Z /tmp/zmk-config/zephyr/scripts/kconfig/kconfig.py: Kconfig.zephyr:29: '/tmp/tmp.8JnLKsdeeY/Kconfig/soc/Kconfig.defconfig' not found (in 'source "$(KCONFIG_BINARY_DIR)/soc/Kconfig.defconfig"'). Check that environment variables are set correctly (e.g. $srctree, which is set to '/tmp/zmk-config/zephyr'). Also note that unset environment variables expand to the empty string.
2025-12-16T12:36:40.3497359Z Parsing /tmp/zmk-config/zmk/app/Kconfig
2025-12-16T12:36:40.3688666Z CMake Error at /tmp/zmk-config/zephyr/cmake/modules/kconfig.cmake:396 (message):
2025-12-16T12:36:40.3689377Z   command failed with return code: 1
2025-12-16T12:36:40.3689811Z Call Stack (most recent call first):
2025-12-16T12:36:40.3690409Z   /tmp/zmk-config/zephyr/cmake/modules/zephyr_default.cmake:134 (include)
2025-12-16T12:36:40.3691234Z   /tmp/zmk-config/zephyr/share/zephyr-package/cmake/ZephyrConfig.cmake:66 (include)
2025-12-16T12:36:40.3692358Z   /tmp/zmk-config/zephyr/share/zephyr-package/cmake/ZephyrConfig.cmake:92 (include_boilerplate)
2025-12-16T12:36:40.3693088Z   CMakeLists.txt:9 (find_package)
2025-12-16T12:36:40.3693361Z 
2025-12-16T12:36:40.3693368Z 
2025-12-16T12:36:40.3693555Z -- Configuring incomplete, errors occurred!
2025-12-16T12:36:40.3728094Z FATAL ERROR: command exited with status 1: /usr/local/bin/cmake -DWEST_PYTHON=/usr/bin/python3 -B/tmp/tmp.8JnLKsdeeY -GNinja -DBOARD=rec_corne_right -DZMK_CONFIG=/tmp/zmk-config/config -DSHIELD=nice_view -DZMK_EXTRA_MODULES=/__w/zmk-config/zmk-config -S/tmp/zmk-config/zmk/app
2025-12-16T12:36:40.3985956Z ##[error]Process completed with exit code 1.
2025-12-16T12:36:40.4534246Z ##[group]Run if [ -f "/tmp/tmp.8JnLKsdeeY/zephyr/.config" ]
2025-12-16T12:36:40.4534684Z [36;1mif [ -f "/tmp/tmp.8JnLKsdeeY/zephyr/.config" ][0m
2025-12-16T12:36:40.4534966Z [36;1mthen[0m
2025-12-16T12:36:40.4535230Z [36;1m  grep -v -e "^#" -e "^$" "/tmp/tmp.8JnLKsdeeY/zephyr/.config" | sort[0m
2025-12-16T12:36:40.4535540Z [36;1melse[0m
2025-12-16T12:36:40.4535731Z [36;1m  echo "No Kconfig output"[0m
2025-12-16T12:36:40.4535957Z [36;1mfi[0m
2025-12-16T12:36:40.4536227Z shell: sh -e {0}
2025-12-16T12:36:40.4536408Z env:
2025-12-16T12:36:40.4536585Z   build_dir: /tmp/tmp.8JnLKsdeeY
2025-12-16T12:36:40.4536819Z   base_dir: /tmp/zmk-config
2025-12-16T12:36:40.4537034Z   zephyr_version: 4.1.0
2025-12-16T12:36:40.4537228Z   extra_west_args: 
2025-12-16T12:36:40.4537570Z   extra_cmake_args: -DSHIELD="nice_view" -DZMK_EXTRA_MODULES='/__w/zmk-config/zmk-config'
2025-12-16T12:36:40.4537987Z   display_name: nice_view - rec_corne_right
2025-12-16T12:36:40.4538306Z   artifact_name: nice_view-rec_corne_right-zmk
2025-12-16T12:36:40.4538566Z ##[endgroup]
2025-12-16T12:36:40.5057811Z No Kconfig output
2025-12-16T12:36:40.5516605Z ##[group]Run if [ -f "/tmp/tmp.8JnLKsdeeY/zephyr/zephyr.dts" ]
2025-12-16T12:36:40.5517078Z [36;1mif [ -f "/tmp/tmp.8JnLKsdeeY/zephyr/zephyr.dts" ][0m
2025-12-16T12:36:40.5517407Z [36;1mthen[0m
2025-12-16T12:36:40.5517663Z [36;1m  cat "/tmp/tmp.8JnLKsdeeY/zephyr/zephyr.dts"[0m
2025-12-16T12:36:40.5518075Z [36;1melif [ -f "/tmp/tmp.8JnLKsdeeY/zephyr/zephyr.dts.pre" ][0m
2025-12-16T12:36:40.5518420Z [36;1mthen[0m
2025-12-16T12:36:40.5518692Z [36;1m  cat -s "/tmp/tmp.8JnLKsdeeY/zephyr/zephyr.dts.pre"[0m
2025-12-16T12:36:40.5519020Z [36;1melse[0m
2025-12-16T12:36:40.5519232Z [36;1m  echo "No Devicetree output"[0m
2025-12-16T12:36:40.5519504Z [36;1mfi[0m
2025-12-16T12:36:40.5519796Z shell: sh -e {0}
2025-12-16T12:36:40.5519996Z env:
2025-12-16T12:36:40.5520198Z   build_dir: /tmp/tmp.8JnLKsdeeY
2025-12-16T12:36:40.5520465Z   base_dir: /tmp/zmk-config
2025-12-16T12:36:40.5520706Z   zephyr_version: 4.1.0
2025-12-16T12:36:40.5520932Z   extra_west_args: 
2025-12-16T12:36:40.5521538Z   extra_cmake_args: -DSHIELD="nice_view" -DZMK_EXTRA_MODULES='/__w/zmk-config/zmk-config'
2025-12-16T12:36:40.5522170Z   display_name: nice_view - rec_corne_right
2025-12-16T12:36:40.5522504Z   artifact_name: nice_view-rec_corne_right-zmk
2025-12-16T12:36:40.5522807Z ##[endgroup]
2025-12-16T12:36:40.6567814Z /dts-v1/;
2025-12-16T12:36:40.6568077Z 
2025-12-16T12:36:40.6568840Z / {
2025-12-16T12:36:40.6569415Z 	#address-cells = < 0x1 >;
2025-12-16T12:36:40.6569823Z 	#size-cells = < 0x1 >;
2025-12-16T12:36:40.6570361Z 	model = "rec_corne";
2025-12-16T12:36:40.6570740Z 	compatible = "recperipherals,rec_corne";
2025-12-16T12:36:40.6571137Z 	chosen {
2025-12-16T12:36:40.6571438Z 		zephyr,bt-hci = &bt_hci_controller;
2025-12-16T12:36:40.6572364Z 		zephyr,entropy = &rng;
2025-12-16T12:36:40.6572799Z 		zephyr,flash-controller = &flash_controller;
2025-12-16T12:36:40.6573642Z 		zephyr,code-partition = &code_partition;
2025-12-16T12:36:40.6574381Z 		zephyr,sram = &sram0;
2025-12-16T12:36:40.6575026Z 		zephyr,flash = &flash0;
2025-12-16T12:36:40.6575381Z 		zmk,kscan = &kscan0;
2025-12-16T12:36:40.6576062Z 		zmk,battery = &vbatt;
2025-12-16T12:36:40.6576820Z 		zmk,underglow = &led_strip;
2025-12-16T12:36:40.6577269Z 		zmk,physical-layout = &default_layout;
2025-12-16T12:36:40.6578023Z 		zmk,backlight = &backlight;
2025-12-16T12:36:40.6578828Z 		zephyr,display = &nice_view;
2025-12-16T12:36:40.6579475Z 	};
2025-12-16T12:36:40.6579755Z 	aliases {
2025-12-16T12:36:40.6580332Z 	};
2025-12-16T12:36:40.6580594Z 	soc {
2025-12-16T12:36:40.6581149Z 		#address-cells = < 0x1 >;
2025-12-16T12:36:40.6581547Z 		#size-cells = < 0x1 >;
2025-12-16T12:36:40.6582739Z 		compatible = "nordic,nrf52840-qiaa", "nordic,nrf52840", "nordic,nrf52", "simple-bus";
2025-12-16T12:36:40.6584021Z 		interrupt-parent = < &nvic >;
2025-12-16T12:36:40.6584435Z 		ranges;
2025-12-16T12:36:40.6585078Z 		nvic: interrupt-controller@e000e100 {
2025-12-16T12:36:40.6585812Z 			#address-cells = < 0x1 >;
2025-12-16T12:36:40.6586206Z 			compatible = "arm,v7m-nvic";
2025-12-16T12:36:40.6587054Z 			reg = < 0xe000e100 0xc00 >;
2025-12-16T12:36:40.6588287Z 			interrupt-controller;
2025-12-16T12:36:40.6588704Z 			#interrupt-cells = < 0x2 >;
2025-12-16T12:36:40.6589128Z 			arm,num-irq-priority-bits = < 0x3 >;
2025-12-16T12:36:40.6589492Z 			phandle = < 0x1 >;
2025-12-16T12:36:40.6589698Z 		};
2025-12-16T12:36:40.6589974Z 		systick: timer@e000e010 {
2025-12-16T12:36:40.6590342Z 			compatible = "arm,armv7m-systick";
2025-12-16T12:36:40.6590737Z 			reg = < 0xe000e010 0x10 >;
2025-12-16T12:36:40.6591057Z 			status = "disabled";
2025-12-16T12:36:40.6591329Z 		};
2025-12-16T12:36:40.6591572Z 		ficr: ficr@10000000 {
2025-12-16T12:36:40.6591894Z 			compatible = "nordic,nrf-ficr";
2025-12-16T12:36:40.6592420Z 			reg = < 0x10000000 0x1000 >;
2025-12-16T12:36:40.6592775Z 			#nordic,ficr-cells = < 0x1 >;
2025-12-16T12:36:40.6593131Z 			status = "okay";
2025-12-16T12:36:40.6593400Z 		};
2025-12-16T12:36:40.6593635Z 		uicr: uicr@10001000 {
2025-12-16T12:36:40.6594363Z 			compatible = "nordic,nrf-uicr";
2025-12-16T12:36:40.6594969Z 			reg = < 0x10001000 0x1000 >;
2025-12-16T12:36:40.6595446Z 			status = "okay";
2025-12-16T12:36:40.6595748Z 		};
2025-12-16T12:36:40.6596041Z 		sram0: memory@20000000 {
2025-12-16T12:36:40.6596403Z 			compatible = "mmio-sram";
2025-12-16T12:36:40.6596776Z 			reg = < 0x20000000 0x40000 >;
2025-12-16T12:36:40.6597109Z 		};
2025-12-16T12:36:40.6597336Z 		clock: clock@40000000 {
2025-12-16T12:36:40.6597666Z 			compatible = "nordic,nrf-clock";
2025-12-16T12:36:40.6598056Z 			reg = < 0x40000000 0x1000 >;
2025-12-16T12:36:40.6598424Z 			interrupts = < 0x0 0x1 >;
2025-12-16T12:36:40.6598785Z 			status = "okay";
2025-12-16T12:36:40.6598955Z 		};
2025-12-16T12:36:40.6599111Z 		power: power@40000000 {
2025-12-16T12:36:40.6599337Z 			compatible = "nordic,nrf-power";
2025-12-16T12:36:40.6599572Z 			reg = < 0x40000000 0x1000 >;
2025-12-16T12:36:40.6599770Z 			interrupts = < 0x0 0x1 >;
2025-12-16T12:36:40.6599966Z 			status = "okay";
2025-12-16T12:36:40.6600368Z 			#address-cells = < 0x1 >;
2025-12-16T12:36:40.6600565Z 			#size-cells = < 0x1 >;
2025-12-16T12:36:40.6600771Z 			gpregret1: gpregret1@4000051c {
2025-12-16T12:36:40.6601004Z 				#address-cells = < 0x1 >;
2025-12-16T12:36:40.6601212Z 				#size-cells = < 0x1 >;
2025-12-16T12:36:40.6601422Z 				compatible = "nordic,nrf-gpregret";
2025-12-16T12:36:40.6601661Z 				reg = < 0x4000051c 0x1 >;
2025-12-16T12:36:40.6601858Z 				status = "okay";
2025-12-16T12:36:40.6602537Z 			};
2025-12-16T12:36:40.6602812Z 			gpregret2: gpregret2@40000520 {
2025-12-16T12:36:40.6603191Z 				#address-cells = < 0x1 >;
2025-12-16T12:36:40.6603570Z 				#size-cells = < 0x1 >;
2025-12-16T12:36:40.6604224Z 				compatible = "nordic,nrf-gpregret";
2025-12-16T12:36:40.6604635Z 				reg = < 0x40000520 0x1 >;
2025-12-16T12:36:40.6604960Z 				status = "okay";
2025-12-16T12:36:40.6605256Z 			};
2025-12-16T12:36:40.6605454Z 			reg1: regulator@40000578 {
2025-12-16T12:36:40.6605687Z 				compatible = "nordic,nrf5x-regulator";
2025-12-16T12:36:40.6605952Z 				reg = < 0x40000578 0x1 >;
2025-12-16T12:36:40.6606172Z 				regulator-name = "REG1";
2025-12-16T12:36:40.6606403Z 				regulator-initial-mode = < 0x0 >;
2025-12-16T12:36:40.6606621Z 			};
2025-12-16T12:36:40.6606778Z 			reg0: regulator@40000580 {
2025-12-16T12:36:40.6607017Z 				compatible = "nordic,nrf52x-regulator-hv";
2025-12-16T12:36:40.6607270Z 				reg = < 0x40000580 0x1 >;
2025-12-16T12:36:40.6607468Z 				regulator-name = "REG0";
2025-12-16T12:36:40.6607670Z 				status = "disabled";
2025-12-16T12:36:40.6607852Z 			};
2025-12-16T12:36:40.6607989Z 		};
2025-12-16T12:36:40.6608143Z 		radio: radio@40001000 {
2025-12-16T12:36:40.6608354Z 			compatible = "nordic,nrf-radio";
2025-12-16T12:36:40.6608576Z 			reg = < 0x40001000 0x1000 >;
2025-12-16T12:36:40.6608781Z 			interrupts = < 0x1 0x1 >;
2025-12-16T12:36:40.6608978Z 			status = "okay";
2025-12-16T12:36:40.6609152Z 			ieee802154-supported;
2025-12-16T12:36:40.6609351Z 			ble-2mbps-supported;
2025-12-16T12:36:40.6609558Z 			ble-coded-phy-supported;
2025-12-16T12:36:40.6609779Z 			tx-high-power-supported;
2025-12-16T12:36:40.6610006Z 			ieee802154: ieee802154 {
2025-12-16T12:36:40.6610237Z 				compatible = "nordic,nrf-ieee802154";
2025-12-16T12:36:40.6610486Z 				status = "disabled";
2025-12-16T12:36:40.6610670Z 			};
2025-12-16T12:36:40.6610844Z 			bt_hci_controller: bt_hci_controller {
2025-12-16T12:36:40.6611111Z 				compatible = "zephyr,bt-hci-ll-sw-split";
2025-12-16T12:36:40.6611361Z 				status = "okay";
2025-12-16T12:36:40.6611534Z 			};
2025-12-16T12:36:40.6611680Z 		};
2025-12-16T12:36:40.6611828Z 		uart0: uart@40002000 {
2025-12-16T12:36:40.6612226Z 			compatible = "nordic,nrf-uarte";
2025-12-16T12:36:40.6612548Z 			reg = < 0x40002000 0x1000 >;
2025-12-16T12:36:40.6612756Z 			interrupts = < 0x2 0x1 >;
2025-12-16T12:36:40.6612960Z 			status = "disabled";
2025-12-16T12:36:40.6613141Z 		};
2025-12-16T12:36:40.6613285Z 		i2c0: i2c@40003000 {
2025-12-16T12:36:40.6613484Z 			compatible = "nordic,nrf-twim";
2025-12-16T12:36:40.6613713Z 			#address-cells = < 0x1 >;
2025-12-16T12:36:40.6614120Z 			#size-cells = < 0x0 >;
2025-12-16T12:36:40.6614335Z 			reg = < 0x40003000 0x1000 >;
2025-12-16T12:36:40.6614544Z 			interrupts = < 0x3 0x1 >;
2025-12-16T12:36:40.6614753Z 			easydma-maxcnt-bits = < 0x10 >;
2025-12-16T12:36:40.6614975Z 			status = "disabled";
2025-12-16T12:36:40.6615184Z 			zephyr,pm-device-runtime-auto;
2025-12-16T12:36:40.6615400Z 		};
2025-12-16T12:36:40.6615563Z 		spi0: nice_view_spi: spi@40003000 {
2025-12-16T12:36:40.6615805Z 			compatible = "nordic,nrf-spim";
2025-12-16T12:36:40.6616049Z 			#address-cells = < 0x1 >;
2025-12-16T12:36:40.6616262Z 			#size-cells = < 0x0 >;
2025-12-16T12:36:40.6616463Z 			reg = < 0x40003000 0x1000 >;
2025-12-16T12:36:40.6616677Z 			interrupts = < 0x3 0x1 >;
2025-12-16T12:36:40.6616884Z 			max-frequency = < 0x7a1200 >;
2025-12-16T12:36:40.6617121Z 			easydma-maxcnt-bits = < 0x10 >;
2025-12-16T12:36:40.6617341Z 			status = "okay";
2025-12-16T12:36:40.6617531Z 			pinctrl-0 = < &spi0_default >;
2025-12-16T12:36:40.6617897Z 			pinctrl-1 = < &spi0_sleep >;
2025-12-16T12:36:40.6618124Z 			pinctrl-names = "default", "sleep";
2025-12-16T12:36:40.6618360Z 			cs-gpios = < &gpio0 0x6 0x0 >;
2025-12-16T12:36:40.6618575Z 			nice_view: ls0xx@0 {
2025-12-16T12:36:40.6618775Z 				compatible = "sharp,ls0xx";
2025-12-16T12:36:40.6618992Z 				spi-max-frequency = < 0xf4240 >;
2025-12-16T12:36:40.6619218Z 				reg = < 0x0 >;
2025-12-16T12:36:40.6619392Z 				width = < 0xa0 >;
2025-12-16T12:36:40.6619569Z 				height = < 0x44 >;
2025-12-16T12:36:40.6619744Z 			};
2025-12-16T12:36:40.6619889Z 		};
2025-12-16T12:36:40.6620034Z 		i2c1: i2c@40004000 {
2025-12-16T12:36:40.6620228Z 			compatible = "nordic,nrf-twim";
2025-12-16T12:36:40.6620458Z 			#address-cells = < 0x1 >;
2025-12-16T12:36:40.6620658Z 			#size-cells = < 0x0 >;
2025-12-16T12:36:40.6620854Z 			reg = < 0x40004000 0x1000 >;
2025-12-16T12:36:40.6621060Z 			interrupts = < 0x4 0x1 >;
2025-12-16T12:36:40.6621265Z 			easydma-maxcnt-bits = < 0x10 >;
2025-12-16T12:36:40.6621497Z 			status = "disabled";
2025-12-16T12:36:40.6621723Z 			zephyr,pm-device-runtime-auto;
2025-12-16T12:36:40.6621935Z 		};
2025-12-16T12:36:40.6622465Z 		spi1: spi@40004000 {
2025-12-16T12:36:40.6622697Z 			compatible = "nordic,nrf-spim";
2025-12-16T12:36:40.6622921Z 			#address-cells = < 0x1 >;
2025-12-16T12:36:40.6623127Z 			#size-cells = < 0x0 >;
2025-12-16T12:36:40.6623323Z 			reg = < 0x40004000 0x1000 >;
2025-12-16T12:36:40.6623523Z 			interrupts = < 0x4 0x1 >;
2025-12-16T12:36:40.6623733Z 			max-frequency = < 0x7a1200 >;
2025-12-16T12:36:40.6623957Z 			easydma-maxcnt-bits = < 0x10 >;
2025-12-16T12:36:40.6624176Z 			status = "disabled";
2025-12-16T12:36:40.6624347Z 		};
2025-12-16T12:36:40.6624496Z 		nfct: nfct@40005000 {
2025-12-16T12:36:40.6624687Z 			compatible = "nordic,nrf-nfct";
2025-12-16T12:36:40.6624896Z 			reg = < 0x40005000 0x1000 >;
2025-12-16T12:36:40.6625101Z 			interrupts = < 0x5 0x1 >;
2025-12-16T12:36:40.6625300Z 			status = "disabled";
2025-12-16T12:36:40.6625472Z 		};
2025-12-16T12:36:40.6625646Z 		gpiote: gpiote0: gpiote@40006000 {
2025-12-16T12:36:40.6625890Z 			compatible = "nordic,nrf-gpiote";
2025-12-16T12:36:40.6626114Z 			reg = < 0x40006000 0x1000 >;
2025-12-16T12:36:40.6626318Z 			interrupts = < 0x6 0x5 >;
2025-12-16T12:36:40.6626520Z 			status = "okay";
2025-12-16T12:36:40.6626689Z 			instance = < 0x0 >;
2025-12-16T12:36:40.6626874Z 			phandle = < 0x9 >;
2025-12-16T12:36:40.6627057Z 		};
2025-12-16T12:36:40.6627205Z 		adc: adc@40007000 {
2025-12-16T12:36:40.6627397Z 			compatible = "nordic,nrf-saadc";
2025-12-16T12:36:40.6627626Z 			reg = < 0x40007000 0x1000 >;
2025-12-16T12:36:40.6627829Z 			interrupts = < 0x7 0x1 >;
2025-12-16T12:36:40.6628026Z 			status = "okay";
2025-12-16T12:36:40.6628210Z 			#io-channel-cells = < 0x1 >;
2025-12-16T12:36:40.6628434Z 			zephyr,pm-device-runtime-auto;
2025-12-16T12:36:40.6628656Z 		};
2025-12-16T12:36:40.6628816Z 		timer0: timer@40008000 {
2025-12-16T12:36:40.6629027Z 			compatible = "nordic,nrf-timer";
2025-12-16T12:36:40.6629245Z 			status = "disabled";
2025-12-16T12:36:40.6629577Z 			reg = < 0x40008000 0x1000 >;
2025-12-16T12:36:40.6629780Z 			cc-num = < 0x4 >;
2025-12-16T12:36:40.6629962Z 			max-bit-width = < 0x20 >;
2025-12-16T12:36:40.6630170Z 			interrupts = < 0x8 0x1 >;
2025-12-16T12:36:40.6630368Z 			prescaler = < 0x0 >;
2025-12-16T12:36:40.6630540Z 		};
2025-12-16T12:36:40.6630691Z 		timer1: timer@40009000 {
2025-12-16T12:36:40.6630893Z 			compatible = "nordic,nrf-timer";
2025-12-16T12:36:40.6631111Z 			status = "disabled";
2025-12-16T12:36:40.6631300Z 			reg = < 0x40009000 0x1000 >;
2025-12-16T12:36:40.6631499Z 			cc-num = < 0x4 >;
2025-12-16T12:36:40.6631676Z 			max-bit-width = < 0x20 >;
2025-12-16T12:36:40.6631877Z 			interrupts = < 0x9 0x1 >;
2025-12-16T12:36:40.6632287Z 			prescaler = < 0x0 >;
2025-12-16T12:36:40.6632565Z 			phandle = < 0xa >;
2025-12-16T12:36:40.6632739Z 		};
2025-12-16T12:36:40.6632890Z 		timer2: timer@4000a000 {
2025-12-16T12:36:40.6633094Z 			compatible = "nordic,nrf-timer";
2025-12-16T12:36:40.6633319Z 			status = "disabled";
2025-12-16T12:36:40.6633644Z 			reg = < 0x4000a000 0x1000 >;
2025-12-16T12:36:40.6633838Z 			cc-num = < 0x4 >;
2025-12-16T12:36:40.6634015Z 			max-bit-width = < 0x20 >;
2025-12-16T12:36:40.6634215Z 			interrupts = < 0xa 0x1 >;
2025-12-16T12:36:40.6634414Z 			prescaler = < 0x0 >;
2025-12-16T12:36:40.6634585Z 		};
2025-12-16T12:36:40.6634732Z 		rtc0: rtc@4000b000 {
2025-12-16T12:36:40.6634926Z 			compatible = "nordic,nrf-rtc";
2025-12-16T12:36:40.6635138Z 			reg = < 0x4000b000 0x1000 >;
2025-12-16T12:36:40.6635331Z 			cc-num = < 0x3 >;
2025-12-16T12:36:40.6635510Z 			interrupts = < 0xb 0x1 >;
2025-12-16T12:36:40.6635702Z 			status = "disabled";
2025-12-16T12:36:40.6635897Z 			clock-frequency = < 0x8000 >;
2025-12-16T12:36:40.6636109Z 			prescaler = < 0x1 >;
2025-12-16T12:36:40.6636278Z 		};
2025-12-16T12:36:40.6636432Z 		temp: temp@4000c000 {
2025-12-16T12:36:40.6636632Z 			compatible = "nordic,nrf-temp";
2025-12-16T12:36:40.6636849Z 			reg = < 0x4000c000 0x1000 >;
2025-12-16T12:36:40.6637051Z 			interrupts = < 0xc 0x1 >;
2025-12-16T12:36:40.6637260Z 			status = "okay";
2025-12-16T12:36:40.6637419Z 		};
2025-12-16T12:36:40.6637571Z 		rng: random@4000d000 {
2025-12-16T12:36:40.6637776Z 			compatible = "nordic,nrf-rng";
2025-12-16T12:36:40.6637987Z 			reg = < 0x4000d000 0x1000 >;
2025-12-16T12:36:40.6638186Z 			interrupts = < 0xd 0x1 >;
2025-12-16T12:36:40.6638380Z 			status = "okay";
2025-12-16T12:36:40.6638546Z 		};
2025-12-16T12:36:40.6638687Z 		ecb: ecb@4000e000 {
2025-12-16T12:36:40.6638875Z 			compatible = "nordic,nrf-ecb";
2025-12-16T12:36:40.6639084Z 			reg = < 0x4000e000 0x1000 >;
2025-12-16T12:36:40.6639278Z 			interrupts = < 0xe 0x1 >;
2025-12-16T12:36:40.6639472Z 			status = "okay";
2025-12-16T12:36:40.6639635Z 		};
2025-12-16T12:36:40.6639775Z 		ccm: ccm@4000f000 {
2025-12-16T12:36:40.6639963Z 			compatible = "nordic,nrf-ccm";
2025-12-16T12:36:40.6640176Z 			reg = < 0x4000f000 0x1000 >;
2025-12-16T12:36:40.6640372Z 			interrupts = < 0xf 0x1 >;
2025-12-16T12:36:40.6640586Z 			length-field-length-8-bits;
2025-12-16T12:36:40.6640809Z 			status = "okay";
2025-12-16T12:36:40.6640969Z 		};
2025-12-16T12:36:40.6641131Z 		wdt: wdt0: watchdog@40010000 {
2025-12-16T12:36:40.6641351Z 			compatible = "nordic,nrf-wdt";
2025-12-16T12:36:40.6641557Z 			reg = < 0x40010000 0x1000 >;
2025-12-16T12:36:40.6641759Z 			interrupts = < 0x10 0x1 >;
2025-12-16T12:36:40.6642365Z 			status = "okay";
2025-12-16T12:36:40.6642550Z 		};
2025-12-16T12:36:40.6642703Z 		rtc1: rtc@40011000 {
2025-12-16T12:36:40.6642902Z 			compatible = "nordic,nrf-rtc";
2025-12-16T12:36:40.6643158Z 			reg = < 0x40011000 0x1000 >;
2025-12-16T12:36:40.6643357Z 			cc-num = < 0x4 >;
2025-12-16T12:36:40.6643544Z 			interrupts = < 0x11 0x1 >;
2025-12-16T12:36:40.6643748Z 			status = "disabled";
2025-12-16T12:36:40.6643938Z 			clock-frequency = < 0x8000 >;
2025-12-16T12:36:40.6644149Z 			prescaler = < 0x1 >;
2025-12-16T12:36:40.6644324Z 		};
2025-12-16T12:36:40.6644476Z 		qdec: qdec0: qdec@40012000 {
2025-12-16T12:36:40.6644691Z 			compatible = "nordic,nrf-qdec";
2025-12-16T12:36:40.6645055Z 			reg = < 0x40012000 0x1000 >;
2025-12-16T12:36:40.6645262Z 			interrupts = < 0x12 0x1 >;
2025-12-16T12:36:40.6645469Z 			status = "disabled";
2025-12-16T12:36:40.6645641Z 		};
2025-12-16T12:36:40.6645793Z 		comp: comparator@40013000 {
2025-12-16T12:36:40.6646010Z 			compatible = "nordic,nrf-comp";
2025-12-16T12:36:40.6646227Z 			reg = < 0x40013000 0x1000 >;
2025-12-16T12:36:40.6646421Z 			interrupts = < 0x13 0x1 >;
2025-12-16T12:36:40.6646620Z 			status = "disabled";
2025-12-16T12:36:40.6646790Z 		};
2025-12-16T12:36:40.6646937Z 		egu0: swi0: egu@40014000 {
2025-12-16T12:36:40.6647178Z 			compatible = "nordic,nrf-egu", "nordic,nrf-swi";
2025-12-16T12:36:40.6647457Z 			reg = < 0x40014000 0x1000 >;
2025-12-16T12:36:40.6647652Z 			interrupts = < 0x14 0x1 >;
2025-12-16T12:36:40.6647847Z 			status = "okay";
2025-12-16T12:36:40.6648012Z 		};
2025-12-16T12:36:40.6648159Z 		egu1: swi1: egu@40015000 {
2025-12-16T12:36:40.6648386Z 			compatible = "nordic,nrf-egu", "nordic,nrf-swi";
2025-12-16T12:36:40.6648765Z 			reg = < 0x40015000 0x1000 >;
2025-12-16T12:36:40.6648969Z 			interrupts = < 0x15 0x1 >;
2025-12-16T12:36:40.6649159Z 			status = "okay";
2025-12-16T12:36:40.6649320Z 		};
2025-12-16T12:36:40.6649471Z 		egu2: swi2: egu@40016000 {
2025-12-16T12:36:40.6649698Z 			compatible = "nordic,nrf-egu", "nordic,nrf-swi";
2025-12-16T12:36:40.6649952Z 			reg = < 0x40016000 0x1000 >;
2025-12-16T12:36:40.6650153Z 			interrupts = < 0x16 0x1 >;
2025-12-16T12:36:40.6650342Z 			status = "okay";
2025-12-16T12:36:40.6650505Z 		};
2025-12-16T12:36:40.6650657Z 		egu3: swi3: egu@40017000 {
2025-12-16T12:36:40.6650880Z 			compatible = "nordic,nrf-egu", "nordic,nrf-swi";
2025-12-16T12:36:40.6651133Z 			reg = < 0x40017000 0x1000 >;
2025-12-16T12:36:40.6651333Z 			interrupts = < 0x17 0x1 >;
2025-12-16T12:36:40.6651523Z 			status = "okay";
2025-12-16T12:36:40.6651683Z 		};
2025-12-16T12:36:40.6651832Z 		egu4: swi4: egu@40018000 {
2025-12-16T12:36:40.6652337Z 			compatible = "nordic,nrf-egu", "nordic,nrf-swi";
2025-12-16T12:36:40.6652611Z 			reg = < 0x40018000 0x1000 >;
2025-12-16T12:36:40.6652814Z 			interrupts = < 0x18 0x1 >;
2025-12-16T12:36:40.6653008Z 			status = "okay";
2025-12-16T12:36:40.6653167Z 		};
2025-12-16T12:36:40.6653315Z 		egu5: swi5: egu@40019000 {
2025-12-16T12:36:40.6653541Z 			compatible = "nordic,nrf-egu", "nordic,nrf-swi";
2025-12-16T12:36:40.6653787Z 			reg = < 0x40019000 0x1000 >;
2025-12-16T12:36:40.6653986Z 			interrupts = < 0x19 0x1 >;
2025-12-16T12:36:40.6654179Z 			status = "okay";
2025-12-16T12:36:40.6654333Z 		};
2025-12-16T12:36:40.6654486Z 		timer3: timer@4001a000 {
2025-12-16T12:36:40.6654695Z 			compatible = "nordic,nrf-timer";
2025-12-16T12:36:40.6654916Z 			status = "disabled";
2025-12-16T12:36:40.6655098Z 			reg = < 0x4001a000 0x1000 >;
2025-12-16T12:36:40.6655292Z 			cc-num = < 0x6 >;
2025-12-16T12:36:40.6655470Z 			max-bit-width = < 0x20 >;
2025-12-16T12:36:40.6655677Z 			interrupts = < 0x1a 0x1 >;
2025-12-16T12:36:40.6655880Z 			prescaler = < 0x0 >;
2025-12-16T12:36:40.6656057Z 		};
2025-12-16T12:36:40.6656217Z 		timer4: timer@4001b000 {
2025-12-16T12:36:40.6656422Z 			compatible = "nordic,nrf-timer";
2025-12-16T12:36:40.6656639Z 			status = "disabled";
2025-12-16T12:36:40.6656820Z 			reg = < 0x4001b000 0x1000 >;
2025-12-16T12:36:40.6657021Z 			cc-num = < 0x6 >;
2025-12-16T12:36:40.6657201Z 			max-bit-width = < 0x20 >;
2025-12-16T12:36:40.6657395Z 			interrupts = < 0x1b 0x1 >;
2025-12-16T12:36:40.6657613Z 			prescaler = < 0x0 >;
2025-12-16T12:36:40.6657789Z 		};
2025-12-16T12:36:40.6657942Z 		pwm0: pwm@4001c000 {
2025-12-16T12:36:40.6658144Z 			compatible = "nordic,nrf-pwm";
2025-12-16T12:36:40.6658364Z 			reg = < 0x4001c000 0x1000 >;
2025-12-16T12:36:40.6658564Z 			interrupts = < 0x1c 0x1 >;
2025-12-16T12:36:40.6658762Z 			status = "okay";
2025-12-16T12:36:40.6658938Z 			#pwm-cells = < 0x3 >;
2025-12-16T12:36:40.6659135Z 			pinctrl-0 = < &pwm0_default >;
2025-12-16T12:36:40.6659356Z 			pinctrl-1 = < &pwm0_sleep >;
2025-12-16T12:36:40.6659579Z 			pinctrl-names = "default", "sleep";
2025-12-16T12:36:40.6659948Z 			phandle = < 0xf >;
2025-12-16T12:36:40.6660127Z 		};
2025-12-16T12:36:40.6660287Z 		pdm0: pdm@4001d000 {
2025-12-16T12:36:40.6660476Z 			compatible = "nordic,nrf-pdm";
2025-12-16T12:36:40.6660697Z 			reg = < 0x4001d000 0x1000 >;
2025-12-16T12:36:40.6660899Z 			interrupts = < 0x1d 0x1 >;
2025-12-16T12:36:40.6661098Z 			status = "disabled";
2025-12-16T12:36:40.6661266Z 		};
2025-12-16T12:36:40.6661415Z 		acl: acl@4001e000 {
2025-12-16T12:36:40.6661601Z 			compatible = "nordic,nrf-acl";
2025-12-16T12:36:40.6661808Z 			reg = < 0x4001e000 0x1000 >;
2025-12-16T12:36:40.6662215Z 			status = "okay";
2025-12-16T12:36:40.6662406Z 		};
2025-12-16T12:36:40.6662590Z 		flash_controller: flash-controller@4001e000 {
2025-12-16T12:36:40.6662891Z 			compatible = "nordic,nrf52-flash-controller";
2025-12-16T12:36:40.6663150Z 			reg = < 0x4001e000 0x1000 >;
2025-12-16T12:36:40.6663346Z 			partial-erase;
2025-12-16T12:36:40.6663532Z 			#address-cells = < 0x1 >;
2025-12-16T12:36:40.6663741Z 			#size-cells = < 0x1 >;
2025-12-16T12:36:40.6664068Z 			flash0: flash@0 {
2025-12-16T12:36:40.6664261Z 				compatible = "soc-nv-flash";
2025-12-16T12:36:40.6664491Z 				erase-block-size = < 0x1000 >;
2025-12-16T12:36:40.6664715Z 				write-block-size = < 0x4 >;
2025-12-16T12:36:40.6664920Z 				reg = < 0x0 0x100000 >;
2025-12-16T12:36:40.6665115Z 				partitions {
2025-12-16T12:36:40.6665305Z 					compatible = "fixed-partitions";
2025-12-16T12:36:40.6665545Z 					#address-cells = < 0x1 >;
2025-12-16T12:36:40.6665754Z 					#size-cells = < 0x1 >;
2025-12-16T12:36:40.6665961Z 					sd_partition: partition@0 {
2025-12-16T12:36:40.6666172Z 						reg = < 0x0 0x26000 >;
2025-12-16T12:36:40.6666358Z 					};
2025-12-16T12:36:40.6666530Z 					code_partition: partition@26000 {
2025-12-16T12:36:40.6666758Z 						reg = < 0x26000 0xc6000 >;
2025-12-16T12:36:40.6666952Z 					};
2025-12-16T12:36:40.6667125Z 					storage_partition: partition@ec000 {
2025-12-16T12:36:40.6667357Z 						reg = < 0xec000 0x8000 >;
2025-12-16T12:36:40.6667554Z 					};
2025-12-16T12:36:40.6667723Z 					boot_partition: partition@f4000 {
2025-12-16T12:36:40.6667947Z 						reg = < 0xf4000 0xc000 >;
2025-12-16T12:36:40.6668136Z 					};
2025-12-16T12:36:40.6668281Z 				};
2025-12-16T12:36:40.6668421Z 			};
2025-12-16T12:36:40.6668564Z 		};
2025-12-16T12:36:40.6668732Z 		ppi: ppi@4001f000 {
2025-12-16T12:36:40.6668927Z 			compatible = "nordic,nrf-ppi";
2025-12-16T12:36:40.6669161Z 			reg = < 0x4001f000 0x1000 >;
2025-12-16T12:36:40.6669367Z 			status = "okay";
2025-12-16T12:36:40.6669530Z 		};
2025-12-16T12:36:40.6669681Z 		mwu: mwu@40020000 {
2025-12-16T12:36:40.6669879Z 			compatible = "nordic,nrf-mwu";
2025-12-16T12:36:40.6670095Z 			reg = < 0x40020000 0x1000 >;
2025-12-16T12:36:40.6670292Z 			status = "okay";
2025-12-16T12:36:40.6670459Z 		};
2025-12-16T12:36:40.6670612Z 		pwm1: pwm@40021000 {
2025-12-16T12:36:40.6670804Z 			compatible = "nordic,nrf-pwm";
2025-12-16T12:36:40.6671021Z 			reg = < 0x40021000 0x1000 >;
2025-12-16T12:36:40.6671226Z 			interrupts = < 0x21 0x1 >;
2025-12-16T12:36:40.6671438Z 			status = "disabled";
2025-12-16T12:36:40.6671631Z 			#pwm-cells = < 0x3 >;
2025-12-16T12:36:40.6671817Z 		};
2025-12-16T12:36:40.6672113Z 		pwm2: pwm@40022000 {
2025-12-16T12:36:40.6672408Z 			compatible = "nordic,nrf-pwm";
2025-12-16T12:36:40.6672629Z 			reg = < 0x40022000 0x1000 >;
2025-12-16T12:36:40.6672826Z 			interrupts = < 0x22 0x1 >;
2025-12-16T12:36:40.6673031Z 			status = "disabled";
2025-12-16T12:36:40.6673218Z 			#pwm-cells = < 0x3 >;
2025-12-16T12:36:40.6673395Z 		};
2025-12-16T12:36:40.6673545Z 		spi2: spi@40023000 {
2025-12-16T12:36:40.6673742Z 			compatible = "nordic,nrf-spim";
2025-12-16T12:36:40.6673970Z 			#address-cells = < 0x1 >;
2025-12-16T12:36:40.6674177Z 			#size-cells = < 0x0 >;
2025-12-16T12:36:40.6674374Z 			reg = < 0x40023000 0x1000 >;
2025-12-16T12:36:40.6674570Z 			interrupts = < 0x23 0x1 >;
2025-12-16T12:36:40.6674782Z 			max-frequency = < 0x7a1200 >;
2025-12-16T12:36:40.6675010Z 			easydma-maxcnt-bits = < 0x10 >;
2025-12-16T12:36:40.6675363Z 			status = "disabled";
2025-12-16T12:36:40.6675541Z 		};
2025-12-16T12:36:40.6675690Z 		rtc2: rtc@40024000 {
2025-12-16T12:36:40.6675882Z 			compatible = "nordic,nrf-rtc";
2025-12-16T12:36:40.6676092Z 			reg = < 0x40024000 0x1000 >;
2025-12-16T12:36:40.6676287Z 			cc-num = < 0x4 >;
2025-12-16T12:36:40.6676471Z 			interrupts = < 0x24 0x1 >;
2025-12-16T12:36:40.6676668Z 			status = "disabled";
2025-12-16T12:36:40.6676862Z 			clock-frequency = < 0x8000 >;
2025-12-16T12:36:40.6677076Z 			prescaler = < 0x1 >;
2025-12-16T12:36:40.6677245Z 		};
2025-12-16T12:36:40.6677403Z 		i2s0: i2s@40025000 {
2025-12-16T12:36:40.6677596Z 			compatible = "nordic,nrf-i2s";
2025-12-16T12:36:40.6677812Z 			#address-cells = < 0x1 >;
2025-12-16T12:36:40.6678018Z 			#size-cells = < 0x0 >;
2025-12-16T12:36:40.6678209Z 			reg = < 0x40025000 0x1000 >;
2025-12-16T12:36:40.6678406Z 			interrupts = < 0x25 0x1 >;
2025-12-16T12:36:40.6678607Z 			status = "disabled";
2025-12-16T12:36:40.6678781Z 		};
2025-12-16T12:36:40.6678942Z 		usbd: zephyr_udc0: usbd@40027000 {
2025-12-16T12:36:40.6679298Z 			compatible = "nordic,nrf-usbd";
2025-12-16T12:36:40.6679518Z 			reg = < 0x40027000 0x1000 >;
2025-12-16T12:36:40.6679720Z 			interrupts = < 0x27 0x1 >;
2025-12-16T12:36:40.6679928Z 			num-bidir-endpoints = < 0x1 >;
2025-12-16T12:36:40.6680152Z 			num-in-endpoints = < 0x7 >;
2025-12-16T12:36:40.6680367Z 			num-out-endpoints = < 0x7 >;
2025-12-16T12:36:40.6680576Z 			num-isoin-endpoints = < 0x1 >;
2025-12-16T12:36:40.6680802Z 			num-isoout-endpoints = < 0x1 >;
2025-12-16T12:36:40.6681016Z 			status = "okay";
2025-12-16T12:36:40.6681177Z 		};
2025-12-16T12:36:40.6681328Z 		uart1: uart@40028000 {
2025-12-16T12:36:40.6681537Z 			compatible = "nordic,nrf-uarte";
2025-12-16T12:36:40.6681756Z 			reg = < 0x40028000 0x1000 >;
2025-12-16T12:36:40.6682126Z 			interrupts = < 0x28 0x1 >;
2025-12-16T12:36:40.6682399Z 			status = "disabled";
2025-12-16T12:36:40.6682574Z 		};
2025-12-16T12:36:40.6682724Z 		qspi: qspi@40029000 {
2025-12-16T12:36:40.6682929Z 			compatible = "nordic,nrf-qspi";
2025-12-16T12:36:40.6683156Z 			#address-cells = < 0x1 >;
2025-12-16T12:36:40.6683364Z 			#size-cells = < 0x0 >;
2025-12-16T12:36:40.6683589Z 			reg = < 0x40029000 0x1000 >, < 0x12000000 0x8000000 >;
2025-12-16T12:36:40.6683859Z 			reg-names = "qspi", "qspi_mm";
2025-12-16T12:36:40.6684073Z 			interrupts = < 0x29 0x1 >;
2025-12-16T12:36:40.6684279Z 			status = "disabled";
2025-12-16T12:36:40.6684451Z 		};
2025-12-16T12:36:40.6684596Z 		pwm3: pwm@4002d000 {
2025-12-16T12:36:40.6684790Z 			compatible = "nordic,nrf-pwm";
2025-12-16T12:36:40.6685004Z 			reg = < 0x4002d000 0x1000 >;
2025-12-16T12:36:40.6685202Z 			interrupts = < 0x2d 0x1 >;
2025-12-16T12:36:40.6685403Z 			status = "disabled";
2025-12-16T12:36:40.6685587Z 			#pwm-cells = < 0x3 >;
2025-12-16T12:36:40.6685764Z 		};
2025-12-16T12:36:40.6685912Z 		spi3: spi@4002f000 {
2025-12-16T12:36:40.6686109Z 			compatible = "nordic,nrf-spim";
2025-12-16T12:36:40.6686330Z 			#address-cells = < 0x1 >;
2025-12-16T12:36:40.6686532Z 			#size-cells = < 0x0 >;
2025-12-16T12:36:40.6686734Z 			reg = < 0x4002f000 0x1000 >;
2025-12-16T12:36:40.6686932Z 			interrupts = < 0x2f 0x1 >;
2025-12-16T12:36:40.6687143Z 			max-frequency = < 0x1e84800 >;
2025-12-16T12:36:40.6687366Z 			easydma-maxcnt-bits = < 0x10 >;
2025-12-16T12:36:40.6687585Z 			rx-delay-supported;
2025-12-16T12:36:40.6687772Z 			rx-delay = < 0x2 >;
2025-12-16T12:36:40.6687952Z 			status = "okay";
2025-12-16T12:36:40.6688141Z 			pinctrl-0 = < &spi3_default >;
2025-12-16T12:36:40.6688354Z 			pinctrl-1 = < &spi3_sleep >;
2025-12-16T12:36:40.6688579Z 			pinctrl-names = "default", "sleep";
2025-12-16T12:36:40.6688817Z 			led_strip: ws2812@0 {
2025-12-16T12:36:40.6689027Z 				compatible = "worldsemi,ws2812-spi";
2025-12-16T12:36:40.6689259Z 				reg = < 0x0 >;
2025-12-16T12:36:40.6689450Z 				spi-max-frequency = < 0x3d0900 >;
2025-12-16T12:36:40.6689679Z 				chain-length = < 0x15 >;
2025-12-16T12:36:40.6689890Z 				spi-one-frame = < 0x70 >;
2025-12-16T12:36:40.6690100Z 				spi-zero-frame = < 0x40 >;
2025-12-16T12:36:40.6690517Z 				color-mapping = < 0x2 0x1 0x3 >;
2025-12-16T12:36:40.6690737Z 			};
2025-12-16T12:36:40.6690881Z 		};
2025-12-16T12:36:40.6691027Z 		gpio0: gpio@50000000 {
2025-12-16T12:36:40.6691228Z 			compatible = "nordic,nrf-gpio";
2025-12-16T12:36:40.6691447Z 			gpio-controller;
2025-12-16T12:36:40.6691639Z 			reg = < 0x50000000 0x200 0x50000500 0x300 >;
2025-12-16T12:36:40.6691879Z 			#gpio-cells = < 0x2 >;
2025-12-16T12:36:40.6692281Z 			status = "okay";
2025-12-16T12:36:40.6692452Z 			port = < 0x0 >;
2025-12-16T12:36:40.6692640Z 			gpiote-instance = < &gpiote >;
2025-12-16T12:36:40.6692857Z 			phandle = < 0x4 >;
2025-12-16T12:36:40.6693030Z 		};
2025-12-16T12:36:40.6693174Z 		gpio1: gpio@50000300 {
2025-12-16T12:36:40.6693372Z 			compatible = "nordic,nrf-gpio";
2025-12-16T12:36:40.6693587Z 			gpio-controller;
2025-12-16T12:36:40.6693773Z 			reg = < 0x50000300 0x200 0x50000800 0x300 >;
2025-12-16T12:36:40.6694012Z 			#gpio-cells = < 0x2 >;
2025-12-16T12:36:40.6694202Z 			ngpios = < 0x10 >;
2025-12-16T12:36:40.6694516Z 			status = "okay";
2025-12-16T12:36:40.6694686Z 			port = < 0x1 >;
2025-12-16T12:36:40.6694866Z 			gpiote-instance = < &gpiote >;
2025-12-16T12:36:40.6695075Z 			phandle = < 0xd >;
2025-12-16T12:36:40.6695245Z 		};
2025-12-16T12:36:40.6695404Z 		cryptocell: crypto@5002a000 {
2025-12-16T12:36:40.6695670Z 			compatible = "nordic,cryptocell", "arm,cryptocell-310";
2025-12-16T12:36:40.6695979Z 			reg = < 0x5002a000 0x1000 >, < 0x5002b000 0x1000 >;
2025-12-16T12:36:40.6696233Z 			reg-names = "wrapper", "core";
2025-12-16T12:36:40.6696449Z 			interrupts = < 0x2a 0x1 >;
2025-12-16T12:36:40.6696655Z 			status = "disabled";
2025-12-16T12:36:40.6696831Z 		};
2025-12-16T12:36:40.6696975Z 	};
2025-12-16T12:36:40.6697139Z 	pinctrl: pin-controller {
2025-12-16T12:36:40.6697357Z 		compatible = "nordic,nrf-pinctrl";
2025-12-16T12:36:40.6697594Z 		spi0_default: spi0_default {
2025-12-16T12:36:40.6697796Z 			phandle = < 0x2 >;
2025-12-16T12:36:40.6697976Z 			group1 {
2025-12-16T12:36:40.6698182Z 				psels = < 0x4000014 >, < 0x5000011 >, < 0x6000019 >;
2025-12-16T12:36:40.6698420Z 			};
2025-12-16T12:36:40.6698565Z 		};
2025-12-16T12:36:40.6698721Z 		spi0_sleep: spi0_sleep {
2025-12-16T12:36:40.6698913Z 			phandle = < 0x3 >;
2025-12-16T12:36:40.6699085Z 			group1 {
2025-12-16T12:36:40.6699273Z 				psels = < 0x4000014 >, < 0x5000011 >, < 0x6000019 >;
2025-12-16T12:36:40.6699519Z 				low-power-enable;
2025-12-16T12:36:40.6699708Z 			};
2025-12-16T12:36:40.6699854Z 		};
2025-12-16T12:36:40.6700009Z 		pwm0_default: pwm0_default {
2025-12-16T12:36:40.6700216Z 			phandle = < 0x5 >;
2025-12-16T12:36:40.6700394Z 			group1 {
2025-12-16T12:36:40.6700550Z 				psels = < 0x1600002d >;
2025-12-16T12:36:40.6700749Z 			};
2025-12-16T12:36:40.6700893Z 		};
2025-12-16T12:36:40.6701047Z 		pwm0_sleep: pwm0_sleep {
2025-12-16T12:36:40.6701251Z 			phandle = < 0x6 >;
2025-12-16T12:36:40.6701424Z 			group1 {
2025-12-16T12:36:40.6701577Z 				psels = < 0x1600002d >;
2025-12-16T12:36:40.6701776Z 				low-power-enable;
2025-12-16T12:36:40.6702267Z 			};
2025-12-16T12:36:40.6702487Z 		};
2025-12-16T12:36:40.6702904Z 		spi3_default: spi3_default {
2025-12-16T12:36:40.6703182Z 			phandle = < 0x7 >;
2025-12-16T12:36:40.6703442Z 			group1 {
2025-12-16T12:36:40.6703811Z 				psels = < 0x500002c >;
2025-12-16T12:36:40.6704092Z 			};
2025-12-16T12:36:40.6704279Z 		};
2025-12-16T12:36:40.6704597Z 		spi3_sleep: spi3_sleep {
2025-12-16T12:36:40.6704890Z 			phandle = < 0x8 >;
2025-12-16T12:36:40.6705105Z 			group1 {
2025-12-16T12:36:40.6705454Z 				psels = < 0x500002c >;
2025-12-16T12:36:40.6705732Z 				low-power-enable;
2025-12-16T12:36:40.6717507Z 			};
2025-12-16T12:36:40.6717678Z 		};
2025-12-16T12:36:40.6717827Z 	};
2025-12-16T12:36:40.6717993Z 	rng_hci: entropy_bt_hci {
2025-12-16T12:36:40.6718230Z 		compatible = "zephyr,bt-hci-entropy";
2025-12-16T12:36:40.6718489Z 		status = "okay";
2025-12-16T12:36:40.6718664Z 	};
2025-12-16T12:36:40.6718821Z 	sw_pwm: sw-pwm {
2025-12-16T12:36:40.6719019Z 		compatible = "nordic,nrf-sw-pwm";
2025-12-16T12:36:40.6719441Z 		status = "disabled";
2025-12-16T12:36:40.6719641Z 		generator = < &timer1 >;
2025-12-16T12:36:40.6719851Z 		clock-prescaler = < 0x0 >;
2025-12-16T12:36:40.6720066Z 		#pwm-cells = < 0x3 >;
2025-12-16T12:36:40.6720238Z 	};
2025-12-16T12:36:40.6720385Z 	cpus {
2025-12-16T12:36:40.6720546Z 		#address-cells = < 0x1 >;
2025-12-16T12:36:40.6720742Z 		#size-cells = < 0x0 >;
2025-12-16T12:36:40.6720925Z 		cpu@0 {
2025-12-16T12:36:40.6721086Z 			device_type = "cpu";
2025-12-16T12:36:40.6721283Z 			compatible = "arm,cortex-m4f";
2025-12-16T12:36:40.6721506Z 			reg = < 0x0 >;
2025-12-16T12:36:40.6721690Z 			#address-cells = < 0x1 >;
2025-12-16T12:36:40.6721888Z 			#size-cells = < 0x1 >;
2025-12-16T12:36:40.6722363Z 			itm: itm@e0000000 {
2025-12-16T12:36:40.6722573Z 				compatible = "arm,armv7m-itm";
2025-12-16T12:36:40.6722829Z 				reg = < 0xe0000000 0x1000 >;
2025-12-16T12:36:40.6723060Z 				swo-ref-frequency = < 0x1e84800 >;
2025-12-16T12:36:40.6723285Z 			};
2025-12-16T12:36:40.6723428Z 		};
2025-12-16T12:36:40.6723716Z 	};
2025-12-16T12:36:40.6723890Z 	key_physical_attrs: key_physical_attrs {
2025-12-16T12:36:40.6724158Z 		compatible = "zmk,key-physical-attrs";
2025-12-16T12:36:40.6724390Z 		#key-cells = < 0x7 >;
2025-12-16T12:36:40.6724573Z 		phandle = < 0xc >;
2025-12-16T12:36:40.6724742Z 	};
2025-12-16T12:36:40.6724896Z 	default_layout: default_layout {
2025-12-16T12:36:40.6725135Z 		compatible = "zmk,physical-layout";
2025-12-16T12:36:40.6725375Z 		display-name = "Layout";
2025-12-16T12:36:40.6725579Z 		transform = < &default_transform >;
2025-12-16T12:36:40.6732277Z 		keys = < &key_physical_attrs 0x64 0x64 0x0 0x25 0x0 0x0 0x0 >, < &key_physical_attrs 0x64 0x64 0x64 0x25 0x0 0x0 0x0 >, < &key_physical_attrs 0x64 0x64 0xc8 0xc 0x0 0x0 0x0 >, < &key_physical_attrs 0x64 0x64 0x12c 0x0 0x0 0x0 0x0 >, < &key_physical_attrs 0x64 0x64 0x190 0xc 0x0 0x0 0x0 >, < &key_physical_attrs 0x64 0x64 0x1f4 0x18 0x0 0x0 0x0 >, < &key_physical_attrs 0x64 0x64 0x39d 0x18 0x0 0x0 0x0 >, < &key_physical_attrs 0x64 0x64 0x47e 0x18 0x0 0x0 0x0 >, < &key_physical_attrs 0x64 0x64 0x4e2 0xc 0x0 0x0 0x0 >, < &key_physical_attrs 0x64 0x64 0x546 0x0 0x0 0x0 0x0 >, < &key_physical_attrs 0x64 0x64 0x5aa 0xc 0x0 0x0 0x0 >, < &key_physical_attrs 0x64 0x64 0x60e 0x25 0x0 0x0 0x0 >, < &key_physical_attrs 0x64 0x64 0x672 0x25 0x0 0x0 0x0 >, < &key_physical_attrs 0x64 0x64 0x0 0x89 0x0 0x0 0x0 >, < &key_physical_attrs 0x64 0x64 0x64 0x89 0x0 0x0 0x0 >, < &key_physical_attrs 0x64 0x64 0xc8 0x70 0x0 0x0 0x0 >, < &key_physical_attrs 0x64 0x64 0x12c 0x64 0x0 0x0 0x0 >, < &key_physical_attrs 0x64 0x64 0x190 0x70 0x0 0x0 0x0 >, < &key_physical_attrs 0x64 0x64 0x1f4 0x7c 0x0 0x0 0x0 >, < &key_physical_attrs 0x64 0x64 0x339 0x7c 0x0 0x0 0x0 >, < &key_physical_attrs 0x64 0x64 0x39d 0x7c 0x0 0x0 0x0 >, < &key_physical_attrs 0x64 0x64 0x401 0x7c 0x0 0x0 0x0 >, < &key_physical_attrs 0x64 0x64 0x47e 0x7c 0x0 0x0 0x0 >, < &key_physical_attrs 0x64 0x64 0x4e2 0x70 0x0 0x0 0x0 >, < &key_physical_attrs 0x64 0x64 0x546 0x64 0x0 0x0 0x0 >, < &key_physical_attrs 0x64 0x64 0x5aa 0x70 0x0 0x0 0x0 >, < &key_physical_attrs 0x64 0x64 0x60e 0x89 0x0 0x0 0x0 >, < &key_physical_attrs 0x64 0x64 0x672 0x89 0x0 0x0 0x0 >, < &key_physical_attrs 0x64 0x64 0x0 0xed 0x0 0x0 0x0 >, < &key_physical_attrs 0x64 0x64 0x64 0xed 0x0 0x0 0x0 >, < &key_physical_attrs 0x64 0x64 0xc8 0xd4 0x0 0x0 0x0 >, < &key_physical_attrs 0x64 0x64 0x12c 0xc8 0x0 0x0 0x0 >, < &key_physical_attrs 0x64 0x64 0x190 0xd4 0x0 0x0 0x0 >, < &key_physical_attrs 0x64 0x64 0x1f4 0xe0 0x0 0x0 0x0 >, < &key_physical_attrs 0x64 0x64 0x271 0xe0 0x0 0x0 0x0 >, < &key_physical_attrs 0x64 0x64 0x39d 0xe0 0x0 0x0 0x0 >, < &key_physical_attrs 0x64 0x64 0x47e 0xe0 0x0 0x0 0x0 >, < &key_physical_attrs 0x64 0x64 0x4e2 0xd4 0x0 0x0 0x0 >, < &key_physical_attrs 0x64 0x64 0x546 0xc8 0x0 0x0 0x0 >, < &key_physical_attrs 0x64 0x64 0x5aa 0xd4 0x0 0x0 0x0 >, < &key_physical_attrs 0x64 0x64 0x60e 0xed 0x0 0x0 0x0 >, < &key_physical_attrs 0x64 0x64 0x672 0xed 0x0 0x0 0x0 >, < &key_physical_attrs 0x64 0x64 0x15e 0x138 0x0 0x0 0x0 >, < &key_physical_attrs 0x64 0x64 0x1c2 0x138 0x4b0 0x1c2 0x19c >, < &key_physical_attrs 0x64 0x64 0x226 0x138 0x960 0x203 0x1b1 >, < &key_physical_attrs 0x64 0x64 0x44c 0x138 0xfffff6a0 0x4ce 0x1b1 >, < &key_physical_attrs 0x64 0x64 0x4b0 0x138 0xfffffb50 0x514 0x19c >, < &key_physical_attrs 0x64 0x64 0x514 0x138 0x0 0x0 0x0 >;
2025-12-16T12:36:40.6738805Z 	};
2025-12-16T12:36:40.6738949Z 	vbatt: vbatt {
2025-12-16T12:36:40.6739149Z 		compatible = "zmk,battery-nrf-vddh";
2025-12-16T12:36:40.6739373Z 	};
2025-12-16T12:36:40.6739514Z 	EXT_POWER {
2025-12-16T12:36:40.6739702Z 		compatible = "zmk,ext-power-generic";
2025-12-16T12:36:40.6739975Z 		control-gpios = < &gpio0 0xd 0x0 >;
2025-12-16T12:36:40.6740204Z 		init-delay-ms = < 0x32 >;
2025-12-16T12:36:40.6740397Z 	};
2025-12-16T12:36:40.6740558Z 	left_encoder: encoder_left {
2025-12-16T12:36:40.6740773Z 		compatible = "alps,ec11";
2025-12-16T12:36:40.6740981Z 		a-gpios = < &gpio1 0xa 0x10 >;
2025-12-16T12:36:40.6741203Z 		b-gpios = < &gpio1 0xe 0x10 >;
2025-12-16T12:36:40.6741529Z 		steps = < 0x1e >;
2025-12-16T12:36:40.6741708Z 		status = "disabled";
2025-12-16T12:36:40.6741889Z 		phandle = < 0xe >;
2025-12-16T12:36:40.6742276Z 	};
2025-12-16T12:36:40.6742423Z 	sensors {
2025-12-16T12:36:40.6742600Z 		compatible = "zmk,keymap-sensors";
2025-12-16T12:36:40.6742849Z 		triggers-per-rotation = < 0xf >;
2025-12-16T12:36:40.6743074Z 		sensors = < &left_encoder >;
2025-12-16T12:36:40.6743269Z 	};
2025-12-16T12:36:40.6743413Z 	kscan0: kscan {
2025-12-16T12:36:40.6743601Z 		compatible = "zmk,kscan-gpio-matrix";
2025-12-16T12:36:40.6743836Z 		wakeup-source;
2025-12-16T12:36:40.6744018Z 		diode-direction = "col2row";
2025-12-16T12:36:40.6744396Z 		row-gpios = < &gpio0 0x13 0x20 >, < &gpio0 0x8 0x20 >, < &gpio0 0xc 0x20 >, < &gpio0 0xb 0x20 >, < &gpio1 0x9 0x20 >;
2025-12-16T12:36:40.6745023Z 		col-gpios = < &gpio0 0x3 0x0 >, < &gpio0 0x1c 0x0 >, < &gpio0 0x1e 0x0 >, < &gpio0 0x15 0x0 >, < &gpio0 0x17 0x0 >, < &gpio0 0x16 0x0 >, < &gpio0 0x1d 0x0 >;
2025-12-16T12:36:40.6745478Z 	};
2025-12-16T12:36:40.6745646Z 	default_transform: keymap_transform_0 {
2025-12-16T12:36:40.6745909Z 		compatible = "zmk,matrix-transform";
2025-12-16T12:36:40.6746139Z 		columns = < 0xe >;
2025-12-16T12:36:40.6746311Z 		rows = < 0x5 >;
2025-12-16T12:36:40.6747013Z 		map = < 0x0 0x1 0x2 0x3 0x4 0x5 0xc 0xd 0x7 0x8 0x9 0xa 0xb 0x100 0x101 0x102 0x103 0x104 0x105 0x20c 0x40c 0x30c 0x10d 0x107 0x108 0x109 0x10a 0x10b 0x200 0x201 0x202 0x203 0x204 0x205 0x302 0x10c 0x20d 0x207 0x208 0x209 0x20a 0x20b 0x303 0x304 0x305 0x30d 0x307 0x308 >;
2025-12-16T12:36:40.6747762Z 		col-offset = < 0x7 >;
2025-12-16T12:36:40.6747951Z 		phandle = < 0xb >;
2025-12-16T12:36:40.6748109Z 	};
2025-12-16T12:36:40.6748255Z 	backlight: pwmleds {
2025-12-16T12:36:40.6748449Z 		compatible = "pwm-leds";
2025-12-16T12:36:40.6748641Z 		pwm_led_0 {
2025-12-16T12:36:40.6748823Z 			pwms = < &pwm0 0x0 0xf4240 0x0 >;
2025-12-16T12:36:40.6749040Z 		};
2025-12-16T12:36:40.6749179Z 	};
2025-12-16T12:36:40.6749332Z 	zip_xy_scaler: zip_xy_scaler {
2025-12-16T12:36:40.6749588Z 		compatible = "zmk,input-processor-scaler";
2025-12-16T12:36:40.6749862Z 		#input-processor-cells = < 0x2 >;
2025-12-16T12:36:40.6750083Z 		type = < 0x2 >;
2025-12-16T12:36:40.6750255Z 		codes = < 0x0 0x1 >;
2025-12-16T12:36:40.6750444Z 		track-remainders;
2025-12-16T12:36:40.6750617Z 		phandle = < 0x15 >;
2025-12-16T12:36:40.6750787Z 	};
2025-12-16T12:36:40.6750952Z 	zip_scroll_scaler: zip_scroll_scaler {
2025-12-16T12:36:40.6751211Z 		compatible = "zmk,input-processor-scaler";
2025-12-16T12:36:40.6751470Z 		#input-processor-cells = < 0x2 >;
2025-12-16T12:36:40.6751688Z 		type = < 0x2 >;
2025-12-16T12:36:40.6751848Z 		codes = < 0x8 0x6 >;
2025-12-16T12:36:40.6752137Z 		track-remainders;
2025-12-16T12:36:40.6752314Z 		phandle = < 0x17 >;
2025-12-16T12:36:40.6752476Z 	};
2025-12-16T12:36:40.6752654Z 	zip_button_behaviors: zip_button_behaviors {
2025-12-16T12:36:40.6752942Z 		compatible = "zmk,input-processor-behaviors";
2025-12-16T12:36:40.6753212Z 		#input-processor-cells = < 0x0 >;
2025-12-16T12:36:40.6753569Z 		codes = < 0x100 0x101 0x102 >;
2025-12-16T12:36:40.6753800Z 		bindings = < &none &none &none >;
2025-12-16T12:36:40.6754006Z 	};
2025-12-16T12:36:40.6754146Z 	behaviors {
2025-12-16T12:36:40.6754307Z 		kp: key_press {
2025-12-16T12:36:40.6754507Z 			compatible = "zmk,behavior-key-press";
2025-12-16T12:36:40.6754758Z 			#binding-cells = < 0x1 >;
2025-12-16T12:36:40.6754974Z 			display-name = "Key Press";
2025-12-16T12:36:40.6755184Z 			phandle = < 0x11 >;
2025-12-16T12:36:40.6755356Z 		};
2025-12-16T12:36:40.6755508Z 		trans: transparent {
2025-12-16T12:36:40.6755719Z 			compatible = "zmk,behavior-transparent";
2025-12-16T12:36:40.6755965Z 			#binding-cells = < 0x0 >;
2025-12-16T12:36:40.6756178Z 			display-name = "Transparent";
2025-12-16T12:36:40.6756391Z 			phandle = < 0x1f >;
2025-12-16T12:36:40.6756557Z 		};
2025-12-16T12:36:40.6756704Z 		none: none {
2025-12-16T12:36:40.6756890Z 			compatible = "zmk,behavior-none";
2025-12-16T12:36:40.6757120Z 			#binding-cells = < 0x0 >;
2025-12-16T12:36:40.6757467Z 			display-name = "None";
2025-12-16T12:36:40.6757664Z 			phandle = < 0x10 >;
2025-12-16T12:36:40.6757829Z 		};
2025-12-16T12:36:40.6757975Z 		lt: layer_tap {
2025-12-16T12:36:40.6758176Z 			compatible = "zmk,behavior-hold-tap";
2025-12-16T12:36:40.6758412Z 			#binding-cells = < 0x2 >;
2025-12-16T12:36:40.6758617Z 			flavor = "tap-preferred";
2025-12-16T12:36:40.6758825Z 			tapping-term-ms = < 0xc8 >;
2025-12-16T12:36:40.6759039Z 			bindings = < &mo >, < &kp >;
2025-12-16T12:36:40.6759247Z 			display-name = "Layer-Tap";
2025-12-16T12:36:40.6759452Z 			phandle = < 0x1e >;
2025-12-16T12:36:40.6759622Z 		};
2025-12-16T12:36:40.6759767Z 		mo: momentary_layer {
2025-12-16T12:36:40.6759997Z 			compatible = "zmk,behavior-momentary-layer";
2025-12-16T12:36:40.6760263Z 			#binding-cells = < 0x1 >;
2025-12-16T12:36:40.6760467Z 			display-name = "Momentary Layer";
2025-12-16T12:36:40.6760693Z 			phandle = < 0x12 >;
2025-12-16T12:36:40.6760860Z 		};
2025-12-16T12:36:40.6761006Z 		sys_reset: sysreset {
2025-12-16T12:36:40.6761217Z 			compatible = "zmk,behavior-reset";
2025-12-16T12:36:40.6761453Z 			#binding-cells = < 0x0 >;
2025-12-16T12:36:40.6761653Z 			display-name = "Reset";
2025-12-16T12:36:40.6761850Z 			phandle = < 0x1a >;
2025-12-16T12:36:40.6762217Z 		};
2025-12-16T12:36:40.6762413Z 		bootloader: bootload {
2025-12-16T12:36:40.6762633Z 			compatible = "zmk,behavior-reset";
2025-12-16T12:36:40.6762857Z 			type = < 0x57 >;
2025-12-16T12:36:40.6763023Z 			bootloader;
2025-12-16T12:36:40.6763195Z 			#binding-cells = < 0x0 >;
2025-12-16T12:36:40.6763403Z 			display-name = "Bootloader";
2025-12-16T12:36:40.6763612Z 			phandle = < 0x1b >;
2025-12-16T12:36:40.6763776Z 		};
2025-12-16T12:36:40.6763922Z 		rgb_ug: rgb_ug {
2025-12-16T12:36:40.6764140Z 			compatible = "zmk,behavior-rgb-underglow";
2025-12-16T12:36:40.6764388Z 			#binding-cells = < 0x2 >;
2025-12-16T12:36:40.6764591Z 			display-name = "Underglow";
2025-12-16T12:36:40.6764798Z 			phandle = < 0x18 >;
2025-12-16T12:36:40.6764975Z 		};
2025-12-16T12:36:40.6765130Z 		bt: bluetooth {
2025-12-16T12:36:40.6765325Z 			compatible = "zmk,behavior-bluetooth";
2025-12-16T12:36:40.6765566Z 			#binding-cells = < 0x2 >;
2025-12-16T12:36:40.6765776Z 			display-name = "Bluetooth";
2025-12-16T12:36:40.6765983Z 			phandle = < 0x19 >;
2025-12-16T12:36:40.6766153Z 		};
2025-12-16T12:36:40.6766309Z 		ext_power: extpower {
2025-12-16T12:36:40.6766518Z 			compatible = "zmk,behavior-ext-power";
2025-12-16T12:36:40.6766754Z 			#binding-cells = < 0x1 >;
2025-12-16T12:36:40.6766970Z 			display-name = "External Power";
2025-12-16T12:36:40.6767191Z 		};
2025-12-16T12:36:40.6767330Z 		out: outputs {
2025-12-16T12:36:40.6767526Z 			compatible = "zmk,behavior-outputs";
2025-12-16T12:36:40.6767768Z 			#binding-cells = < 0x1 >;
2025-12-16T12:36:40.6767982Z 			display-name = "Output Selection";
2025-12-16T12:36:40.6768212Z 			phandle = < 0x1d >;
2025-12-16T12:36:40.6768385Z 		};
2025-12-16T12:36:40.6768533Z 		macro_tap: macro_tap {
2025-12-16T12:36:40.6768961Z 			compatible = "zmk,macro-control-mode-tap";
2025-12-16T12:36:40.6769227Z 			#binding-cells = < 0x0 >;
2025-12-16T12:36:40.6769414Z 		};
2025-12-16T12:36:40.6769563Z 		macro_press: macro_press {
2025-12-16T12:36:40.6769802Z 			compatible = "zmk,macro-control-mode-press";
2025-12-16T12:36:40.6770065Z 			#binding-cells = < 0x0 >;
2025-12-16T12:36:40.6770247Z 		};
2025-12-16T12:36:40.6770409Z 		macro_release: macro_release {
2025-12-16T12:36:40.6770664Z 			compatible = "zmk,macro-control-mode-release";
2025-12-16T12:36:40.6770924Z 			#binding-cells = < 0x0 >;
2025-12-16T12:36:40.6771112Z 		};
2025-12-16T12:36:40.6771272Z 		macro_tap_time: macro_tap_time {
2025-12-16T12:36:40.6771520Z 			compatible = "zmk,macro-control-tap-time";
2025-12-16T12:36:40.6771773Z 			#binding-cells = < 0x1 >;
2025-12-16T12:36:40.6772126Z 		};
2025-12-16T12:36:40.6772346Z 		macro_wait_time: macro_wait_time {
2025-12-16T12:36:40.6772610Z 			compatible = "zmk,macro-control-wait-time";
2025-12-16T12:36:40.6772867Z 			#binding-cells = < 0x1 >;
2025-12-16T12:36:40.6773191Z 		};
2025-12-16T12:36:40.6773385Z 		macro_pause_for_release: macro_pause_for_release {
2025-12-16T12:36:40.6773682Z 			compatible = "zmk,macro-pause-for-release";
2025-12-16T12:36:40.6773938Z 			#binding-cells = < 0x0 >;
2025-12-16T12:36:40.6774121Z 		};
2025-12-16T12:36:40.6774283Z 		macro_param_1to1: macro_param_1to1 {
2025-12-16T12:36:40.6774535Z 			compatible = "zmk,macro-param-1to1";
2025-12-16T12:36:40.6774769Z 			#binding-cells = < 0x0 >;
2025-12-16T12:36:40.6774959Z 		};
2025-12-16T12:36:40.6775121Z 		macro_param_1to2: macro_param_1to2 {
2025-12-16T12:36:40.6775600Z 			compatible = "zmk,macro-param-1to2";
2025-12-16T12:36:40.6775838Z 			#binding-cells = < 0x0 >;
2025-12-16T12:36:40.6776026Z 		};
2025-12-16T12:36:40.6776179Z 		macro_param_2to1: macro_param_2to1 {
2025-12-16T12:36:40.6776421Z 			compatible = "zmk,macro-param-2to1";
2025-12-16T12:36:40.6776653Z 			#binding-cells = < 0x0 >;
2025-12-16T12:36:40.6776832Z 		};
2025-12-16T12:36:40.6776991Z 		macro_param_2to2: macro_param_2to2 {
2025-12-16T12:36:40.6777244Z 			compatible = "zmk,macro-param-2to2";
2025-12-16T12:36:40.6777469Z 			#binding-cells = < 0x0 >;
2025-12-16T12:36:40.6777656Z 		};
2025-12-16T12:36:40.6777814Z 		studio_unlock: studio_unlock {
2025-12-16T12:36:40.6778058Z 			compatible = "zmk,behavior-studio-unlock";
2025-12-16T12:36:40.6778303Z 			#binding-cells = < 0x0 >;
2025-12-16T12:36:40.6778514Z 			display-name = "Studio Unlock";
2025-12-16T12:36:40.6778733Z 			phandle = < 0x1c >;
2025-12-16T12:36:40.6778904Z 		};
2025-12-16T12:36:40.6779059Z 		mkp: mouse_key_press {
2025-12-16T12:36:40.6779292Z 			compatible = "zmk,behavior-mouse-key-press";
2025-12-16T12:36:40.6779550Z 			#binding-cells = < 0x1 >;
2025-12-16T12:36:40.6779758Z 			display-name = "Mouse Key Press";
2025-12-16T12:36:40.6779981Z 			phandle = < 0x13 >;
2025-12-16T12:36:40.6780145Z 		};
2025-12-16T12:36:40.6780290Z 		mmv: mouse_move {
2025-12-16T12:36:40.6780499Z 			compatible = "zmk,behavior-input-two-axis";
2025-12-16T12:36:40.6780752Z 			#binding-cells = < 0x1 >;
2025-12-16T12:36:40.6780961Z 			x-input-code = < 0x0 >;
2025-12-16T12:36:40.6781165Z 			y-input-code = < 0x1 >;
2025-12-16T12:36:40.6781372Z 			time-to-max-speed-ms = < 0x1f4 >;
2025-12-16T12:36:40.6781612Z 			acceleration-exponent = < 0x1 >;
2025-12-16T12:36:40.6781847Z 			trigger-period-ms = < 0x10 >;
2025-12-16T12:36:40.6782284Z 			phandle = < 0x14 >;
2025-12-16T12:36:40.6782456Z 		};
2025-12-16T12:36:40.6782605Z 		msc: mouse_scroll {
2025-12-16T12:36:40.6782821Z 			compatible = "zmk,behavior-input-two-axis";
2025-12-16T12:36:40.6783072Z 			#binding-cells = < 0x1 >;
2025-12-16T12:36:40.6783274Z 			x-input-code = < 0x6 >;
2025-12-16T12:36:40.6783479Z 			y-input-code = < 0x8 >;
2025-12-16T12:36:40.6783681Z 			time-to-max-speed-ms = < 0x1f4 >;
2025-12-16T12:36:40.6783923Z 			acceleration-exponent = < 0x1 >;
2025-12-16T12:36:40.6784151Z 			delay-ms = < 0x0 >;
2025-12-16T12:36:40.6784329Z 			phandle = < 0x16 >;
2025-12-16T12:36:40.6784500Z 		};
2025-12-16T12:36:40.6784645Z 		td0: td0 {
2025-12-16T12:36:40.6784963Z 			compatible = "zmk,behavior-tap-dance";
2025-12-16T12:36:40.6785241Z 			display-name = "Shift/Caps Lock Tap Dance";
2025-12-16T12:36:40.6785494Z 			#binding-cells = < 0x0 >;
2025-12-16T12:36:40.6785719Z 			bindings = < &kp 0x700e1 >, < &kp 0x70039 >;
2025-12-16T12:36:40.6785953Z 		};
2025-12-16T12:36:40.6786118Z 		parenthesis: parenthesis {
2025-12-16T12:36:40.6786346Z 			compatible = "zmk,behavior-tap-dance";
2025-12-16T12:36:40.6786596Z 			label = "PARENTHESIS";
2025-12-16T12:36:40.6786800Z 			#binding-cells = < 0x0 >;
2025-12-16T12:36:40.6787030Z 			bindings = < &kp 0x2070027 >, < &kp 0x2070026 >;
2025-12-16T12:36:40.6787289Z 			phandle = < 0x20 >;
2025-12-16T12:36:40.6787464Z 		};
2025-12-16T12:36:40.6787617Z 		bracket: bracket {
2025-12-16T12:36:40.6787816Z 			compatible = "zmk,behavior-tap-dance";
2025-12-16T12:36:40.6788053Z 			label = "BRACKET";
2025-12-16T12:36:40.6788242Z 			#binding-cells = < 0x0 >;
2025-12-16T12:36:40.6788463Z 			bindings = < &kp 0x70031 >, < &kp 0x70030 >;
2025-12-16T12:36:40.6788828Z 			phandle = < 0x21 >;
2025-12-16T12:36:40.6789001Z 		};
2025-12-16T12:36:40.6789145Z 		brace: brace {
2025-12-16T12:36:40.6789340Z 			compatible = "zmk,behavior-tap-dance";
2025-12-16T12:36:40.6789574Z 			label = "BRACE";
2025-12-16T12:36:40.6789747Z 			#binding-cells = < 0x0 >;
2025-12-16T12:36:40.6789968Z 			bindings = < &kp 0x2070031 >, < &kp 0x2070030 >;
2025-12-16T12:36:40.6790218Z 			phandle = < 0x22 >;
2025-12-16T12:36:40.6790384Z 		};
2025-12-16T12:36:40.6790524Z 	};
2025-12-16T12:36:40.6790696Z 	mkp_input_listener: mkp_input_listener {
2025-12-16T12:36:40.6790942Z 		compatible = "zmk,input-listener";
2025-12-16T12:36:40.6791169Z 		device = < &mkp >;
2025-12-16T12:36:40.6791337Z 	};
2025-12-16T12:36:40.6791502Z 	mmv_input_listener: mmv_input_listener {
2025-12-16T12:36:40.6791743Z 		compatible = "zmk,input-listener";
2025-12-16T12:36:40.6792102Z 		device = < &mmv >;
2025-12-16T12:36:40.6792323Z 		input-processors = < &zip_xy_scaler 0x2 0x1 >;
2025-12-16T12:36:40.6792574Z 	};
2025-12-16T12:36:40.6792746Z 	msc_input_listener: msc_input_listener {
2025-12-16T12:36:40.6792995Z 		compatible = "zmk,input-listener";
2025-12-16T12:36:40.6793208Z 		device = < &msc >;
2025-12-16T12:36:40.6793426Z 		input-processors = < &zip_scroll_scaler 0x2 0x1 >;
2025-12-16T12:36:40.6793687Z 	};
2025-12-16T12:36:40.6793839Z 	rgb_encoder: rgb_encoder {
2025-12-16T12:36:40.6794076Z 		compatible = "zmk,behavior-sensor-rotate";
2025-12-16T12:36:40.6794342Z 		#sensor-binding-cells = < 0x0 >;
2025-12-16T12:36:40.6794602Z 		bindings = < &rgb_ug 0x7 0x0 >, < &rgb_ug 0x8 0x0 >;
2025-12-16T12:36:40.6794854Z 	};
2025-12-16T12:36:40.6795022Z 	scroll_encoder: scroll_encoder {
2025-12-16T12:36:40.6795280Z 		compatible = "zmk,behavior-sensor-rotate";
2025-12-16T12:36:40.6795540Z 		#sensor-binding-cells = < 0x0 >;
2025-12-16T12:36:40.6795784Z 		bindings = < &msc 0xffe7 >, < &msc 0x19 >;
2025-12-16T12:36:40.6796019Z 		tap-ms = < 0x64 >;
2025-12-16T12:36:40.6796187Z 	};
2025-12-16T12:36:40.6796331Z 	combos {
2025-12-16T12:36:40.6796510Z 		compatible = "zmk,combos";
2025-12-16T12:36:40.6796708Z 		device1 {
2025-12-16T12:36:40.6796876Z 			bindings = < &bt 0x3 0x0 >;
2025-12-16T12:36:40.6797094Z 			key-positions = < 0x4 0x2c >;
2025-12-16T12:36:40.6797305Z 			layers = < 0x3 >;
2025-12-16T12:36:40.6797472Z 		};
2025-12-16T12:36:40.6797615Z 		device2 {
2025-12-16T12:36:40.6797771Z 			bindings = < &bt 0x3 0x1 >;
2025-12-16T12:36:40.6797981Z 			key-positions = < 0x3 0x2c >;
2025-12-16T12:36:40.6798184Z 			layers = < 0x3 >;
2025-12-16T12:36:40.6798347Z 		};
2025-12-16T12:36:40.6798492Z 		device3 {
2025-12-16T12:36:40.6798652Z 			bindings = < &bt 0x3 0x2 >;
2025-12-16T12:36:40.6798852Z 			key-positions = < 0x2 0x2c >;
2025-12-16T12:36:40.6799058Z 			layers = < 0x3 >;
2025-12-16T12:36:40.6799224Z 		};
2025-12-16T12:36:40.6799361Z 		device4 {
2025-12-16T12:36:40.6799524Z 			bindings = < &bt 0x3 0x3 >;
2025-12-16T12:36:40.6799735Z 			key-positions = < 0x11 0x2c >;
2025-12-16T12:36:40.6799943Z 			layers = < 0x3 >;
2025-12-16T12:36:40.6800113Z 		};
2025-12-16T12:36:40.6800376Z 		device5 {
2025-12-16T12:36:40.6800538Z 			bindings = < &bt 0x3 0x4 >;
2025-12-16T12:36:40.6800737Z 			key-positions = < 0x10 0x2c >;
2025-12-16T12:36:40.6800943Z 			layers = < 0x3 >;
2025-12-16T12:36:40.6801105Z 		};
2025-12-16T12:36:40.6801244Z 		lsysreset {
2025-12-16T12:36:40.6801415Z 			bindings = < &sys_reset >;
2025-12-16T12:36:40.6801626Z 			key-positions = < 0x2c 0x1c >;
2025-12-16T12:36:40.6801822Z 		};
2025-12-16T12:36:40.6802072Z 		rsysreset {
2025-12-16T12:36:40.6802352Z 			bindings = < &sys_reset >;
2025-12-16T12:36:40.6802562Z 			key-positions = < 0x2d 0x29 >;
2025-12-16T12:36:40.6802765Z 		};
2025-12-16T12:36:40.6802910Z 		lbootloader {
2025-12-16T12:36:40.6803081Z 			bindings = < &bootloader >;
2025-12-16T12:36:40.6803292Z 			key-positions = < 0x2c 0xd >;
2025-12-16T12:36:40.6803491Z 		};
2025-12-16T12:36:40.6803630Z 		rbootloader {
2025-12-16T12:36:40.6803803Z 			bindings = < &bootloader >;
2025-12-16T12:36:40.6804011Z 			key-positions = < 0x1b 0x2d >;
2025-12-16T12:36:40.6804403Z 		};
2025-12-16T12:36:40.6804558Z 		sutudiounlock {
2025-12-16T12:36:40.6804751Z 			bindings = < &studio_unlock >;
2025-12-16T12:36:40.6804969Z 			key-positions = < 0x2c 0x0 >;
2025-12-16T12:36:40.6805173Z 		};
2025-12-16T12:36:40.6805315Z 		outble {
2025-12-16T12:36:40.6805473Z 			bindings = < &out 0x2 >;
2025-12-16T12:36:40.6805677Z 			key-positions = < 0x2c 0xe >;
2025-12-16T12:36:40.6805884Z 			layers = < 0x3 >;
2025-12-16T12:36:40.6806046Z 		};
2025-12-16T12:36:40.6806186Z 		outusb {
2025-12-16T12:36:40.6806344Z 			bindings = < &out 0x1 >;
2025-12-16T12:36:40.6806546Z 			key-positions = < 0x2c 0x1d >;
2025-12-16T12:36:40.6806752Z 			layers = < 0x3 >;
2025-12-16T12:36:40.6806916Z 		};
2025-12-16T12:36:40.6807053Z 	};
2025-12-16T12:36:40.6807192Z 	keymap {
2025-12-16T12:36:40.6807361Z 		compatible = "zmk,keymap";
2025-12-16T12:36:40.6807562Z 		default_layer {
2025-12-16T12:36:40.6807743Z 			display-name = "QWERTY";
2025-12-16T12:36:40.6809178Z 			bindings = < &kp 0x70029 &kp 0x70014 &kp 0x7001a &kp 0x70008 &kp 0x70015 &kp 0x70017 &mmv 0xfb50 &kp 0x7001c &kp 0x70018 &kp 0x7000c &kp 0x70012 &kp 0x70013 &kp 0x7002a &kp 0x700e1 &kp 0x70004 &kp 0x70016 &kp 0x70007 &kp 0x70009 &kp 0x7000a &mmv 0xfb500000 &mkp 0x1 &mmv 0x4b00000 &kp 0x7000b &kp 0x7000d &kp 0x7000e &kp 0x7000f &kp 0x70033 &kp 0x70029 &kp 0x700e0 &kp 0x7001d &kp 0x7001b &kp 0x70006 &kp 0x70019 &kp 0x70005 &none &mmv 0x4b0 &kp 0x70011 &kp 0x70010 &kp 0x70036 &kp 0x70037 &kp 0x70038 &kp 0x700e5 &kp 0x700e2 &mo 0x2 &lt 0x4 0x7002c &lt 0x3 0x70028 &mo 0x1 &kp 0x700e5 >;
2025-12-16T12:36:40.6810601Z 		};
2025-12-16T12:36:40.6810748Z 		lower_numer {
2025-12-16T12:36:40.6810922Z 			display-name = "NUMBER";
2025-12-16T12:36:40.6812592Z 			bindings = < &kp 0x7002b &none &kp 0x70026 &kp 0x70025 &kp 0x70024 &none &kp 0x7004a &kp 0x207002f &kp 0x7004e &kp 0x7004b &kp 0x70064 &kp 0x207001e &kp 0x7002f &kp 0x700e1 &kp 0x7002e &kp 0x70023 &kp 0x70022 &kp 0x70021 &kp 0x70027 &kp 0x70027 &kp 0x70029 &kp 0x2070021 &mmv 0xfb500000 &mmv 0x4b0 &mmv 0xfb50 &mmv 0x4b00000 &kp 0x4007001a &kp 0x70034 &kp 0x700e0 &none &kp 0x70020 &kp 0x7001f &kp 0x7001e &kp 0x70027 &none &kp 0x7004d &kp 0x70050 &kp 0x70051 &kp 0x70052 &kp 0x7004f &kp 0x70054 &kp 0x7002d &none &none &kp 0x700e2 &kp 0x7002c &none &mkp 0x1 >;
2025-12-16T12:36:40.6813991Z 		};
2025-12-16T12:36:40.6814144Z 		raise_symbol {
2025-12-16T12:36:40.6814329Z 			display-name = "SYMBOL";
2025-12-16T12:36:40.6815723Z 			bindings = < &kp 0x407002b &trans &kp 0x107004a &kp 0x7004a &kp 0x7004d &kp 0x107004d &kp 0x7004a &kp 0x4207002d &kp 0x7002d &kp 0x207002e &kp 0x2070022 &parenthesis &kp 0x7004c &kp 0x700e1 &trans &trans &trans &trans &trans &kp 0x70027 &trans &kp 0x2070021 &kp 0x70027 &kp 0x2070025 &kp 0x2070020 &kp 0x2070021 &bracket &kp 0x70035 &kp 0x700e0 &trans &trans &trans &trans &trans &trans &kp 0x7004d &kp 0x7002e &kp 0x207001f &kp 0x207001e &kp 0x4007001a &brace &kp 0x2070024 &trans &none &trans &kp 0x70028 &trans &trans >;
2025-12-16T12:36:40.6817130Z 		};
2025-12-16T12:36:40.6817288Z 		fn_layer {
2025-12-16T12:36:40.6817588Z 			display-name = "FN";
2025-12-16T12:36:40.6818718Z 			bindings = < &none &kp 0x70043 &kp 0x70042 &kp 0x70041 &kp 0x70040 &none &rgb_ug 0x7 0x0 &none &none &none &none &none &none &none &kp 0x70044 &kp 0x7003f &kp 0x7003e &kp 0x7003d &none &rgb_ug 0xc 0x0 &rgb_ug 0x0 0x0 &rgb_ug 0xb 0x0 &none &none &none &none &none &none &none &kp 0x70045 &kp 0x7003c &kp 0x7003b &kp 0x7003a &none &none &rgb_ug 0x8 0x0 &kp 0x70050 &kp 0x70051 &kp 0x70052 &kp 0x7004f &none &none &none &none &none &none &kp 0x7002c &kp 0x700e6 >;
2025-12-16T12:36:40.6819836Z 		};
2025-12-16T12:36:40.6819984Z 		rec_layer {
2025-12-16T12:36:40.6820158Z 			display-name = "REC";
2025-12-16T12:36:40.6821396Z 			bindings = < &trans &trans &trans &trans &trans &trans &kp 0xc00e9 &msc 0xffe70000 &msc 0xffe7 &msc 0x19 &msc 0x190000 &trans &trans &trans &trans &mkp 0x4 &mkp 0x2 &mkp 0x1 &none &trans &kp 0xc00e2 &trans &mmv 0xfb500000 &mmv 0x4b0 &mmv 0xfb50 &mmv 0x4b00000 &trans &kp 0x7004b &none &trans &kp 0xc00e2 &kp 0xc00ea &kp 0xc00e9 &trans &trans &kp 0xc00ea &kp 0x70050 &kp 0x70051 &kp 0x70052 &kp 0x7004f &trans &kp 0x7004e &trans &trans &none &trans &trans &trans >;
2025-12-16T12:36:40.6822960Z 		};
2025-12-16T12:36:40.6823109Z 	};
2025-12-16T12:36:40.6823257Z };
2025-12-16T12:36:40.6978392Z Post job cleanup.
2025-12-16T12:36:40.6985539Z ##[command]/usr/bin/docker exec  916d732695fd9a47221e1059ef83b2bca392f75e7ee64aa608a9c35fe9bd2536 sh -c "cat /etc/*release | grep ^ID"
2025-12-16T12:36:40.9018425Z [command]/usr/bin/git version
2025-12-16T12:36:40.9070145Z git version 2.43.0
2025-12-16T12:36:40.9117521Z Temporarily overriding HOME='/__w/_temp/bcb23529-8207-4261-8971-bf184b980bbb' before making global git config changes
2025-12-16T12:36:40.9120171Z Adding repository directory to the temporary git global config as a safe directory
2025-12-16T12:36:40.9126125Z [command]/usr/bin/git config --global --add safe.directory /__w/zmk-config/zmk-config
2025-12-16T12:36:40.9163119Z [command]/usr/bin/git config --local --name-only --get-regexp core\.sshCommand
2025-12-16T12:36:40.9204812Z [command]/usr/bin/git submodule foreach --recursive sh -c "git config --local --name-only --get-regexp 'core\.sshCommand' && git config --local --unset-all 'core.sshCommand' || :"
2025-12-16T12:36:40.9451281Z [command]/usr/bin/git config --local --name-only --get-regexp http\.https\:\/\/github\.com\/\.extraheader
2025-12-16T12:36:40.9472353Z http.https://github.com/.extraheader
2025-12-16T12:36:40.9486503Z [command]/usr/bin/git config --local --unset-all http.https://github.com/.extraheader
2025-12-16T12:36:40.9519562Z [command]/usr/bin/git submodule foreach --recursive sh -c "git config --local --name-only --get-regexp 'http\.https\:\/\/github\.com\/\.extraheader' && git config --local --unset-all 'http.https://github.com/.extraheader' || :"
2025-12-16T12:36:40.9749131Z [command]/usr/bin/git config --local --name-only --get-regexp ^includeIf\.gitdir:
2025-12-16T12:36:40.9782141Z [command]/usr/bin/git submodule foreach --recursive git config --local --show-origin --name-only --get-regexp remote.origin.url
2025-12-16T12:36:41.0126762Z Stop and remove container: acfd8cb92bd04235a8175ce18c47f47e_zmkfirmwarezmkbuildarmstable_12e74c
2025-12-16T12:36:41.0131070Z ##[command]/usr/bin/docker rm --force 916d732695fd9a47221e1059ef83b2bca392f75e7ee64aa608a9c35fe9bd2536
2025-12-16T12:36:45.2497654Z 916d732695fd9a47221e1059ef83b2bca392f75e7ee64aa608a9c35fe9bd2536
2025-12-16T12:36:45.2528672Z Remove container network: github_network_7a76d4da807e4bc789c84822d499d21e
2025-12-16T12:36:45.2541874Z ##[command]/usr/bin/docker network rm github_network_7a76d4da807e4bc789c84822d499d21e
2025-12-16T12:36:45.3677672Z github_network_7a76d4da807e4bc789c84822d499d21e
2025-12-16T12:36:45.3734018Z Cleaning up orphan processes
