2025-12-16T12:33:41.7226013Z Current runner version: '2.329.0'
2025-12-16T12:33:41.7249879Z ##[group]Runner Image Provisioner
2025-12-16T12:33:41.7250659Z Hosted Compute Agent
2025-12-16T12:33:41.7251212Z Version: 20251202.455
2025-12-16T12:33:41.7251856Z Commit: 6c10caca4910e198df60de23adf20ad317c474e3
2025-12-16T12:33:41.7252531Z Build Date: 2025-12-02T15:56:59Z
2025-12-16T12:33:41.7253163Z Worker ID: {8e8553d2-47f2-499a-8527-e6a193604747}
2025-12-16T12:33:41.7254281Z ##[endgroup]
2025-12-16T12:33:41.7254928Z ##[group]Operating System
2025-12-16T12:33:41.7255461Z Ubuntu
2025-12-16T12:33:41.7255915Z 24.04.3
2025-12-16T12:33:41.7256431Z LTS
2025-12-16T12:33:41.7256892Z ##[endgroup]
2025-12-16T12:33:41.7257394Z ##[group]Runner Image
2025-12-16T12:33:41.7257984Z Image: ubuntu-24.04
2025-12-16T12:33:41.7258494Z Version: 20251208.163.1
2025-12-16T12:33:41.7259514Z Included Software: https://github.com/actions/runner-images/blob/ubuntu24/20251208.163/images/ubuntu/Ubuntu2404-Readme.md
2025-12-16T12:33:41.7261110Z Image Release: https://github.com/actions/runner-images/releases/tag/ubuntu24%2F20251208.163
2025-12-16T12:33:41.7262093Z ##[endgroup]
2025-12-16T12:33:41.7263203Z ##[group]GITHUB_TOKEN Permissions
2025-12-16T12:33:41.7265526Z Contents: read
2025-12-16T12:33:41.7266137Z Metadata: read
2025-12-16T12:33:41.7266674Z Packages: read
2025-12-16T12:33:41.7267139Z ##[endgroup]
2025-12-16T12:33:41.7269213Z Secret source: Actions
2025-12-16T12:33:41.7269914Z Prepare workflow directory
2025-12-16T12:33:41.7685601Z Prepare all required actions
2025-12-16T12:33:41.7724448Z Getting action download info
2025-12-16T12:33:42.1279178Z Download action repository 'actions/checkout@v4' (SHA:34e114876b0b11c390a56381ad16ebd13914f8d5)
2025-12-16T12:33:42.2222221Z Download action repository 'actions/cache@v4' (SHA:0057852bfaa89a56745cba8c7296529d2fc39830)
2025-12-16T12:33:42.3232972Z Download action repository 'actions/upload-artifact@v4' (SHA:ea165f8d65b6e75b540449e92b4886f43607fa02)
2025-12-16T12:33:42.8501405Z Uses: zmkfirmware/zmk/.github/workflows/build-user-config.yml@refs/heads/main (930b5cc058698986fabc1be96427c14937e983ea)
2025-12-16T12:33:42.8506945Z ##[group] Inputs
2025-12-16T12:33:42.8507489Z   build_matrix_path: build.yaml
2025-12-16T12:33:42.8508001Z   config_path: config
2025-12-16T12:33:42.8508442Z   fallback_binary: bin
2025-12-16T12:33:42.8508886Z   archive_name: firmware
2025-12-16T12:33:42.8509342Z ##[endgroup]
2025-12-16T12:33:42.8509897Z Complete job name: build / Build (rec_corne_left, settings_reset)
2025-12-16T12:33:42.9045961Z ##[group]Checking docker version
2025-12-16T12:33:42.9059042Z ##[command]/usr/bin/docker version --format '{{.Server.APIVersion}}'
2025-12-16T12:33:42.9995898Z '1.48'
2025-12-16T12:33:43.0014470Z Docker daemon API version: '1.48'
2025-12-16T12:33:43.0015257Z ##[command]/usr/bin/docker version --format '{{.Client.APIVersion}}'
2025-12-16T12:33:43.0188707Z '1.48'
2025-12-16T12:33:43.0202454Z Docker client API version: '1.48'
2025-12-16T12:33:43.0209589Z ##[endgroup]
2025-12-16T12:33:43.0212463Z ##[group]Clean up resources from previous jobs
2025-12-16T12:33:43.0218480Z ##[command]/usr/bin/docker ps --all --quiet --no-trunc --filter "label=50acd3"
2025-12-16T12:33:43.0368132Z ##[command]/usr/bin/docker network prune --force --filter "label=50acd3"
2025-12-16T12:33:43.0511866Z ##[endgroup]
2025-12-16T12:33:43.0512484Z ##[group]Create local container network
2025-12-16T12:33:43.0523078Z ##[command]/usr/bin/docker network create --label 50acd3 github_network_8879b14378054d6b8d8e2001845254ea
2025-12-16T12:33:43.1081745Z 117c447c9c1cbd98c8f54b67a1932496339220f4cabd78c4a20f095c096c92c2
2025-12-16T12:33:43.1100139Z ##[endgroup]
2025-12-16T12:33:43.1123627Z ##[group]Starting job container
2025-12-16T12:33:43.1142723Z ##[command]/usr/bin/docker pull zmkfirmware/zmk-build-arm:stable
2025-12-16T12:33:43.7344163Z stable: Pulling from zmkfirmware/zmk-build-arm
2025-12-16T12:33:43.9026241Z a1a21c96bc16: Pulling fs layer
2025-12-16T12:33:43.9027598Z 80b3f0d914b4: Pulling fs layer
2025-12-16T12:33:43.9028850Z 39f6267735b8: Pulling fs layer
2025-12-16T12:33:44.3009752Z a1a21c96bc16: Verifying Checksum
2025-12-16T12:33:44.3012951Z a1a21c96bc16: Download complete
2025-12-16T12:33:45.6587771Z a1a21c96bc16: Pull complete
2025-12-16T12:33:46.1544881Z 80b3f0d914b4: Verifying Checksum
2025-12-16T12:33:46.1545504Z 80b3f0d914b4: Download complete
2025-12-16T12:33:46.5741374Z 39f6267735b8: Verifying Checksum
2025-12-16T12:33:46.5741968Z 39f6267735b8: Download complete
2025-12-16T12:33:55.3499306Z 80b3f0d914b4: Pull complete
2025-12-16T12:34:06.0617472Z 39f6267735b8: Pull complete
2025-12-16T12:34:06.0660935Z Digest: sha256:edb1c953438c6f720ddb79c3762f3972013b7fbbaf4fff3592fc869983e7afc5
2025-12-16T12:34:06.0674540Z Status: Downloaded newer image for zmkfirmware/zmk-build-arm:stable
2025-12-16T12:34:06.0686904Z docker.io/zmkfirmware/zmk-build-arm:stable
2025-12-16T12:34:06.0770238Z ##[command]/usr/bin/docker create --name 5cb4fb65cd5f48e68c225b8d58552d89_zmkfirmwarezmkbuildarmstable_b2fb4e --label 50acd3 --workdir /__w/zmk-config/zmk-config --network github_network_8879b14378054d6b8d8e2001845254ea  -e "HOME=/github/home" -e GITHUB_ACTIONS=true -e CI=true -v "/var/run/docker.sock":"/var/run/docker.sock" -v "/home/runner/work":"/__w" -v "/home/runner/actions-runner/cached/externals":"/__e":ro -v "/home/runner/work/_temp":"/__w/_temp" -v "/home/runner/work/_actions":"/__w/_actions" -v "/opt/hostedtoolcache":"/__t" -v "/home/runner/work/_temp/_github_home":"/github/home" -v "/home/runner/work/_temp/_github_workflow":"/github/workflow" --entrypoint "tail" zmkfirmware/zmk-build-arm:stable "-f" "/dev/null"
2025-12-16T12:34:06.1046569Z 01de19fb71fc1df66ed36633535f506cc011be00104a99ca8b97e778b7604e60
2025-12-16T12:34:06.1075754Z ##[command]/usr/bin/docker start 01de19fb71fc1df66ed36633535f506cc011be00104a99ca8b97e778b7604e60
2025-12-16T12:34:06.2789461Z 01de19fb71fc1df66ed36633535f506cc011be00104a99ca8b97e778b7604e60
2025-12-16T12:34:06.2810646Z ##[command]/usr/bin/docker ps --all --filter id=01de19fb71fc1df66ed36633535f506cc011be00104a99ca8b97e778b7604e60 --filter status=running --no-trunc --format "{{.ID}} {{.Status}}"
2025-12-16T12:34:06.2930036Z 01de19fb71fc1df66ed36633535f506cc011be00104a99ca8b97e778b7604e60 Up Less than a second
2025-12-16T12:34:06.2950909Z ##[command]/usr/bin/docker inspect --format "{{range .Config.Env}}{{println .}}{{end}}" 01de19fb71fc1df66ed36633535f506cc011be00104a99ca8b97e778b7604e60
2025-12-16T12:34:06.3069612Z HOME=/github/home
2025-12-16T12:34:06.3070101Z GITHUB_ACTIONS=true
2025-12-16T12:34:06.3071000Z CI=true
2025-12-16T12:34:06.3071546Z PATH=/usr/local/sbin:/usr/local/bin:/usr/sbin:/usr/bin:/sbin:/bin
2025-12-16T12:34:06.3072235Z DEBIAN_FRONTEND=noninteractive
2025-12-16T12:34:06.3072658Z ZEPHYR_VERSION=4.1.0
2025-12-16T12:34:06.3090974Z ##[endgroup]
2025-12-16T12:34:06.3100100Z ##[group]Waiting for all services to be ready
2025-12-16T12:34:06.3101964Z ##[endgroup]
2025-12-16T12:34:06.3349829Z ##[group]Run actions/checkout@v4
2025-12-16T12:34:06.3350415Z with:
2025-12-16T12:34:06.3350627Z   repository: segodimor2d2/zmk-config
2025-12-16T12:34:06.3351101Z   token: ***
2025-12-16T12:34:06.3351315Z   ssh-strict: true
2025-12-16T12:34:06.3351502Z   ssh-user: git
2025-12-16T12:34:06.3351689Z   persist-credentials: true
2025-12-16T12:34:06.3351905Z   clean: true
2025-12-16T12:34:06.3352102Z   sparse-checkout-cone-mode: true
2025-12-16T12:34:06.3352326Z   fetch-depth: 1
2025-12-16T12:34:06.3352503Z   fetch-tags: false
2025-12-16T12:34:06.3352685Z   show-progress: true
2025-12-16T12:34:06.3352875Z   lfs: false
2025-12-16T12:34:06.3353035Z   submodules: false
2025-12-16T12:34:06.3353386Z   set-safe-directory: true
2025-12-16T12:34:06.3353847Z ##[endgroup]
2025-12-16T12:34:06.3411009Z ##[command]/usr/bin/docker exec  01de19fb71fc1df66ed36633535f506cc011be00104a99ca8b97e778b7604e60 sh -c "cat /etc/*release | grep ^ID"
2025-12-16T12:34:06.5498535Z Syncing repository: segodimor2d2/zmk-config
2025-12-16T12:34:06.5499875Z ##[group]Getting Git version info
2025-12-16T12:34:06.5500223Z Working directory is '/__w/zmk-config/zmk-config'
2025-12-16T12:34:06.5501055Z [command]/usr/bin/git version
2025-12-16T12:34:06.5504558Z git version 2.43.0
2025-12-16T12:34:06.5532335Z ##[endgroup]
2025-12-16T12:34:06.5548425Z Temporarily overriding HOME='/__w/_temp/6cfa6889-9d13-4b9e-b8c3-35e9617285c3' before making global git config changes
2025-12-16T12:34:06.5549204Z Adding repository directory to the temporary git global config as a safe directory
2025-12-16T12:34:06.5556418Z [command]/usr/bin/git config --global --add safe.directory /__w/zmk-config/zmk-config
2025-12-16T12:34:06.5589291Z Deleting the contents of '/__w/zmk-config/zmk-config'
2025-12-16T12:34:06.5593496Z ##[group]Initializing the repository
2025-12-16T12:34:06.5597606Z [command]/usr/bin/git init /__w/zmk-config/zmk-config
2025-12-16T12:34:06.5631252Z hint: Using 'master' as the name for the initial branch. This default branch name
2025-12-16T12:34:06.5632495Z hint: is subject to change. To configure the initial branch name to use in all
2025-12-16T12:34:06.5634370Z hint: of your new repositories, which will suppress this warning, call:
2025-12-16T12:34:06.5635194Z hint: 
2025-12-16T12:34:06.5635647Z hint: 	git config --global init.defaultBranch <name>
2025-12-16T12:34:06.5636149Z hint: 
2025-12-16T12:34:06.5636634Z hint: Names commonly chosen instead of 'master' are 'main', 'trunk' and
2025-12-16T12:34:06.5637451Z hint: 'development'. The just-created branch can be renamed via this command:
2025-12-16T12:34:06.5638704Z hint: 
2025-12-16T12:34:06.5639316Z hint: 	git branch -m <name>
2025-12-16T12:34:06.5639861Z Initialized empty Git repository in /__w/zmk-config/zmk-config/.git/
2025-12-16T12:34:06.5652236Z [command]/usr/bin/git remote add origin https://github.com/segodimor2d2/zmk-config
2025-12-16T12:34:06.5680727Z ##[endgroup]
2025-12-16T12:34:06.5681100Z ##[group]Disabling automatic garbage collection
2025-12-16T12:34:06.5685216Z [command]/usr/bin/git config --local gc.auto 0
2025-12-16T12:34:06.5712767Z ##[endgroup]
2025-12-16T12:34:06.5713126Z ##[group]Setting up auth
2025-12-16T12:34:06.5720128Z [command]/usr/bin/git config --local --name-only --get-regexp core\.sshCommand
2025-12-16T12:34:06.5748309Z [command]/usr/bin/git submodule foreach --recursive sh -c "git config --local --name-only --get-regexp 'core\.sshCommand' && git config --local --unset-all 'core.sshCommand' || :"
2025-12-16T12:34:06.5976705Z [command]/usr/bin/git config --local --name-only --get-regexp http\.https\:\/\/github\.com\/\.extraheader
2025-12-16T12:34:06.6004588Z [command]/usr/bin/git submodule foreach --recursive sh -c "git config --local --name-only --get-regexp 'http\.https\:\/\/github\.com\/\.extraheader' && git config --local --unset-all 'http.https://github.com/.extraheader' || :"
2025-12-16T12:34:06.6233096Z [command]/usr/bin/git config --local --name-only --get-regexp ^includeIf\.gitdir:
2025-12-16T12:34:06.6262532Z [command]/usr/bin/git submodule foreach --recursive git config --local --show-origin --name-only --get-regexp remote.origin.url
2025-12-16T12:34:06.6493211Z [command]/usr/bin/git config --local http.https://github.com/.extraheader AUTHORIZATION: basic ***
2025-12-16T12:34:06.6530634Z ##[endgroup]
2025-12-16T12:34:06.6531255Z ##[group]Fetching the repository
2025-12-16T12:34:06.6538963Z [command]/usr/bin/git -c protocol.version=2 fetch --no-tags --prune --no-recurse-submodules --depth=1 origin +82fc3e7f4a5c3da51bd9a6af7233f32da7ab9a41:refs/remotes/origin/master
2025-12-16T12:34:06.9139710Z From https://github.com/segodimor2d2/zmk-config
2025-12-16T12:34:06.9140811Z  * [new ref]         82fc3e7f4a5c3da51bd9a6af7233f32da7ab9a41 -> origin/master
2025-12-16T12:34:06.9145468Z ##[endgroup]
2025-12-16T12:34:06.9146322Z ##[group]Determining the checkout info
2025-12-16T12:34:06.9147378Z ##[endgroup]
2025-12-16T12:34:06.9149182Z [command]/usr/bin/git sparse-checkout disable
2025-12-16T12:34:06.9150533Z [command]/usr/bin/git config --local --unset-all extensions.worktreeConfig
2025-12-16T12:34:06.9171757Z ##[group]Checking out the ref
2025-12-16T12:34:06.9177126Z [command]/usr/bin/git checkout --progress --force -B master refs/remotes/origin/master
2025-12-16T12:34:06.9236829Z Reset branch 'master'
2025-12-16T12:34:06.9237419Z branch 'master' set up to track 'origin/master'.
2025-12-16T12:34:06.9243987Z ##[endgroup]
2025-12-16T12:34:06.9278293Z [command]/usr/bin/git log -1 --format=%H
2025-12-16T12:34:06.9300651Z 82fc3e7f4a5c3da51bd9a6af7233f32da7ab9a41
2025-12-16T12:34:06.9497794Z ##[group]Run echo "build_dir=$(mktemp -d)" >> $GITHUB_ENV
2025-12-16T12:34:06.9498244Z [36;1mecho "build_dir=$(mktemp -d)" >> $GITHUB_ENV[0m
2025-12-16T12:34:06.9501217Z shell: sh -e {0}
2025-12-16T12:34:06.9501430Z ##[endgroup]
2025-12-16T12:34:07.0138753Z ##[group]Run if [ -e zephyr/module.yml ]; then
2025-12-16T12:34:07.0139116Z [36;1mif [ -e zephyr/module.yml ]; then[0m
2025-12-16T12:34:07.0139462Z [36;1m  export zmk_load_arg=" -DZMK_EXTRA_MODULES='${GITHUB_WORKSPACE}'"[0m
2025-12-16T12:34:07.0139847Z [36;1m  new_tmp_dir="${TMPDIR:-/tmp}/zmk-config"[0m
2025-12-16T12:34:07.0140134Z [36;1m  mkdir -p "${new_tmp_dir}"[0m
2025-12-16T12:34:07.0140426Z [36;1m  echo "base_dir=${new_tmp_dir}" >> $GITHUB_ENV[0m
2025-12-16T12:34:07.0140699Z [36;1melse[0m
2025-12-16T12:34:07.0140935Z [36;1m  echo "base_dir=${GITHUB_WORKSPACE}" >> $GITHUB_ENV[0m
2025-12-16T12:34:07.0141217Z [36;1mfi[0m
2025-12-16T12:34:07.0141381Z [36;1m[0m
2025-12-16T12:34:07.0141569Z [36;1mif [ -n "${snippet}" ]; then[0m
2025-12-16T12:34:07.0141829Z [36;1m  extra_west_args="-S \"${snippet}\""[0m
2025-12-16T12:34:07.0142078Z [36;1mfi[0m
2025-12-16T12:34:07.0142243Z [36;1m[0m
2025-12-16T12:34:07.0142505Z [36;1mecho "zephyr_version=${ZEPHYR_VERSION}" >> $GITHUB_ENV[0m
2025-12-16T12:34:07.0142869Z [36;1mecho "extra_west_args=${extra_west_args}" >> $GITHUB_ENV[0m
2025-12-16T12:34:07.0144007Z [36;1mecho "extra_cmake_args=${shield:+-DSHIELD=\"$shield\"}${zmk_load_arg}" >> $GITHUB_ENV[0m
2025-12-16T12:34:07.0144510Z [36;1mecho "display_name=${shield:+$shield - }${board}" >> $GITHUB_ENV[0m
2025-12-16T12:34:07.0144989Z [36;1mecho "artifact_name=${artifact_name:-${shield:+$shield-}${board//\//_}-zmk}" >> $GITHUB_ENV[0m
2025-12-16T12:34:07.0146654Z shell: bash -x {0}
2025-12-16T12:34:07.0146850Z env:
2025-12-16T12:34:07.0147039Z   build_dir: /tmp/tmp.riLCGd0zJP
2025-12-16T12:34:07.0147274Z   board: rec_corne_left
2025-12-16T12:34:07.0147477Z   shield: settings_reset
2025-12-16T12:34:07.0147673Z   artifact_name: 
2025-12-16T12:34:07.0147857Z   snippet: 
2025-12-16T12:34:07.0148024Z ##[endgroup]
2025-12-16T12:34:07.0655105Z + '[' -e zephyr/module.yml ']'
2025-12-16T12:34:07.0658682Z + export 'zmk_load_arg= -DZMK_EXTRA_MODULES='\''/__w/zmk-config/zmk-config'\'''
2025-12-16T12:34:07.0660611Z + zmk_load_arg=' -DZMK_EXTRA_MODULES='\''/__w/zmk-config/zmk-config'\'''
2025-12-16T12:34:07.0661304Z + new_tmp_dir=/tmp/zmk-config
2025-12-16T12:34:07.0662400Z + mkdir -p /tmp/zmk-config
2025-12-16T12:34:07.0669906Z + echo base_dir=/tmp/zmk-config
2025-12-16T12:34:07.0670354Z + '[' -n '' ']'
2025-12-16T12:34:07.0670707Z + echo zephyr_version=4.1.0
2025-12-16T12:34:07.0671546Z + echo extra_west_args=
2025-12-16T12:34:07.0672862Z + echo 'extra_cmake_args=-DSHIELD="settings_reset" -DZMK_EXTRA_MODULES='\''/__w/zmk-config/zmk-config'\'''
2025-12-16T12:34:07.0674171Z + echo 'display_name=settings_reset - rec_corne_left'
2025-12-16T12:34:07.0674547Z + echo artifact_name=settings_reset-rec_corne_left-zmk
2025-12-16T12:34:07.0750819Z ##[group]Run if [ "/tmp/zmk-config" != "${GITHUB_WORKSPACE}" ]; then
2025-12-16T12:34:07.0751289Z [36;1mif [ "/tmp/zmk-config" != "${GITHUB_WORKSPACE}" ]; then[0m
2025-12-16T12:34:07.0751617Z [36;1m  mkdir "/tmp/zmk-config/config"[0m
2025-12-16T12:34:07.0751922Z [36;1m  cp -R config/* "/tmp/zmk-config/config/"[0m
2025-12-16T12:34:07.0752187Z [36;1mfi[0m
2025-12-16T12:34:07.0752450Z shell: sh -e {0}
2025-12-16T12:34:07.0752621Z env:
2025-12-16T12:34:07.0752803Z   build_dir: /tmp/tmp.riLCGd0zJP
2025-12-16T12:34:07.0753037Z   base_dir: /tmp/zmk-config
2025-12-16T12:34:07.0753407Z   zephyr_version: 4.1.0
2025-12-16T12:34:07.0753603Z   extra_west_args: 
2025-12-16T12:34:07.0754131Z   extra_cmake_args: -DSHIELD="settings_reset" -DZMK_EXTRA_MODULES='/__w/zmk-config/zmk-config'
2025-12-16T12:34:07.0754570Z   display_name: settings_reset - rec_corne_left
2025-12-16T12:34:07.0754870Z   artifact_name: settings_reset-rec_corne_left-zmk
2025-12-16T12:34:07.0755134Z ##[endgroup]
2025-12-16T12:34:07.2074155Z ##[group]Run actions/cache@v4
2025-12-16T12:34:07.2074461Z with:
2025-12-16T12:34:07.2074958Z   path: /tmp/zmk-config/modules/
/tmp/zmk-config/tools/
/tmp/zmk-config/zephyr/
/tmp/zmk-config/bootloader/
/tmp/zmk-config/zmk/

2025-12-16T12:34:07.2075765Z   key: Linux-build-cache-zephyr-4.1.0-modules-b8310ad9ba00f43bd390b02b37ee611ddb9c94c197398dc0cb3bd65c3df2d324
2025-12-16T12:34:07.2076399Z   restore-keys: Linux-build-cache-zephyr-4.1.0-modules-
Linux-build-
Linux-

2025-12-16T12:34:07.2076771Z   enableCrossOsArchive: false
2025-12-16T12:34:07.2077004Z   fail-on-cache-miss: false
2025-12-16T12:34:07.2077213Z   lookup-only: false
2025-12-16T12:34:07.2077406Z   save-always: false
2025-12-16T12:34:07.2077603Z env:
2025-12-16T12:34:07.2077771Z   build_dir: /tmp/tmp.riLCGd0zJP
2025-12-16T12:34:07.2078029Z   base_dir: /tmp/zmk-config
2025-12-16T12:34:07.2078235Z   zephyr_version: 4.1.0
2025-12-16T12:34:07.2078429Z   extra_west_args: 
2025-12-16T12:34:07.2078830Z   extra_cmake_args: -DSHIELD="settings_reset" -DZMK_EXTRA_MODULES='/__w/zmk-config/zmk-config'
2025-12-16T12:34:07.2079264Z   display_name: settings_reset - rec_corne_left
2025-12-16T12:34:07.2079566Z   artifact_name: settings_reset-rec_corne_left-zmk
2025-12-16T12:34:07.2079857Z   cache_name: cache-zephyr-4.1.0-modules
2025-12-16T12:34:07.2080094Z ##[endgroup]
2025-12-16T12:34:07.2084109Z ##[command]/usr/bin/docker exec  01de19fb71fc1df66ed36633535f506cc011be00104a99ca8b97e778b7604e60 sh -c "cat /etc/*release | grep ^ID"
2025-12-16T12:34:07.5981012Z Cache hit for: Linux-build-cache-zephyr-4.1.0-modules-b8310ad9ba00f43bd390b02b37ee611ddb9c94c197398dc0cb3bd65c3df2d324
2025-12-16T12:34:08.7598916Z Received 125829120 of 659836906 (19.1%), 119.9 MBs/sec
2025-12-16T12:34:09.7618106Z Received 268435456 of 659836906 (40.7%), 127.8 MBs/sec
2025-12-16T12:34:10.7630282Z Received 436207616 of 659836906 (66.1%), 138.5 MBs/sec
2025-12-16T12:34:11.7646469Z Received 637534208 of 659836906 (96.6%), 151.8 MBs/sec
2025-12-16T12:34:11.9274406Z Received 659836906 of 659836906 (100.0%), 151.0 MBs/sec
2025-12-16T12:34:11.9278151Z Cache Size: ~629 MB (659836906 B)
2025-12-16T12:34:11.9386119Z [command]/usr/bin/tar -xf /__w/_temp/559e6522-2ba2-4eb8-8823-7b14854d3f00/cache.tgz -P -C /__w/zmk-config/zmk-config -z
2025-12-16T12:34:24.5378108Z Cache restored successfully
2025-12-16T12:34:24.6601100Z Cache restored from key: Linux-build-cache-zephyr-4.1.0-modules-b8310ad9ba00f43bd390b02b37ee611ddb9c94c197398dc0cb3bd65c3df2d324
2025-12-16T12:34:24.6738169Z ##[group]Run west init -l "/tmp/zmk-config/config"
2025-12-16T12:34:24.6738552Z [36;1mwest init -l "/tmp/zmk-config/config"[0m
2025-12-16T12:34:24.6738921Z shell: sh -e {0}
2025-12-16T12:34:24.6739095Z env:
2025-12-16T12:34:24.6739291Z   build_dir: /tmp/tmp.riLCGd0zJP
2025-12-16T12:34:24.6739540Z   base_dir: /tmp/zmk-config
2025-12-16T12:34:24.6739749Z   zephyr_version: 4.1.0
2025-12-16T12:34:24.6739942Z   extra_west_args: 
2025-12-16T12:34:24.6740301Z   extra_cmake_args: -DSHIELD="settings_reset" -DZMK_EXTRA_MODULES='/__w/zmk-config/zmk-config'
2025-12-16T12:34:24.6740744Z   display_name: settings_reset - rec_corne_left
2025-12-16T12:34:24.6741040Z   artifact_name: settings_reset-rec_corne_left-zmk
2025-12-16T12:34:24.6741306Z ##[endgroup]
2025-12-16T12:34:24.8454440Z === Initializing from existing manifest repository config
2025-12-16T12:34:24.8456321Z --- Creating /tmp/zmk-config/.west and local configuration file
2025-12-16T12:34:24.8465424Z === Initialized. Now run "west update" inside /tmp/zmk-config.
2025-12-16T12:34:24.8699388Z ##[group]Run west update --fetch-opt=--filter=tree:0
2025-12-16T12:34:24.8699784Z [36;1mwest update --fetch-opt=--filter=tree:0[0m
2025-12-16T12:34:24.8700165Z shell: sh -e {0}
2025-12-16T12:34:24.8700525Z env:
2025-12-16T12:34:24.8700708Z   build_dir: /tmp/tmp.riLCGd0zJP
2025-12-16T12:34:24.8700949Z   base_dir: /tmp/zmk-config
2025-12-16T12:34:24.8701158Z   zephyr_version: 4.1.0
2025-12-16T12:34:24.8701350Z   extra_west_args: 
2025-12-16T12:34:24.8701706Z   extra_cmake_args: -DSHIELD="settings_reset" -DZMK_EXTRA_MODULES='/__w/zmk-config/zmk-config'
2025-12-16T12:34:24.8702125Z   display_name: settings_reset - rec_corne_left
2025-12-16T12:34:24.8702427Z   artifact_name: settings_reset-rec_corne_left-zmk
2025-12-16T12:34:24.8702694Z ##[endgroup]
2025-12-16T12:34:25.1347029Z === updating zmk (zmk):
2025-12-16T12:34:25.1374813Z --- zmk: fetching, need revision main
2025-12-16T12:34:25.4152169Z From https://github.com/zmkfirmware/zmk
2025-12-16T12:34:25.4152834Z  * branch            main       -> FETCH_HEAD
2025-12-16T12:34:26.1960469Z Previous HEAD position was e34793e feat(docs): Update New Behavior Guide (#3107)
2025-12-16T12:34:26.1964151Z HEAD is now at 930b5cc docs: Replace user setup script with ZMK CLI (#3137)
2025-12-16T12:34:26.2124657Z === updating zephyr (zephyr):
2025-12-16T12:34:26.2153010Z --- zephyr: fetching, need revision v4.1.0+zmk-fixes
2025-12-16T12:34:26.5993950Z From https://github.com/zmkfirmware/zephyr
2025-12-16T12:34:26.5994395Z  * branch              v4.1.0+zmk-fixes -> FETCH_HEAD
2025-12-16T12:34:41.3244349Z Warning: you are leaving 1 commit behind, not connected to
2025-12-16T12:34:41.3245015Z any of your branches:
2025-12-16T12:34:41.3245264Z 
2025-12-16T12:34:41.3246146Z   dacab4875 scripts: check_init_priorities: drop recursive child parsing
2025-12-16T12:34:41.3246720Z 
2025-12-16T12:34:41.3247044Z If you want to keep it by creating a new branch, this may be a good time
2025-12-16T12:34:41.3247690Z to do so with:
2025-12-16T12:34:41.3247896Z 
2025-12-16T12:34:41.3248124Z  git branch <new-branch-name> dacab4875
2025-12-16T12:34:41.3248481Z 
2025-12-16T12:34:41.3251092Z HEAD is now at 1c698ff90 drivers: spi: spi_pl022: disable the SSP before reconfiguring
2025-12-16T12:34:41.3730690Z === updating rec_corne (rec_corne):
2025-12-16T12:34:41.3731285Z --- rec_corne: initializing
2025-12-16T12:34:41.3777302Z Initialized empty Git repository in /tmp/zmk-config/rec_corne/.git/
2025-12-16T12:34:41.3810136Z --- rec_corne: fetching, need revision main
2025-12-16T12:34:41.7418708Z From https://github.com/a741725193/zmk-new_corne
2025-12-16T12:34:41.7419442Z  * branch            main       -> FETCH_HEAD
2025-12-16T12:34:42.1064940Z HEAD is now at 1a89329 Update eyelash_corne.dtsi
2025-12-16T12:34:42.1122001Z HEAD is now at 1a89329 Update eyelash_corne.dtsi
2025-12-16T12:34:42.1126161Z === updating lvgl (modules/lib/gui/lvgl):
2025-12-16T12:34:48.1908974Z Warning: you are leaving 490 commits behind, not connected to
2025-12-16T12:34:48.1909717Z any of your branches:
2025-12-16T12:34:48.1910732Z 
2025-12-16T12:34:48.1913676Z   8a6a2d1d2 zephyr: Move gluecode back to zephyr main repository
2025-12-16T12:34:48.1914374Z   9fe0a7cc0 zephyr: rename shadow variables
2025-12-16T12:34:48.1914903Z   5da257f78 zephyr: Add shell for lvgl
2025-12-16T12:34:48.1915560Z   23d48b551 zephyr: lvgl_mem: Add printing of underlying sys_heap info
2025-12-16T12:34:48.1916090Z  ... and 486 more.
2025-12-16T12:34:48.1916343Z 
2025-12-16T12:34:48.1916736Z If you want to keep them by creating a new branch, this may be a good time
2025-12-16T12:34:48.1917609Z to do so with:
2025-12-16T12:34:48.1917815Z 
2025-12-16T12:34:48.1917996Z  git branch <new-branch-name> 8a6a2d1d2
2025-12-16T12:34:48.1918259Z 
2025-12-16T12:34:48.1918525Z HEAD is now at f1db87ee9 feat(theme_mono): Pass small/large fonts to theme init
2025-12-16T12:34:48.1973650Z === updating zmk-studio-messages (modules/msgs/zmk-studio-messages):
2025-12-16T12:34:48.2111964Z HEAD is now at 6cb4c28 refactor: Return detailed save changes response.
2025-12-16T12:34:48.2116926Z === updating canopennode (modules/lib/canopennode):
2025-12-16T12:34:48.2296672Z HEAD is now at dec12fa stack: map CANopenNode crc16_ccitt() to Zephyr crc16_itu_t()
2025-12-16T12:34:48.2300699Z === updating chre (modules/lib/chre):
2025-12-16T12:34:48.2302322Z --- chre: initializing
2025-12-16T12:34:48.2336349Z Initialized empty Git repository in /tmp/zmk-config/modules/lib/chre/.git/
2025-12-16T12:34:48.2369556Z --- chre: fetching, need revision 3b32c76efee705af146124fb4190f71be5a4e36e
2025-12-16T12:34:48.6400592Z From https://github.com/zephyrproject-rtos/chre
2025-12-16T12:34:48.6401256Z  * [new branch]      zephyr     -> refs/west/zephyr
2025-12-16T12:34:49.5396418Z HEAD is now at 3b32c76 zephyr: link the .unstable_id data in ROM
2025-12-16T12:34:49.5845986Z HEAD is now at 3b32c76 zephyr: link the .unstable_id data in ROM
2025-12-16T12:34:49.5850586Z === updating lz4 (modules/lib/lz4):
2025-12-16T12:34:49.5851175Z --- lz4: initializing
2025-12-16T12:34:49.5885528Z Initialized empty Git repository in /tmp/zmk-config/modules/lib/lz4/.git/
2025-12-16T12:34:49.5919656Z --- lz4: fetching, need revision 11b8a1e22fa651b524494e55d22b69d3d9cebcfd
2025-12-16T12:34:49.9225249Z From https://github.com/zephyrproject-rtos/lz4
2025-12-16T12:34:49.9225761Z  * [new branch]      zephyr     -> refs/west/zephyr
2025-12-16T12:34:49.9229113Z  * [new tag]         lz4-r130   -> lz4-r130
2025-12-16T12:34:49.9230519Z  * [new tag]         r116       -> r116
2025-12-16T12:34:49.9232305Z  * [new tag]         r117       -> r117
2025-12-16T12:34:49.9234644Z  * [new tag]         r118       -> r118
2025-12-16T12:34:49.9236147Z  * [new tag]         r119       -> r119
2025-12-16T12:34:49.9238261Z  * [new tag]         r120       -> r120
2025-12-16T12:34:49.9239342Z  * [new tag]         r121       -> r121
2025-12-16T12:34:49.9242104Z  * [new tag]         r122       -> r122
2025-12-16T12:34:49.9243486Z  * [new tag]         r123       -> r123
2025-12-16T12:34:49.9245061Z  * [new tag]         r124       -> r124
2025-12-16T12:34:49.9246923Z  * [new tag]         r125       -> r125
2025-12-16T12:34:49.9248790Z  * [new tag]         r126       -> r126
2025-12-16T12:34:49.9250597Z  * [new tag]         r127       -> r127
2025-12-16T12:34:49.9252731Z  * [new tag]         r128       -> r128
2025-12-16T12:34:49.9254437Z  * [new tag]         r129       -> r129
2025-12-16T12:34:49.9256637Z  * [new tag]         r130       -> r130
2025-12-16T12:34:49.9259496Z  * [new tag]         r131       -> r131
2025-12-16T12:34:49.9260770Z  * [new tag]         rc129v0    -> rc129v0
2025-12-16T12:34:49.9262713Z  * [new tag]         v1.7.3     -> v1.7.3
2025-12-16T12:34:49.9264505Z  * [new tag]         v1.7.4     -> v1.7.4
2025-12-16T12:34:49.9265849Z  * [new tag]         v1.7.4.2   -> v1.7.4.2
2025-12-16T12:34:49.9267803Z  * [new tag]         v1.7.5     -> v1.7.5
2025-12-16T12:34:49.9269941Z  * [new tag]         v1.8.0     -> v1.8.0
2025-12-16T12:34:49.9271656Z  * [new tag]         v1.8.1     -> v1.8.1
2025-12-16T12:34:49.9274454Z  * [new tag]         v1.8.1.2   -> v1.8.1.2
2025-12-16T12:34:49.9275636Z  * [new tag]         v1.8.2     -> v1.8.2
2025-12-16T12:34:49.9278057Z  * [new tag]         v1.8.3     -> v1.8.3
2025-12-16T12:34:49.9279354Z  * [new tag]         v1.9.0     -> v1.9.0
2025-12-16T12:34:49.9281277Z  * [new tag]         v1.9.1     -> v1.9.1
2025-12-16T12:34:49.9283705Z  * [new tag]         v1.9.2     -> v1.9.2
2025-12-16T12:34:49.9285119Z  * [new tag]         v1.9.3     -> v1.9.3
2025-12-16T12:34:50.4942470Z HEAD is now at 11b8a1e Merge pull request #2 from parthitce/dev/v1.10.0
2025-12-16T12:34:50.5091817Z HEAD is now at 11b8a1e Merge pull request #2 from parthitce/dev/v1.10.0
2025-12-16T12:34:50.5096042Z === updating nanopb (modules/lib/nanopb):
2025-12-16T12:34:51.1514763Z Warning: you are leaving 13 commits behind, not connected to
2025-12-16T12:34:51.1537657Z any of your branches:
2025-12-16T12:34:51.1537896Z 
2025-12-16T12:34:51.1538224Z   8c60555 Merge pull request #4 from petejohanson/build/find-protoc-fixes
2025-12-16T12:34:51.1539115Z   0e21d98 Prefer generator/protoc in CMake
2025-12-16T12:34:51.1539532Z   bf32817 Merge pull request #2 from zmkfirmware/optimize/reduce-stack-usage
2025-12-16T12:34:51.1539922Z   6276a4f Various stack size reduction tweaks
2025-12-16T12:34:51.1540329Z  ... and 9 more.
2025-12-16T12:34:51.1540446Z 
2025-12-16T12:34:51.1540617Z If you want to keep them by creating a new branch, this may be a good time
2025-12-16T12:34:51.1540949Z to do so with:
2025-12-16T12:34:51.1541054Z 
2025-12-16T12:34:51.1541149Z  git branch <new-branch-name> 8c60555
2025-12-16T12:34:51.1541326Z 
2025-12-16T12:34:51.1541452Z HEAD is now at 7307ce3 Update README.md (#1042)
2025-12-16T12:34:51.1541813Z === updating psa-arch-tests (modules/tee/tf-m/psa-arch-tests):
2025-12-16T12:34:51.1542148Z --- psa-arch-tests: initializing
2025-12-16T12:34:51.1574699Z Initialized empty Git repository in /tmp/zmk-config/modules/tee/tf-m/psa-arch-tests/.git/
2025-12-16T12:34:51.1612074Z --- psa-arch-tests: fetching, need revision 2cadb02a72eacda7042505dcbdd492371e8ce024
2025-12-16T12:34:51.4680632Z From https://github.com/zephyrproject-rtos/psa-arch-tests
2025-12-16T12:34:51.4681489Z  * [new branch]      zephyr_psa-arch-tests_v1.6 -> refs/west/zephyr_psa-arch-tests_v1.6
2025-12-16T12:34:51.4682458Z  * [new tag]         zephyr_psa-arch-tests_v1.6_tf-m_v2.2.0 -> zephyr_psa-arch-tests_v1.6_tf-m_v2.2.0
2025-12-16T12:34:52.3246003Z HEAD is now at 2cadb02 Merge pull request #10 from mswarowsky/tfm_20_upmerge
2025-12-16T12:34:52.3805077Z HEAD is now at 2cadb02 Merge pull request #10 from mswarowsky/tfm_20_upmerge
2025-12-16T12:34:52.3808875Z === updating sof (modules/audio/sof):
2025-12-16T12:34:52.3809597Z --- sof: initializing
2025-12-16T12:34:52.3845869Z Initialized empty Git repository in /tmp/zmk-config/modules/audio/sof/.git/
2025-12-16T12:34:52.3879958Z --- sof: fetching, need revision bc08c9c606324cfba0c104f4ffaf5dd456cb11d6
2025-12-16T12:34:52.9239704Z From https://github.com/zephyrproject-rtos/sof
2025-12-16T12:34:52.9240418Z  * [new branch]      CAVS_LPRO_ONLY          -> refs/west/CAVS_LPRO_ONLY
2025-12-16T12:34:52.9241132Z  * [new branch]      llext-segment           -> refs/west/llext-segment
2025-12-16T12:34:52.9242294Z  * [new branch]      zephyr                  -> refs/west/zephyr
2025-12-16T12:34:52.9244993Z  * [new branch]      zephyr-20220914         -> refs/west/zephyr-20220914
2025-12-16T12:34:52.9247176Z  * [new branch]      zephyr-20230807         -> refs/west/zephyr-20230807
2025-12-16T12:34:52.9248887Z  * [new branch]      zephyr-20240122         -> refs/west/zephyr-20240122
2025-12-16T12:34:52.9251144Z  * [new branch]      zephyr-20240604         -> refs/west/zephyr-20240604
2025-12-16T12:34:52.9253636Z  * [new branch]      zephyr-20241014         -> refs/west/zephyr-20241014
2025-12-16T12:34:52.9255277Z  * [new branch]      zephyr-20241203-branch  -> refs/west/zephyr-20241203-branch
2025-12-16T12:34:52.9257429Z  * [new branch]      zephyr-3.7              -> refs/west/zephyr-3.7
2025-12-16T12:34:52.9259619Z  * [new branch]      zephyr-v2.6             -> refs/west/zephyr-v2.6
2025-12-16T12:34:52.9261502Z  * [new branch]      zephyr-v3.0             -> refs/west/zephyr-v3.0
2025-12-16T12:34:52.9263917Z  * [new branch]      zephyr_06042023         -> refs/west/zephyr_06042023
2025-12-16T12:34:52.9265885Z  * [new branch]      zephyr_wip              -> refs/west/zephyr_wip
2025-12-16T12:34:52.9267805Z  * [new branch]      zephyr_wip2             -> refs/west/zephyr_wip2
2025-12-16T12:34:52.9279432Z  * [new tag]         0ead9e7                 -> 0ead9e7
2025-12-16T12:34:52.9281294Z  * [new tag]         1.0.0                   -> 1.0.0
2025-12-16T12:34:52.9283085Z  * [new tag]         1.0.1                   -> 1.0.1
2025-12-16T12:34:52.9284735Z  * [new tag]         1.0.5                   -> 1.0.5
2025-12-16T12:34:52.9287122Z  * [new tag]         M1.5                    -> M1.5
2025-12-16T12:34:52.9288614Z  * [new tag]         M2                      -> M2
2025-12-16T12:34:52.9296847Z  * [new tag]         post_processing_v1      -> post_processing_v1
2025-12-16T12:34:52.9297539Z  * [new tag]         releases/cnl/v1.0       -> releases/cnl/v1.0
2025-12-16T12:34:52.9298114Z  * [new tag]         releases/glk/v1.0       -> releases/glk/v1.0
2025-12-16T12:34:52.9298911Z  * [new tag]         releases/glk/v1.1       -> releases/glk/v1.1
2025-12-16T12:34:52.9299809Z  * [new tag]         releases/glk/v12.0      -> releases/glk/v12.0
2025-12-16T12:34:52.9302005Z  * [new tag]         releases/glk/v12.1      -> releases/glk/v12.1
2025-12-16T12:34:52.9304249Z  * [new tag]         releases/glk/v2.0       -> releases/glk/v2.0
2025-12-16T12:34:52.9306143Z  * [new tag]         releases/glk/v3.0       -> releases/glk/v3.0
2025-12-16T12:34:52.9308358Z  * [new tag]         releases/glk/v4.0       -> releases/glk/v4.0
2025-12-16T12:34:52.9310221Z  * [new tag]         releases/glk/v5.0       -> releases/glk/v5.0
2025-12-16T12:34:52.9313461Z  * [new tag]         releases/gp2.0/alpha    -> releases/gp2.0/alpha
2025-12-16T12:34:52.9315315Z  * [new tag]         releases/gp2.0/preAlpha -> releases/gp2.0/preAlpha
2025-12-16T12:34:52.9317954Z  * [new tag]         releases/icl/v1.0       -> releases/icl/v1.0
2025-12-16T12:34:52.9320296Z  * [new tag]         releases/jsl/v3.0       -> releases/jsl/v3.0
2025-12-16T12:34:52.9322546Z  * [new tag]         releases/jsl/v3.0-rc1   -> releases/jsl/v3.0-rc1
2025-12-16T12:34:52.9324592Z  * [new tag]         releases/jsl/v3.0-rc2   -> releases/jsl/v3.0-rc2
2025-12-16T12:34:52.9326999Z  * [new tag]         releases/jsl/v4.0       -> releases/jsl/v4.0
2025-12-16T12:34:52.9328714Z  * [new tag]         releases/jsl/v4.0-rc1   -> releases/jsl/v4.0-rc1
2025-12-16T12:34:52.9330823Z  * [new tag]         releases/jsl/v4.0-rc2   -> releases/jsl/v4.0-rc2
2025-12-16T12:34:52.9333766Z  * [new tag]         releases/tgl/v1.0       -> releases/tgl/v1.0
2025-12-16T12:34:52.9335847Z  * [new tag]         releases/tgl/v10.0      -> releases/tgl/v10.0
2025-12-16T12:34:52.9337828Z  * [new tag]         releases/tgl/v10.0-rc1  -> releases/tgl/v10.0-rc1
2025-12-16T12:34:52.9339843Z  * [new tag]         releases/tgl/v11.0-rc1  -> releases/tgl/v11.0-rc1
2025-12-16T12:34:52.9341740Z  * [new tag]         releases/tgl/v11.0-rc2  -> releases/tgl/v11.0-rc2
2025-12-16T12:34:52.9344045Z  * [new tag]         releases/tgl/v11.0-rc3  -> releases/tgl/v11.0-rc3
2025-12-16T12:34:52.9346196Z  * [new tag]         releases/tgl/v11.0-rc4  -> releases/tgl/v11.0-rc4
2025-12-16T12:34:52.9347999Z  * [new tag]         releases/tgl/v7.0       -> releases/tgl/v7.0
2025-12-16T12:34:52.9350587Z  * [new tag]         releases/tgl/v7.0-rc1   -> releases/tgl/v7.0-rc1
2025-12-16T12:34:52.9352085Z  * [new tag]         releases/tgl/v7.0-rc10  -> releases/tgl/v7.0-rc10
2025-12-16T12:34:52.9354248Z  * [new tag]         releases/tgl/v7.0-rc2   -> releases/tgl/v7.0-rc2
2025-12-16T12:34:52.9356153Z  * [new tag]         releases/tgl/v7.0-rc3   -> releases/tgl/v7.0-rc3
2025-12-16T12:34:52.9358395Z  * [new tag]         releases/tgl/v7.0-rc4   -> releases/tgl/v7.0-rc4
2025-12-16T12:34:52.9360346Z  * [new tag]         releases/tgl/v7.0-rc5   -> releases/tgl/v7.0-rc5
2025-12-16T12:34:52.9362311Z  * [new tag]         releases/tgl/v7.0-rc6   -> releases/tgl/v7.0-rc6
2025-12-16T12:34:52.9364619Z  * [new tag]         releases/tgl/v7.0-rc7   -> releases/tgl/v7.0-rc7
2025-12-16T12:34:52.9366742Z  * [new tag]         releases/tgl/v7.0-rc8   -> releases/tgl/v7.0-rc8
2025-12-16T12:34:52.9368232Z  * [new tag]         releases/tgl/v7.0-rc9   -> releases/tgl/v7.0-rc9
2025-12-16T12:34:52.9370476Z  * [new tag]         releases/tgl/v8.0       -> releases/tgl/v8.0
2025-12-16T12:34:52.9373081Z  * [new tag]         releases/whl/v1.0       -> releases/whl/v1.0
2025-12-16T12:34:52.9374850Z  * [new tag]         sof-zephyr-06042023     -> sof-zephyr-06042023
2025-12-16T12:34:52.9377101Z  * [new tag]         v0.1                    -> v0.1
2025-12-16T12:34:52.9378855Z  * [new tag]         v0.9                    -> v0.9
2025-12-16T12:34:52.9381016Z  * [new tag]         v0.9.1                  -> v0.9.1
2025-12-16T12:34:52.9382537Z  * [new tag]         v0.9.1-rc1              -> v0.9.1-rc1
2025-12-16T12:34:52.9384172Z  * [new tag]         v0.9.1-rc2              -> v0.9.1-rc2
2025-12-16T12:34:52.9386104Z  * [new tag]         v0.9.1-rc3              -> v0.9.1-rc3
2025-12-16T12:34:52.9387314Z  * [new tag]         v0.9.5                  -> v0.9.5
2025-12-16T12:34:52.9389526Z  * [new tag]         v0.9.5-rc1              -> v0.9.5-rc1
2025-12-16T12:34:52.9391228Z  * [new tag]         v0.9.5-rc2              -> v0.9.5-rc2
2025-12-16T12:34:52.9393675Z  * [new tag]         v1.0                    -> v1.0
2025-12-16T12:34:52.9395426Z  * [new tag]         v1.0-rc1                -> v1.0-rc1
2025-12-16T12:34:52.9397259Z  * [new tag]         v1.0-rc2                -> v1.0-rc2
2025-12-16T12:34:52.9398969Z  * [new tag]         v1.0-rc3                -> v1.0-rc3
2025-12-16T12:34:52.9401514Z  * [new tag]         v1.0.1                  -> v1.0.1
2025-12-16T12:34:52.9402827Z  * [new tag]         v1.0.2                  -> v1.0.2
2025-12-16T12:34:52.9405738Z  * [new tag]         v1.1                    -> v1.1
2025-12-16T12:34:52.9407322Z  * [new tag]         v1.1-rc1                -> v1.1-rc1
2025-12-16T12:34:52.9408339Z  * [new tag]         v1.1-rc2                -> v1.1-rc2
2025-12-16T12:34:52.9410476Z  * [new tag]         v1.1-rc3                -> v1.1-rc3
2025-12-16T12:34:52.9412458Z  * [new tag]         v1.2                    -> v1.2
2025-12-16T12:34:52.9414415Z  * [new tag]         v1.2-rc1                -> v1.2-rc1
2025-12-16T12:34:52.9416646Z  * [new tag]         v1.2-rc2                -> v1.2-rc2
2025-12-16T12:34:52.9418612Z  * [new tag]         v1.3                    -> v1.3
2025-12-16T12:34:52.9420859Z  * [new tag]         v1.3-rc1                -> v1.3-rc1
2025-12-16T12:34:52.9422733Z  * [new tag]         v1.3-rc2                -> v1.3-rc2
2025-12-16T12:34:52.9425174Z  * [new tag]         v1.3-rc3                -> v1.3-rc3
2025-12-16T12:34:52.9427139Z  * [new tag]         v1.3.1                  -> v1.3.1
2025-12-16T12:34:52.9429116Z  * [new tag]         v1.4                    -> v1.4
2025-12-16T12:34:52.9430740Z  * [new tag]         v1.4-rc1                -> v1.4-rc1
2025-12-16T12:34:52.9432198Z  * [new tag]         v1.4.1                  -> v1.4.1
2025-12-16T12:34:52.9434413Z  * [new tag]         v1.4.2                  -> v1.4.2
2025-12-16T12:34:52.9436721Z  * [new tag]         v1.4.3                  -> v1.4.3
2025-12-16T12:34:52.9438272Z  * [new tag]         v1.5                    -> v1.5
2025-12-16T12:34:52.9440965Z  * [new tag]         v1.5-rc1                -> v1.5-rc1
2025-12-16T12:34:52.9442802Z  * [new tag]         v1.5-rc2                -> v1.5-rc2
2025-12-16T12:34:52.9445187Z  * [new tag]         v1.5-rc3                -> v1.5-rc3
2025-12-16T12:34:52.9447097Z  * [new tag]         v1.5-rc4                -> v1.5-rc4
2025-12-16T12:34:52.9449023Z  * [new tag]         v1.5-rc5                -> v1.5-rc5
2025-12-16T12:34:52.9450950Z  * [new tag]         v1.5.1                  -> v1.5.1
2025-12-16T12:34:52.9453084Z  * [new tag]         v1.6                    -> v1.6
2025-12-16T12:34:52.9455231Z  * [new tag]         v1.6-rc1                -> v1.6-rc1
2025-12-16T12:34:52.9457202Z  * [new tag]         v1.6-rc2                -> v1.6-rc2
2025-12-16T12:34:52.9459291Z  * [new tag]         v1.6-rc3                -> v1.6-rc3
2025-12-16T12:34:52.9461456Z  * [new tag]         v1.6.1                  -> v1.6.1
2025-12-16T12:34:52.9463856Z  * [new tag]         zephyr-20220412.1       -> zephyr-20220412.1
2025-12-16T12:34:52.9466196Z  * [new tag]         zephyr-20230807         -> zephyr-20230807
2025-12-16T12:34:52.9467671Z  * [new tag]         zephyr-20240122         -> zephyr-20240122
2025-12-16T12:34:52.9469958Z  * [new tag]         zephyr-20240807         -> zephyr-20240807
2025-12-16T12:34:52.9471527Z  * [new tag]         zephyr-20241203         -> zephyr-20241203
2025-12-16T12:34:52.9473740Z  * [new tag]         zephyr-20250728         -> zephyr-20250728
2025-12-16T12:34:54.4572720Z HEAD is now at bc08c9c6 app: zephyr still requires cmake version 3.20.0
2025-12-16T12:34:54.5729455Z HEAD is now at bc08c9c6 app: zephyr still requires cmake version 3.20.0
2025-12-16T12:34:54.5734944Z === updating tf-m-tests (modules/tee/tf-m/tf-m-tests):
2025-12-16T12:34:54.5737159Z --- tf-m-tests: initializing
2025-12-16T12:34:54.5772548Z Initialized empty Git repository in /tmp/zmk-config/modules/tee/tf-m/tf-m-tests/.git/
2025-12-16T12:34:54.5807017Z --- tf-m-tests: fetching, need revision 502ea90105ee18f20c78f710e2ba2ded0fc0756e
2025-12-16T12:34:54.8872000Z From https://github.com/zephyrproject-rtos/tf-m-tests
2025-12-16T12:34:54.8872717Z  * [new branch]      v3.7-branch              -> refs/west/v3.7-branch
2025-12-16T12:34:54.8873515Z  * [new branch]      zephyr_tf-m-tests_v2.2.2 -> refs/west/zephyr_tf-m-tests_v2.2.2
2025-12-16T12:34:54.8875124Z  * [new tag]         zephyr_tf-m-tests_v2.2.0 -> zephyr_tf-m-tests_v2.2.0
2025-12-16T12:34:55.5660433Z HEAD is now at 502ea90 Merge pull request #11 from tomi-font/update_2.1.1
2025-12-16T12:34:55.6133030Z HEAD is now at 502ea90 Merge pull request #11 from tomi-font/update_2.1.1
2025-12-16T12:34:55.6137238Z === updating tflite-micro (optional/modules/lib/tflite-micro):
2025-12-16T12:34:55.6137822Z --- tflite-micro: initializing
2025-12-16T12:34:55.6173685Z Initialized empty Git repository in /tmp/zmk-config/optional/modules/lib/tflite-micro/.git/
2025-12-16T12:34:55.6208947Z --- tflite-micro: fetching, need revision 8d404de73acf7687831e16d88e86e4f73cfddf8e
2025-12-16T12:34:55.9849448Z From https://github.com/zephyrproject-rtos/tflite-micro
2025-12-16T12:34:55.9851068Z  * [new branch]      main             -> refs/west/main
2025-12-16T12:34:55.9851827Z  * [new branch]      zephyr           -> refs/west/zephyr
2025-12-16T12:34:55.9853955Z  * [new branch]      zephyr-v3.6.0    -> refs/west/zephyr-v3.6.0
2025-12-16T12:34:55.9854617Z  * [new branch]      zephyr-v4.1.0    -> refs/west/zephyr-v4.1.0
2025-12-16T12:34:55.9855323Z  * [new tag]         zephyr_202108023 -> zephyr_202108023
2025-12-16T12:34:55.9857637Z  * [new tag]         zephyr_20230809  -> zephyr_20230809
2025-12-16T12:34:55.9858945Z  * [new tag]         zephyr_20240627  -> zephyr_20240627
2025-12-16T12:34:57.2886466Z HEAD is now at 8d404de third_party_static: exported
2025-12-16T12:34:57.4100777Z HEAD is now at 8d404de third_party_static: exported
2025-12-16T12:34:57.4106260Z === updating thrift (optional/modules/lib/thrift):
2025-12-16T12:34:57.4107200Z --- thrift: initializing
2025-12-16T12:34:57.4143115Z Initialized empty Git repository in /tmp/zmk-config/optional/modules/lib/thrift/.git/
2025-12-16T12:34:57.4178255Z --- thrift: fetching, need revision 10023645a0e6cb7ce23fcd7fd3dbac9f18df6234
2025-12-16T12:34:57.8197246Z From https://github.com/zephyrproject-rtos/thrift
2025-12-16T12:34:57.8198046Z  * [new branch]      add-zephyr-module-dir -> refs/west/add-zephyr-module-dir
2025-12-16T12:34:57.8198780Z  * [new branch]      master                -> refs/west/master
2025-12-16T12:34:57.8199652Z  * [new branch]      update-zephyr-to-thrift-0.20.0 -> refs/west/update-zephyr-to-thrift-0.20.0
2025-12-16T12:34:57.8202072Z  * [new branch]      zephyr                -> refs/west/zephyr
2025-12-16T12:34:59.4090460Z HEAD is now at 1002364 Merge pull request #1 from zephyrproject-rtos/add-zephyr-module-dir
2025-12-16T12:34:59.5930120Z HEAD is now at 1002364 Merge pull request #1 from zephyrproject-rtos/add-zephyr-module-dir
2025-12-16T12:34:59.5938291Z === updating zephyr-lang-rust (modules/lang/rust):
2025-12-16T12:34:59.5939583Z --- zephyr-lang-rust: initializing
2025-12-16T12:34:59.5975592Z Initialized empty Git repository in /tmp/zmk-config/modules/lang/rust/.git/
2025-12-16T12:34:59.6010798Z --- zephyr-lang-rust: fetching, need revision 37dc7fac3fb0372bc0e78e022bef87fcce68c48d
2025-12-16T12:34:59.8891526Z From https://github.com/zephyrproject-rtos/zephyr-lang-rust
2025-12-16T12:34:59.8892269Z  * [new branch]      atomic-objects       -> refs/west/atomic-objects
2025-12-16T12:34:59.8892913Z  * [new branch]      bounded              -> refs/west/bounded
2025-12-16T12:34:59.8894620Z  * [new branch]      build                -> refs/west/build
2025-12-16T12:34:59.8896597Z  * [new branch]      clippy               -> refs/west/clippy
2025-12-16T12:34:59.8898646Z  * [new branch]      critical             -> refs/west/critical
2025-12-16T12:34:59.8901076Z  * [new branch]      deprecate-old-async  -> refs/west/deprecate-old-async
2025-12-16T12:34:59.8903459Z  * [new branch]      doc-update           -> refs/west/doc-update
2025-12-16T12:34:59.8905431Z  * [new branch]      dt                   -> refs/west/dt
2025-12-16T12:34:59.8907399Z  * [new branch]      fix-ci               -> refs/west/fix-ci
2025-12-16T12:34:59.8909769Z  * [new branch]      fix-gpio             -> refs/west/fix-gpio
2025-12-16T12:34:59.8912332Z  * [new branch]      fix-ra4mq            -> refs/west/fix-ra4mq
2025-12-16T12:34:59.8914294Z  * [new branch]      fix-zeros            -> refs/west/fix-zeros
2025-12-16T12:34:59.8916078Z  * [new branch]      fix101               -> refs/west/fix101
2025-12-16T12:34:59.8918563Z  * [new branch]      fixdocpush           -> refs/west/fixdocpush
2025-12-16T12:34:59.8920522Z  * [new branch]      fmt                  -> refs/west/fmt
2025-12-16T12:34:59.8922865Z  * [new branch]      for-4.0              -> refs/west/for-4.0
2025-12-16T12:34:59.8924689Z  * [new branch]      hack                 -> refs/west/hack
2025-12-16T12:34:59.8926980Z  * [new branch]      i2c                  -> refs/west/i2c
2025-12-16T12:34:59.8928852Z  * [new branch]      kobj                 -> refs/west/kobj
2025-12-16T12:34:59.8931114Z  * [new branch]      lock-cargo           -> refs/west/lock-cargo
2025-12-16T12:34:59.8933213Z  * [new branch]      main                 -> refs/west/main
2025-12-16T12:34:59.8935751Z  * [new branch]      notoken              -> refs/west/notoken
2025-12-16T12:34:59.8938134Z  * [new branch]      onelabels            -> refs/west/onelabels
2025-12-16T12:34:59.8940176Z  * [new branch]      phil-timeout         -> refs/west/phil-timeout
2025-12-16T12:34:59.8942191Z  * [new branch]      reldebug             -> refs/west/reldebug
2025-12-16T12:34:59.8944467Z  * [new branch]      tasks                -> refs/west/tasks
2025-12-16T12:34:59.8946597Z  * [new branch]      test132              -> refs/west/test132
2025-12-16T12:34:59.8948877Z  * [new branch]      thread               -> refs/west/thread
2025-12-16T12:34:59.8950814Z  * [new branch]      time                 -> refs/west/time
2025-12-16T12:34:59.8952989Z  * [new branch]      v4.0-branch          -> refs/west/v4.0-branch
2025-12-16T12:34:59.8955371Z  * [new branch]      v4.1-branch          -> refs/west/v4.1-branch
2025-12-16T12:34:59.8957383Z  * [new branch]      work                 -> refs/west/work
2025-12-16T12:34:59.8959558Z  * [new branch]      workq-init           -> refs/west/workq-init
2025-12-16T12:34:59.8961781Z  * [new branch]      zephyr-setup-failure -> refs/west/zephyr-setup-failure
2025-12-16T12:35:00.4128245Z HEAD is now at 37dc7fa zephyr: printk: Use proper type for `c_char`
2025-12-16T12:35:00.4212005Z HEAD is now at 37dc7fa zephyr: printk: Use proper type for `c_char`
2025-12-16T12:35:00.4216259Z === updating zscilib (modules/lib/zscilib):
2025-12-16T12:35:00.4217189Z --- zscilib: initializing
2025-12-16T12:35:00.4252820Z Initialized empty Git repository in /tmp/zmk-config/modules/lib/zscilib/.git/
2025-12-16T12:35:00.4287231Z --- zscilib: fetching, need revision ee1b287d9dd07208d2cc52284240ac25bb66eae3
2025-12-16T12:35:00.7076387Z From https://github.com/zephyrproject-rtos/zscilib
2025-12-16T12:35:00.7077054Z  * [new branch]      gh-pages   -> refs/west/gh-pages
2025-12-16T12:35:00.7077743Z  * [new branch]      master     -> refs/west/master
2025-12-16T12:35:00.7078698Z  * [new branch]      revert-38-fix_zephyr_3_1 -> refs/west/revert-38-fix_zephyr_3_1
2025-12-16T12:35:00.7080944Z  * [new tag]         v0.2.0-rc1 -> v0.2.0-rc1
2025-12-16T12:35:01.2607751Z HEAD is now at ee1b287 samples/tests: Update for hwmv2 board names
2025-12-16T12:35:01.2737329Z HEAD is now at ee1b287 samples/tests: Update for hwmv2 board names
2025-12-16T12:35:01.2740752Z === updating acpica (modules/lib/acpica):
2025-12-16T12:35:02.0456396Z Previous HEAD position was 0333c2af os_specific: zephyr: add generic platform support
2025-12-16T12:35:02.0460311Z HEAD is now at 8d24867b Merge pull request #5 from dcpleung/kernel/mm_z_phys_map_unmap_rename
2025-12-16T12:35:02.0467177Z === updating cmsis (modules/hal/cmsis):
2025-12-16T12:35:02.5163448Z Previous HEAD position was 5a00331 remove cmsis-dsp and cmsis-nn
2025-12-16T12:35:02.5167226Z HEAD is now at d1b8b20 Backport CMSIS_6#102 to CMSIS 5.9.0
2025-12-16T12:35:02.5173671Z === updating cmsis-dsp (modules/lib/cmsis-dsp):
2025-12-16T12:35:04.2188842Z Warning: you are leaving 20 commits behind, not connected to
2025-12-16T12:35:04.2189467Z any of your branches:
2025-12-16T12:35:04.2189693Z 
2025-12-16T12:35:04.2189985Z   ff7b5fd compute Library: fix inline function that is not static
2025-12-16T12:35:04.2190773Z   e7b3071 do not generate warnings when scalar functions are used with MVE
2025-12-16T12:35:04.2191439Z   a633ec4 add zephyr/module.yml
2025-12-16T12:35:04.2191886Z   56c40ed Fix pragma clang warning with gcc
2025-12-16T12:35:04.2192280Z  ... and 16 more.
2025-12-16T12:35:04.2192475Z 
2025-12-16T12:35:04.2192777Z If you want to keep them by creating a new branch, this may be a good time
2025-12-16T12:35:04.2193538Z to do so with:
2025-12-16T12:35:04.2193709Z 
2025-12-16T12:35:04.2193854Z  git branch <new-branch-name> ff7b5fd
2025-12-16T12:35:04.2194123Z 
2025-12-16T12:35:04.2194466Z HEAD is now at d80a49b do not generate warnings when scalar functions are used with MVE
2025-12-16T12:35:04.2205723Z === updating cmsis-nn (modules/lib/cmsis-nn):
2025-12-16T12:35:05.1209914Z Warning: you are leaving 2 commits behind, not connected to
2025-12-16T12:35:05.1210542Z any of your branches:
2025-12-16T12:35:05.1210723Z 
2025-12-16T12:35:05.1210927Z   0c8669d Merge pull request #1 from XenuIsWatching/zephyr
2025-12-16T12:35:05.1211412Z   eb02f1b cmsis-nn: add cmsis-nn as a zephyr module
2025-12-16T12:35:05.1211817Z 
2025-12-16T12:35:05.1212210Z If you want to keep them by creating a new branch, this may be a good time
2025-12-16T12:35:05.1212965Z to do so with:
2025-12-16T12:35:05.1213209Z 
2025-12-16T12:35:05.1213757Z  git branch <new-branch-name> 0c8669d
2025-12-16T12:35:05.1214152Z 
2025-12-16T12:35:05.1214420Z HEAD is now at e9328d6 manifest: zephyr module file
2025-12-16T12:35:05.1221962Z === updating cmsis_6 (modules/lib/cmsis_6):
2025-12-16T12:35:05.1222508Z --- cmsis_6: initializing
2025-12-16T12:35:05.1259210Z Initialized empty Git repository in /tmp/zmk-config/modules/lib/cmsis_6/.git/
2025-12-16T12:35:05.1293699Z --- cmsis_6: fetching, need revision 783317a3072554acbac86cca2ff24928cbf98d30
2025-12-16T12:35:05.4304010Z From https://github.com/zephyrproject-rtos/CMSIS_6
2025-12-16T12:35:05.4304804Z  * [new branch]      main        -> refs/west/main
2025-12-16T12:35:05.4305488Z  * [new branch]      stable-pre-4.3.0-release -> refs/west/stable-pre-4.3.0-release
2025-12-16T12:35:05.4308143Z  * [new branch]      upstream    -> refs/west/upstream
2025-12-16T12:35:05.4310633Z  * [new branch]      v4.3-branch -> refs/west/v4.3-branch
2025-12-16T12:35:06.4352506Z HEAD is now at 783317a TZ applications can be secure-only (#204)
2025-12-16T12:35:06.5046995Z HEAD is now at 783317a TZ applications can be secure-only (#204)
2025-12-16T12:35:06.5051040Z === updating fatfs (modules/fs/fatfs):
2025-12-16T12:35:06.9431481Z Previous HEAD position was 427159b zephyr: fix ffconf.h override use of STRINGIZE
2025-12-16T12:35:06.9435778Z HEAD is now at 16245c7 fs: Update driver to version 0.15a
2025-12-16T12:35:06.9441970Z === updating hal_adi (modules/hal/adi):
2025-12-16T12:35:06.9442540Z --- hal_adi: initializing
2025-12-16T12:35:06.9476921Z Initialized empty Git repository in /tmp/zmk-config/modules/hal/adi/.git/
2025-12-16T12:35:06.9511364Z --- hal_adi: fetching, need revision 633fcecf3717aaa22079cf6121627a879f24df51
2025-12-16T12:35:07.2622979Z From https://github.com/zephyrproject-rtos/hal_adi
2025-12-16T12:35:07.2624106Z  * [new branch]      main        -> refs/west/main
2025-12-16T12:35:07.2625439Z  * [new branch]      msdk-export -> refs/west/msdk-export
2025-12-16T12:35:09.4688288Z HEAD is now at 633fcec fix(Other): Fix typo with `#include <max32660.h>` in Zephyr wrapper (#1276)
2025-12-16T12:35:09.6095293Z HEAD is now at 633fcec fix(Other): Fix typo with `#include <max32660.h>` in Zephyr wrapper (#1276)
2025-12-16T12:35:09.6100089Z === updating hal_ambiq (modules/hal/ambiq):
2025-12-16T12:35:10.9568263Z Previous HEAD position was 0a7c993 modules: hal_ambiq: Add Ambiq Apollo4 Blue Plus SoC
2025-12-16T12:35:10.9572004Z HEAD is now at 87a188b hal: ambiq: add apollo3x BT controller deinitialization API.
2025-12-16T12:35:10.9583569Z === updating hal_atmel (modules/hal/atmel):
2025-12-16T12:35:11.8888208Z Previous HEAD position was 5ab4300 Remove LITTLE_ENDIAN and __LITTLE_ENDIAN defines
2025-12-16T12:35:11.8892243Z HEAD is now at da76744 samr35: dac: Rename EMPTY bit-fields to avoid name collision.
2025-12-16T12:35:11.8903731Z === updating hal_espressif (modules/hal/espressif):
2025-12-16T12:35:15.9704227Z Warning: you are leaving 4679 commits behind, not connected to
2025-12-16T12:35:15.9704947Z any of your branches:
2025-12-16T12:35:15.9705171Z 
2025-12-16T12:35:15.9705350Z   31fc5758 random: rename header file as in Zephyr.
2025-12-16T12:35:15.9705911Z   b91c8060 esp32s3: update bootloader to enable all flash memory ranges
2025-12-16T12:35:15.9706461Z   63f8c4b6 zephyr: Use CONFIG_MP_MAX_NUM_CPUS
2025-12-16T12:35:15.9706882Z   63506397 esptool: Pad sections to account for alignment
2025-12-16T12:35:15.9707218Z  ... and 4675 more.
2025-12-16T12:35:15.9707353Z 
2025-12-16T12:35:15.9707554Z If you want to keep them by creating a new branch, this may be a good time
2025-12-16T12:35:15.9707946Z to do so with:
2025-12-16T12:35:15.9708068Z 
2025-12-16T12:35:15.9708181Z  git branch <new-branch-name> 31fc5758
2025-12-16T12:35:15.9708379Z 
2025-12-16T12:35:15.9713923Z HEAD is now at 202c5955 cache: get cpu id from register
2025-12-16T12:35:15.9742789Z === updating hal_ethos_u (modules/hal/ethos_u):
2025-12-16T12:35:16.4299079Z Previous HEAD position was 90ada2e Clarify README regarding CPU choice
2025-12-16T12:35:16.4302261Z HEAD is now at 50ddffc Cache optimizations
2025-12-16T12:35:16.4307977Z === updating hal_gigadevice (modules/hal/gigadevice):
2025-12-16T12:35:16.4900504Z HEAD is now at 2994b7d README.md: add pllmf and pack exception for gd32a50x
2025-12-16T12:35:16.4904911Z === updating hal_intel (modules/hal/intel):
2025-12-16T12:35:16.9434512Z Previous HEAD position was b3b43d4 pm: fix handling reset prep in incorrect place
2025-12-16T12:35:16.9438570Z HEAD is now at 0355bb8 pm: add support for ptl ish d0i2/ipapg
2025-12-16T12:35:16.9444395Z === updating hal_nordic (modules/hal/nordic):
2025-12-16T12:35:24.2163656Z Previous HEAD position was 884c4d6 nrfx: Update to version 3.6.0
2025-12-16T12:35:24.2167805Z HEAD is now at 37ca068 drivers: nrfx_usbreg: clear USBPWRRDY event on initialization
2025-12-16T12:35:24.2213396Z === updating hal_nuvoton (modules/hal/nuvoton):
2025-12-16T12:35:25.0120435Z Previous HEAD position was 3e0a4c4 hal: NuMaker M46x: revise API name of M460 FMC erase bank
2025-12-16T12:35:25.0124560Z HEAD is now at 466c3ee hal: nuvoton: m2l31: fixed TRUE redefined warning
2025-12-16T12:35:25.0131300Z === updating hal_quicklogic (modules/hal/quicklogic):
2025-12-16T12:35:25.4211189Z Previous HEAD position was b3a66fe Remove references to FPGA IP core drivers
2025-12-16T12:35:25.4214789Z HEAD is now at bad8944 HAL: eoss3_dev: add missing `__cplusplus` handling
2025-12-16T12:35:25.4220047Z === updating hal_renesas (modules/hal/renesas):
2025-12-16T12:35:27.7442049Z Previous HEAD position was a6cf2af Remove dynamic memory allocation from PD code
2025-12-16T12:35:27.7446312Z HEAD is now at 3204903 hal: renesas: ra: Modify BSP_PRV_IELS_ENUM for build process
2025-12-16T12:35:27.7467710Z === updating hal_rpi_pico (modules/hal/rpi_pico):
2025-12-16T12:35:28.7009994Z Previous HEAD position was fba7162 Merge pull request #5 from soburi/zephyr_timer_modification
2025-12-16T12:35:28.7014034Z HEAD is now at 7b57b24 Merge pull request #8 from ajf58/merge-2.1.0
2025-12-16T12:35:28.7027870Z === updating hal_silabs (modules/hal/silabs):
2025-12-16T12:35:28.7029165Z --- hal_silabs: initializing
2025-12-16T12:35:28.7064839Z Initialized empty Git repository in /tmp/zmk-config/modules/hal/silabs/.git/
2025-12-16T12:35:28.7099123Z --- hal_silabs: fetching, need revision 8a173e9e566a396a19d18da4661cb54ce098f268
2025-12-16T12:35:28.9840604Z From https://github.com/zephyrproject-rtos/hal_silabs
2025-12-16T12:35:28.9841239Z  * [new branch]      main       -> refs/west/main
2025-12-16T12:35:34.1158523Z HEAD is now at 8a173e9 wiseconnect: Fix si91x_bus event during platform deinitialization
2025-12-16T12:35:34.2384633Z HEAD is now at 8a173e9 wiseconnect: Fix si91x_bus event during platform deinitialization
2025-12-16T12:35:34.2389412Z === updating hal_stm32 (modules/hal/stm32):
2025-12-16T12:35:47.7050646Z Previous HEAD position was 89ef0a3 stm32cube: stm32h5:  ethernet: PTP clock doesn’t works
2025-12-16T12:35:47.7051758Z HEAD is now at 55043bc stm32cube: common_ll: Regeneration after cube updates
2025-12-16T12:35:47.7143695Z === updating hal_tdk (modules/hal/tdk):
2025-12-16T12:35:47.7144221Z --- hal_tdk: initializing
2025-12-16T12:35:47.7180696Z Initialized empty Git repository in /tmp/zmk-config/modules/hal/tdk/.git/
2025-12-16T12:35:47.7215268Z --- hal_tdk: fetching, need revision 6727477af1e46fa43878102489b9672a9d24e39f
2025-12-16T12:35:47.9775298Z From https://github.com/zephyrproject-rtos/hal_tdk
2025-12-16T12:35:47.9775938Z  * [new branch]      main        -> refs/west/main
2025-12-16T12:35:47.9777878Z  * [new branch]      v4.2-branch -> refs/west/v4.2-branch
2025-12-16T12:35:48.4061791Z HEAD is now at 6727477 Merge pull request #8 from tdk-invn-oss/main
2025-12-16T12:35:48.4134409Z HEAD is now at 6727477 Merge pull request #8 from tdk-invn-oss/main
2025-12-16T12:35:48.4137611Z === updating hal_telink (modules/hal/telink):
2025-12-16T12:35:48.7994176Z Previous HEAD position was 38573af B91 ADC driver support
2025-12-16T12:35:48.7997756Z HEAD is now at 4226c7f drivers: Disable BLE support
2025-12-16T12:35:48.8003581Z === updating hal_wch (modules/hal/wch):
2025-12-16T12:35:48.8004116Z --- hal_wch: initializing
2025-12-16T12:35:48.8038246Z Initialized empty Git repository in /tmp/zmk-config/modules/hal/wch/.git/
2025-12-16T12:35:48.8072896Z --- hal_wch: fetching, need revision 1de9d3e406726702ce7cfc504509a02ecc463554
2025-12-16T12:35:49.0404311Z From https://github.com/zephyrproject-rtos/hal_wch
2025-12-16T12:35:49.0404911Z  * [new branch]      main       -> refs/west/main
2025-12-16T12:35:49.4557556Z HEAD is now at 1de9d3e Add hal_wch based on the 'ch32v003fun' project
2025-12-16T12:35:49.4630519Z HEAD is now at 1de9d3e Add hal_wch based on the 'ch32v003fun' project
2025-12-16T12:35:49.4634603Z === updating hal_wurthelektronik (modules/hal/wurthelektronik):
2025-12-16T12:35:49.8834465Z Previous HEAD position was 24ca987 Initialized WE HAL module repository.
2025-12-16T12:35:49.8837804Z HEAD is now at e3e2797 Remove preprocessor warnings for not enabling float
2025-12-16T12:35:49.8843682Z === updating hostap (modules/lib/hostap):
2025-12-16T12:35:49.8844494Z --- hostap: initializing
2025-12-16T12:35:49.8879859Z Initialized empty Git repository in /tmp/zmk-config/modules/lib/hostap/.git/
2025-12-16T12:35:49.8915057Z --- hostap: fetching, need revision 697fd2cf5cbbd0c5375fc34761b6a9d7489a67d2
2025-12-16T12:35:50.4956441Z From https://github.com/zephyrproject-rtos/hostap
2025-12-16T12:35:50.4957093Z  * [new branch]        main        -> refs/west/main
2025-12-16T12:35:50.4957443Z  * [new tag]           hostap_2_11 -> hostap_2_11
2025-12-16T12:35:52.7348276Z HEAD is now at 697fd2cf [noup] zephyr: Fix WPA3 connection issue
2025-12-16T12:35:52.8439832Z HEAD is now at 697fd2cf [noup] zephyr: Fix WPA3 connection issue
2025-12-16T12:35:52.8445529Z === updating liblc3 (modules/lib/liblc3):
2025-12-16T12:35:53.4803596Z Previous HEAD position was 448f3de Merge pull request #8 from carlescufi/rename
2025-12-16T12:35:53.4806872Z HEAD is now at 48bbd3e Rename lc3 python package to lc3py, and bump version to 1.1.2
2025-12-16T12:35:53.4815604Z === updating libmctp (modules/lib/libmctp):
2025-12-16T12:35:53.4816333Z --- libmctp: initializing
2025-12-16T12:35:53.4851490Z Initialized empty Git repository in /tmp/zmk-config/modules/lib/libmctp/.git/
2025-12-16T12:35:53.4887096Z --- libmctp: fetching, need revision b97860e78998551af99931ece149eeffc538bdb1
2025-12-16T12:35:53.7549193Z From https://github.com/zephyrproject-rtos/libmctp
2025-12-16T12:35:53.7549900Z  * [new branch]      master     -> refs/west/master
2025-12-16T12:35:53.7550445Z  * [new branch]      zephyr     -> refs/west/zephyr
2025-12-16T12:35:54.1756495Z HEAD is now at b97860e build MCTP zephyr library only when CONFIG_MCTP is enabled
2025-12-16T12:35:54.1824542Z HEAD is now at b97860e build MCTP zephyr library only when CONFIG_MCTP is enabled
2025-12-16T12:35:54.1828247Z === updating libmetal (modules/hal/libmetal):
2025-12-16T12:35:54.6230245Z Previous HEAD position was b91611a lib: update libmetal to release v2023.04.0
2025-12-16T12:35:54.6233815Z HEAD is now at 3e8781a lib: update libmetal to release v2024.10.0
2025-12-16T12:35:54.6239315Z === updating littlefs (modules/fs/littlefs):
2025-12-16T12:35:55.1148997Z Previous HEAD position was ca583fd Merge tag 'v2.5.0' of https://github.com/littlefs-project/littlefs into zephyr
2025-12-16T12:35:55.1152477Z HEAD is now at ed0531d Merge pull request #15 from Jappie3/zephyr
2025-12-16T12:35:55.1159158Z === updating mbedtls (modules/crypto/mbedtls):
2025-12-16T12:35:57.7231061Z Previous HEAD position was c38dc78d Merge pull request #44 from d3zd3z/zephyr-3.4.0
2025-12-16T12:35:57.7237254Z HEAD is now at 4952e132 psa: use static key slot buffers to store key material
2025-12-16T12:35:57.7250873Z === updating mipi-sys-t (modules/debug/mipi-sys-t):
2025-12-16T12:35:58.1052673Z Previous HEAD position was a819419 library: allow building without wchar support
2025-12-16T12:35:58.1056285Z HEAD is now at 33e5c23 Fix for warning of potential error using = instead of ==
2025-12-16T12:35:58.1062224Z === updating nrf_hw_models (modules/bsim_hw_models/nrf_hw_models):
2025-12-16T12:35:59.0027963Z Previous HEAD position was f459580 TEMP & ECB: Fix INTEN sideeffect prototypes
2025-12-16T12:35:59.0033843Z HEAD is now at 73a5d58 54 CCM: Fix UBSAN reported issue with zero size VLAs
2025-12-16T12:35:59.0041075Z === updating nrf_wifi (modules/lib/nrf_wifi):
2025-12-16T12:35:59.0044222Z --- nrf_wifi: initializing
2025-12-16T12:35:59.0079877Z Initialized empty Git repository in /tmp/zmk-config/modules/lib/nrf_wifi/.git/
2025-12-16T12:35:59.0115501Z --- nrf_wifi: fetching, need revision e35f707a782b7c4c0eb83a3b06ca4e6eb693f29f
2025-12-16T12:35:59.2541239Z From https://github.com/zephyrproject-rtos/nrf_wifi
2025-12-16T12:35:59.2542208Z  * [new branch]      fix_deinit_rx_race  -> refs/west/fix_deinit_rx_race
2025-12-16T12:35:59.2542891Z  * [new branch]      main                -> refs/west/main
2025-12-16T12:35:59.2543774Z  * [new branch]      ncs-v2.9-branch     -> refs/west/ncs-v2.9-branch
2025-12-16T12:35:59.2544527Z  * [new branch]      nrf70_bm_branch     -> refs/west/nrf70_bm_branch
2025-12-16T12:35:59.2547228Z  * [new branch]      twt_timeout_nrfwifi -> refs/west/twt_timeout_nrfwifi
2025-12-16T12:35:59.7667255Z HEAD is now at e35f707 Fix SoftAP mode compilation issues
2025-12-16T12:35:59.7772417Z HEAD is now at e35f707 Fix SoftAP mode compilation issues
2025-12-16T12:35:59.7776512Z === updating open-amp (modules/lib/open-amp):
2025-12-16T12:36:00.2570734Z Previous HEAD position was 42b7c57 cmake: Compile with WITH_DCACHE_RSC_TABLE
2025-12-16T12:36:00.2574618Z HEAD is now at 52bb178 lib: update open-amp lib to release v2024.10.0
2025-12-16T12:36:00.2580599Z === updating percepio (modules/debug/percepio):
2025-12-16T12:36:00.8522142Z Previous HEAD position was a3728ef Merge pull request #4 from peter-mitsis/pmitsis-k_mem_block
2025-12-16T12:36:00.8526367Z HEAD is now at 49e6dc2 Merge branch 'main' into zephyr
2025-12-16T12:36:00.8532990Z === updating picolibc (modules/lib/picolibc):
2025-12-16T12:36:02.8171258Z Previous HEAD position was d07c38ff Version 1.8.2
2025-12-16T12:36:02.8176553Z HEAD is now at 82d62ed1 zephyr: Disable LTO when building the library
2025-12-16T12:36:02.8212490Z === updating segger (modules/debug/segger):
2025-12-16T12:36:03.2795333Z Previous HEAD position was 9d01912 segger: config: RTT spinlock implementation
2025-12-16T12:36:03.2799296Z HEAD is now at cf56b1d readme: Add readme
2025-12-16T12:36:03.2805894Z === updating tinycrypt (modules/crypto/tinycrypt):
2025-12-16T12:36:03.6804745Z Previous HEAD position was 3e9a49d cmake: Fix conditional in root CMakeLists.txt
2025-12-16T12:36:03.6808824Z HEAD is now at 1012a3e Fix warnings reported by UBSAN
2025-12-16T12:36:03.6815220Z === updating trusted-firmware-a (modules/tee/tf-a/trusted-firmware-a):
2025-12-16T12:36:04.9416601Z Previous HEAD position was 421dc050 Merge pull request #3 from SgrrZhf/topics/huizha01/2.9.0-updates
2025-12-16T12:36:04.9420624Z HEAD is now at 713ffbf9 Merge pull request #4 from ceolin/v2.10.4
2025-12-16T12:36:04.9432394Z === updating uoscore-uedhoc (modules/lib/uoscore-uedhoc):
2025-12-16T12:36:05.5466776Z Previous HEAD position was 5fe2cb6 2.2.1
2025-12-16T12:36:05.5470669Z HEAD is now at 54abc10 Merge pull request #5 from rlubos/upmerge-02-2025
2025-12-16T12:36:05.5477424Z === updating zcbor (modules/lib/zcbor):
2025-12-16T12:36:06.0838264Z Previous HEAD position was 67fd8bb Update version from 0.6.99 to 0.7.0
2025-12-16T12:36:06.0842580Z HEAD is now at 9b07780 Update version to 0.9.1
2025-12-16T12:36:06.1124319Z ##[group]Run west zephyr-export
2025-12-16T12:36:06.1124629Z [36;1mwest zephyr-export[0m
2025-12-16T12:36:06.1124977Z shell: sh -e {0}
2025-12-16T12:36:06.1125168Z env:
2025-12-16T12:36:06.1125353Z   build_dir: /tmp/tmp.riLCGd0zJP
2025-12-16T12:36:06.1125608Z   base_dir: /tmp/zmk-config
2025-12-16T12:36:06.1125834Z   zephyr_version: 4.1.0
2025-12-16T12:36:06.1126032Z   extra_west_args: 
2025-12-16T12:36:06.1126406Z   extra_cmake_args: -DSHIELD="settings_reset" -DZMK_EXTRA_MODULES='/__w/zmk-config/zmk-config'
2025-12-16T12:36:06.1126882Z   display_name: settings_reset - rec_corne_left
2025-12-16T12:36:06.1127197Z   artifact_name: settings_reset-rec_corne_left-zmk
2025-12-16T12:36:06.1127494Z ##[endgroup]
2025-12-16T12:36:06.6630481Z Zephyr (/tmp/zmk-config/zephyr/share/zephyr-package/cmake)
2025-12-16T12:36:06.6631207Z has been added to the user package registry in:
2025-12-16T12:36:06.6631700Z ~/.cmake/packages/Zephyr
2025-12-16T12:36:06.6631952Z 
2025-12-16T12:36:06.9413118Z ZephyrUnittest (/tmp/zmk-config/zephyr/share/zephyrunittest-package/cmake)
2025-12-16T12:36:06.9414179Z has been added to the user package registry in:
2025-12-16T12:36:06.9414654Z ~/.cmake/packages/ZephyrUnittest
2025-12-16T12:36:06.9414908Z 
2025-12-16T12:36:06.9842907Z ##[group]Run west build -s zmk/app -d "/tmp/tmp.riLCGd0zJP" -b "rec_corne_left"  -- -DZMK_CONFIG=/tmp/zmk-config/config -DSHIELD="settings_reset" -DZMK_EXTRA_MODULES='/__w/zmk-config/zmk-config' 
2025-12-16T12:36:06.9844601Z [36;1mwest build -s zmk/app -d "/tmp/tmp.riLCGd0zJP" -b "rec_corne_left"  -- -DZMK_CONFIG=/tmp/zmk-config/config -DSHIELD="settings_reset" -DZMK_EXTRA_MODULES='/__w/zmk-config/zmk-config' [0m
2025-12-16T12:36:06.9845541Z shell: sh -x {0}
2025-12-16T12:36:06.9845738Z env:
2025-12-16T12:36:06.9845949Z   build_dir: /tmp/tmp.riLCGd0zJP
2025-12-16T12:36:06.9846210Z   base_dir: /tmp/zmk-config
2025-12-16T12:36:06.9846440Z   zephyr_version: 4.1.0
2025-12-16T12:36:06.9846651Z   extra_west_args: 
2025-12-16T12:36:06.9847021Z   extra_cmake_args: -DSHIELD="settings_reset" -DZMK_EXTRA_MODULES='/__w/zmk-config/zmk-config'
2025-12-16T12:36:06.9847482Z   display_name: settings_reset - rec_corne_left
2025-12-16T12:36:06.9847857Z   artifact_name: settings_reset-rec_corne_left-zmk
2025-12-16T12:36:06.9848136Z ##[endgroup]
2025-12-16T12:36:07.0574576Z + west build -s zmk/app -d /tmp/tmp.riLCGd0zJP -b rec_corne_left -- -DZMK_CONFIG=/tmp/zmk-config/config -DSHIELD=settings_reset -DZMK_EXTRA_MODULES=/__w/zmk-config/zmk-config
2025-12-16T12:36:07.2705669Z -- west build: generating a build system
2025-12-16T12:36:07.5479872Z Loading Zephyr default modules (Zephyr base).
2025-12-16T12:36:07.5481224Z -- Application: /tmp/zmk-config/zmk/app
2025-12-16T12:36:07.5481722Z -- CMake version: 3.31.6
2025-12-16T12:36:07.6589630Z -- Found Python3: /usr/bin/python3 (found suitable version "3.12.3", minimum required is "3.10") found components: Interpreter
2025-12-16T12:36:07.6711114Z -- Cache files will be written to: /tmp/zmk-config/zephyr/.cache
2025-12-16T12:36:07.6778469Z -- Zephyr version: 4.1.0 (/tmp/zmk-config/zephyr)
2025-12-16T12:36:07.7434157Z -- Found west (found suitable version "1.5.0", minimum required is "0.14.0")
2025-12-16T12:36:09.0094748Z -- Board: rec_corne_left
2025-12-16T12:36:09.0950381Z -- Shield(s): settings_reset
2025-12-16T12:36:09.1262295Z Checking /tmp/zmk-config/rec_corne
2025-12-16T12:36:09.1262822Z Checking /__w/zmk-config/zmk-config
2025-12-16T12:36:09.1263541Z Checking /tmp/zmk-config/zmk/app
2025-12-16T12:36:09.1263985Z found /tmp/zmk-config/zmk/app
2025-12-16T12:36:09.1265289Z -- ZMK Config directory: /tmp/zmk-config/config
2025-12-16T12:36:09.1269985Z rec_corne_left for  for rec_corne_left with version 
2025-12-16T12:36:09.1270664Z -- ZMK Config Kconfig: /tmp/zmk-config/config/rec_corne.conf
2025-12-16T12:36:09.1271364Z -- Using keymap file: /tmp/zmk-config/config/rec_corne.keymap
2025-12-16T12:36:09.1273056Z -- Using keymap file: /tmp/zmk-config/config/rec_corne.keymap
2025-12-16T12:36:09.1276303Z Checking /tmp/zmk-config/zephyr
2025-12-16T12:36:09.1276800Z -- Using keymap file: /tmp/zmk-config/config/rec_corne.keymap
2025-12-16T12:36:09.2807496Z -- ZEPHYR_TOOLCHAIN_VARIANT not set, trying to locate Zephyr SDK
2025-12-16T12:36:09.2831060Z -- Found host-tools: zephyr 0.16.9 (/opt/zephyr-sdk-0.16.9)
2025-12-16T12:36:09.2843824Z -- Found toolchain: zephyr 0.16.9 (/opt/zephyr-sdk-0.16.9)
2025-12-16T12:36:09.2908637Z -- Found Dtc: /opt/zephyr-sdk-0.16.9/sysroots/x86_64-pokysdk-linux/usr/bin/dtc (found suitable version "1.6.0", minimum required is "1.4.6")
2025-12-16T12:36:09.2933428Z -- Found BOARD.dts: /__w/zmk-config/zmk-config/boards/arm/rec_corne/rec_corne_left.dts
2025-12-16T12:36:09.2934494Z -- Found devicetree overlay: /tmp/zmk-config/zmk/app/boards/shields/settings_reset/settings_reset.overlay
2025-12-16T12:36:09.2935254Z -- Found devicetree overlay: /tmp/zmk-config/config/rec_corne.keymap
2025-12-16T12:36:09.7231246Z 'label' is marked as deprecated in 'properties:' in /tmp/zmk-config/zmk/app/dts/bindings/behaviors/zmk,behavior-tap-dance.yaml for node /behaviors/parenthesis.
2025-12-16T12:36:09.7234491Z 'label' is marked as deprecated in 'properties:' in /tmp/zmk-config/zmk/app/dts/bindings/behaviors/zmk,behavior-tap-dance.yaml for node /behaviors/bracket.
2025-12-16T12:36:09.7236897Z 'label' is marked as deprecated in 'properties:' in /tmp/zmk-config/zmk/app/dts/bindings/behaviors/zmk,behavior-tap-dance.yaml for node /behaviors/brace.
2025-12-16T12:36:09.7588497Z -- Generated zephyr.dts: /tmp/tmp.riLCGd0zJP/zephyr/zephyr.dts
2025-12-16T12:36:09.7589175Z -- Generated pickled edt: /tmp/tmp.riLCGd0zJP/zephyr/edt.pickle
2025-12-16T12:36:09.9036992Z -- Generated devicetree_generated.h: /tmp/tmp.riLCGd0zJP/zephyr/include/generated/zephyr/devicetree_generated.h
2025-12-16T12:36:10.3024973Z -- Including generated dts.cmake file: /tmp/tmp.riLCGd0zJP/zephyr/dts.cmake
2025-12-16T12:36:10.3138347Z CMake Warning at /tmp/zmk-config/zephyr/cmake/modules/dts.cmake:425 (message):
2025-12-16T12:36:10.3139075Z   dtc raised one or more warnings:
2025-12-16T12:36:10.3139350Z 
2025-12-16T12:36:10.3139598Z   /tmp/tmp.riLCGd0zJP/zephyr/zephyr.dts:58.25-63.5: Warning
2025-12-16T12:36:10.3140237Z   (unique_unit_address_if_enabled): /soc/clock@40000000: duplicate
2025-12-16T12:36:10.3140882Z   unit-address (also used in node /soc/power@40000000)
2025-12-16T12:36:10.3141241Z 
2025-12-16T12:36:10.3141450Z   /tmp/tmp.riLCGd0zJP/zephyr/zephyr.dts:348.21-352.5: Warning
2025-12-16T12:36:10.3141871Z   (unique_unit_address_if_enabled): /soc/acl@4001e000: duplicate unit-address
2025-12-16T12:36:10.3142375Z   (also used in node /soc/flash-controller@4001e000)
2025-12-16T12:36:10.3142617Z 
2025-12-16T12:36:10.3143059Z Call Stack (most recent call first):
2025-12-16T12:36:10.3143819Z   /tmp/zmk-config/zephyr/cmake/modules/zephyr_default.cmake:134 (include)
2025-12-16T12:36:10.3144550Z   /tmp/zmk-config/zephyr/share/zephyr-package/cmake/ZephyrConfig.cmake:66 (include)
2025-12-16T12:36:10.3145243Z   /tmp/zmk-config/zephyr/share/zephyr-package/cmake/ZephyrConfig.cmake:92 (include_boilerplate)
2025-12-16T12:36:10.3145792Z   CMakeLists.txt:9 (find_package)
2025-12-16T12:36:10.3146029Z 
2025-12-16T12:36:10.3146033Z 
2025-12-16T12:36:10.4791285Z /tmp/zmk-config/zephyr/scripts/kconfig/kconfig.py: Kconfig.zephyr:29: '/tmp/tmp.riLCGd0zJP/Kconfig/soc/Kconfig.defconfig' not found (in 'source "$(KCONFIG_BINARY_DIR)/soc/Kconfig.defconfig"'). Check that environment variables are set correctly (e.g. $srctree, which is set to '/tmp/zmk-config/zephyr'). Also note that unset environment variables expand to the empty string.
2025-12-16T12:36:10.4793511Z Parsing /tmp/zmk-config/zmk/app/Kconfig
2025-12-16T12:36:10.4993127Z CMake Error at /tmp/zmk-config/zephyr/cmake/modules/kconfig.cmake:396 (message):
2025-12-16T12:36:10.4994157Z   command failed with return code: 1
2025-12-16T12:36:10.5006612Z Call Stack (most recent call first):
2025-12-16T12:36:10.5007194Z   /tmp/zmk-config/zephyr/cmake/modules/zephyr_default.cmake:134 (include)
2025-12-16T12:36:10.5008010Z   /tmp/zmk-config/zephyr/share/zephyr-package/cmake/ZephyrConfig.cmake:66 (include)
2025-12-16T12:36:10.5008905Z   /tmp/zmk-config/zephyr/share/zephyr-package/cmake/ZephyrConfig.cmake:92 (include_boilerplate)
2025-12-16T12:36:10.5009600Z   CMakeLists.txt:9 (find_package)
2025-12-16T12:36:10.5009875Z 
2025-12-16T12:36:10.5009882Z 
2025-12-16T12:36:10.5010074Z -- Configuring incomplete, errors occurred!
2025-12-16T12:36:10.5039491Z FATAL ERROR: command exited with status 1: /usr/local/bin/cmake -DWEST_PYTHON=/usr/bin/python3 -B/tmp/tmp.riLCGd0zJP -GNinja -DBOARD=rec_corne_left -DZMK_CONFIG=/tmp/zmk-config/config -DSHIELD=settings_reset -DZMK_EXTRA_MODULES=/__w/zmk-config/zmk-config -S/tmp/zmk-config/zmk/app
2025-12-16T12:36:10.5295675Z ##[error]Process completed with exit code 1.
2025-12-16T12:36:10.5350052Z ##[group]Run if [ -f "/tmp/tmp.riLCGd0zJP/zephyr/.config" ]
2025-12-16T12:36:10.5350486Z [36;1mif [ -f "/tmp/tmp.riLCGd0zJP/zephyr/.config" ][0m
2025-12-16T12:36:10.5350772Z [36;1mthen[0m
2025-12-16T12:36:10.5351035Z [36;1m  grep -v -e "^#" -e "^$" "/tmp/tmp.riLCGd0zJP/zephyr/.config" | sort[0m
2025-12-16T12:36:10.5351348Z [36;1melse[0m
2025-12-16T12:36:10.5351552Z [36;1m  echo "No Kconfig output"[0m
2025-12-16T12:36:10.5351774Z [36;1mfi[0m
2025-12-16T12:36:10.5352103Z shell: sh -e {0}
2025-12-16T12:36:10.5352280Z env:
2025-12-16T12:36:10.5352459Z   build_dir: /tmp/tmp.riLCGd0zJP
2025-12-16T12:36:10.5352697Z   base_dir: /tmp/zmk-config
2025-12-16T12:36:10.5352911Z   zephyr_version: 4.1.0
2025-12-16T12:36:10.5353105Z   extra_west_args: 
2025-12-16T12:36:10.5353643Z   extra_cmake_args: -DSHIELD="settings_reset" -DZMK_EXTRA_MODULES='/__w/zmk-config/zmk-config'
2025-12-16T12:36:10.5354102Z   display_name: settings_reset - rec_corne_left
2025-12-16T12:36:10.5354470Z   artifact_name: settings_reset-rec_corne_left-zmk
2025-12-16T12:36:10.5354743Z ##[endgroup]
2025-12-16T12:36:10.5859420Z No Kconfig output
2025-12-16T12:36:10.5912901Z ##[group]Run if [ -f "/tmp/tmp.riLCGd0zJP/zephyr/zephyr.dts" ]
2025-12-16T12:36:10.5913769Z [36;1mif [ -f "/tmp/tmp.riLCGd0zJP/zephyr/zephyr.dts" ][0m
2025-12-16T12:36:10.5914075Z [36;1mthen[0m
2025-12-16T12:36:10.5914309Z [36;1m  cat "/tmp/tmp.riLCGd0zJP/zephyr/zephyr.dts"[0m
2025-12-16T12:36:10.5914660Z [36;1melif [ -f "/tmp/tmp.riLCGd0zJP/zephyr/zephyr.dts.pre" ][0m
2025-12-16T12:36:10.5914965Z [36;1mthen[0m
2025-12-16T12:36:10.5915211Z [36;1m  cat -s "/tmp/tmp.riLCGd0zJP/zephyr/zephyr.dts.pre"[0m
2025-12-16T12:36:10.5915498Z [36;1melse[0m
2025-12-16T12:36:10.5915684Z [36;1m  echo "No Devicetree output"[0m
2025-12-16T12:36:10.5915924Z [36;1mfi[0m
2025-12-16T12:36:10.5916193Z shell: sh -e {0}
2025-12-16T12:36:10.5916367Z env:
2025-12-16T12:36:10.5916759Z   build_dir: /tmp/tmp.riLCGd0zJP
2025-12-16T12:36:10.5917006Z   base_dir: /tmp/zmk-config
2025-12-16T12:36:10.5917215Z   zephyr_version: 4.1.0
2025-12-16T12:36:10.5917413Z   extra_west_args: 
2025-12-16T12:36:10.5917806Z   extra_cmake_args: -DSHIELD="settings_reset" -DZMK_EXTRA_MODULES='/__w/zmk-config/zmk-config'
2025-12-16T12:36:10.5918252Z   display_name: settings_reset - rec_corne_left
2025-12-16T12:36:10.5918558Z   artifact_name: settings_reset-rec_corne_left-zmk
2025-12-16T12:36:10.5918830Z ##[endgroup]
2025-12-16T12:36:10.6468866Z /dts-v1/;
2025-12-16T12:36:10.6469160Z 
2025-12-16T12:36:10.6469967Z / {
2025-12-16T12:36:10.6470325Z 	#address-cells = < 0x1 >;
2025-12-16T12:36:10.6470774Z 	#size-cells = < 0x1 >;
2025-12-16T12:36:10.6471134Z 	model = "rec_corne";
2025-12-16T12:36:10.6471552Z 	compatible = "recperipherals,rec_corne";
2025-12-16T12:36:10.6472047Z 	chosen {
2025-12-16T12:36:10.6472425Z 		zephyr,bt-hci = &bt_hci_controller;
2025-12-16T12:36:10.6472903Z 		zephyr,entropy = &rng;
2025-12-16T12:36:10.6473612Z 		zephyr,flash-controller = &flash_controller;
2025-12-16T12:36:10.6474211Z 		zephyr,code-partition = &code_partition;
2025-12-16T12:36:10.6474725Z 		zephyr,sram = &sram0;
2025-12-16T12:36:10.6475162Z 		zephyr,flash = &flash0;
2025-12-16T12:36:10.6475596Z 		zmk,kscan = &settings_reset_kscan;
2025-12-16T12:36:10.6476056Z 		zmk,battery = &vbatt;
2025-12-16T12:36:10.6476452Z 		zmk,underglow = &led_strip;
2025-12-16T12:36:10.6476902Z 		zmk,physical-layout = &default_layout;
2025-12-16T12:36:10.6477374Z 		zmk,backlight = &backlight;
2025-12-16T12:36:10.6477773Z 	};
2025-12-16T12:36:10.6478071Z 	aliases {
2025-12-16T12:36:10.6478399Z 	};
2025-12-16T12:36:10.6478708Z 	soc {
2025-12-16T12:36:10.6479041Z 		#address-cells = < 0x1 >;
2025-12-16T12:36:10.6479450Z 		#size-cells = < 0x1 >;
2025-12-16T12:36:10.6480085Z 		compatible = "nordic,nrf52840-qiaa", "nordic,nrf52840", "nordic,nrf52", "simple-bus";
2025-12-16T12:36:10.6480960Z 		interrupt-parent = < &nvic >;
2025-12-16T12:36:10.6481362Z 		ranges;
2025-12-16T12:36:10.6481712Z 		nvic: interrupt-controller@e000e100 {
2025-12-16T12:36:10.6482174Z 			#address-cells = < 0x1 >;
2025-12-16T12:36:10.6482576Z 			compatible = "arm,v7m-nvic";
2025-12-16T12:36:10.6483004Z 			reg = < 0xe000e100 0xc00 >;
2025-12-16T12:36:10.6484139Z 			interrupt-controller;
2025-12-16T12:36:10.6484597Z 			#interrupt-cells = < 0x2 >;
2025-12-16T12:36:10.6485080Z 			arm,num-irq-priority-bits = < 0x3 >;
2025-12-16T12:36:10.6485565Z 			phandle = < 0x1 >;
2025-12-16T12:36:10.6485933Z 		};
2025-12-16T12:36:10.6486283Z 		systick: timer@e000e010 {
2025-12-16T12:36:10.6486747Z 			compatible = "arm,armv7m-systick";
2025-12-16T12:36:10.6487187Z 			reg = < 0xe000e010 0x10 >;
2025-12-16T12:36:10.6487590Z 			status = "disabled";
2025-12-16T12:36:10.6487980Z 		};
2025-12-16T12:36:10.6488282Z 		ficr: ficr@10000000 {
2025-12-16T12:36:10.6488626Z 			compatible = "nordic,nrf-ficr";
2025-12-16T12:36:10.6489107Z 			reg = < 0x10000000 0x1000 >;
2025-12-16T12:36:10.6489529Z 			#nordic,ficr-cells = < 0x1 >;
2025-12-16T12:36:10.6489997Z 			status = "okay";
2025-12-16T12:36:10.6490360Z 		};
2025-12-16T12:36:10.6490667Z 		uicr: uicr@10001000 {
2025-12-16T12:36:10.6491066Z 			compatible = "nordic,nrf-uicr";
2025-12-16T12:36:10.6491906Z 			reg = < 0x10001000 0x1000 >;
2025-12-16T12:36:10.6492270Z 			status = "okay";
2025-12-16T12:36:10.6492594Z 		};
2025-12-16T12:36:10.6492824Z 		sram0: memory@20000000 {
2025-12-16T12:36:10.6493122Z 			compatible = "mmio-sram";
2025-12-16T12:36:10.6494275Z 			reg = < 0x20000000 0x40000 >;
2025-12-16T12:36:10.6494597Z 		};
2025-12-16T12:36:10.6494879Z 		clock: clock@40000000 {
2025-12-16T12:36:10.6495215Z 			compatible = "nordic,nrf-clock";
2025-12-16T12:36:10.6495562Z 			reg = < 0x40000000 0x1000 >;
2025-12-16T12:36:10.6495892Z 			interrupts = < 0x0 0x1 >;
2025-12-16T12:36:10.6496211Z 			status = "okay";
2025-12-16T12:36:10.6496506Z 		};
2025-12-16T12:36:10.6496791Z 		power: power@40000000 {
2025-12-16T12:36:10.6497121Z 			compatible = "nordic,nrf-power";
2025-12-16T12:36:10.6497683Z 			reg = < 0x40000000 0x1000 >;
2025-12-16T12:36:10.6498022Z 			interrupts = < 0x0 0x1 >;
2025-12-16T12:36:10.6498348Z 			status = "okay";
2025-12-16T12:36:10.6498657Z 			#address-cells = < 0x1 >;
2025-12-16T12:36:10.6498989Z 			#size-cells = < 0x1 >;
2025-12-16T12:36:10.6499368Z 			gpregret1: gpregret1@4000051c {
2025-12-16T12:36:10.6499999Z 				#address-cells = < 0x1 >;
2025-12-16T12:36:10.6500426Z 				#size-cells = < 0x1 >;
2025-12-16T12:36:10.6500853Z 				compatible = "nordic,nrf-gpregret";
2025-12-16T12:36:10.6501320Z 				reg = < 0x4000051c 0x1 >;
2025-12-16T12:36:10.6501720Z 				status = "okay";
2025-12-16T12:36:10.6502026Z 			};
2025-12-16T12:36:10.6502314Z 			gpregret2: gpregret2@40000520 {
2025-12-16T12:36:10.6502665Z 				#address-cells = < 0x1 >;
2025-12-16T12:36:10.6502999Z 				#size-cells = < 0x1 >;
2025-12-16T12:36:10.6503565Z 				compatible = "nordic,nrf-gpregret";
2025-12-16T12:36:10.6503882Z 				reg = < 0x40000520 0x1 >;
2025-12-16T12:36:10.6504165Z 				status = "okay";
2025-12-16T12:36:10.6504475Z 			};
2025-12-16T12:36:10.6504759Z 			reg1: regulator@40000578 {
2025-12-16T12:36:10.6505091Z 				compatible = "nordic,nrf5x-regulator";
2025-12-16T12:36:10.6505408Z 				reg = < 0x40000578 0x1 >;
2025-12-16T12:36:10.6505696Z 				regulator-name = "REG1";
2025-12-16T12:36:10.6506025Z 				regulator-initial-mode = < 0x0 >;
2025-12-16T12:36:10.6506345Z 			};
2025-12-16T12:36:10.6506628Z 			reg0: regulator@40000580 {
2025-12-16T12:36:10.6506978Z 				compatible = "nordic,nrf52x-regulator-hv";
2025-12-16T12:36:10.6507351Z 				reg = < 0x40000580 0x1 >;
2025-12-16T12:36:10.6507677Z 				regulator-name = "REG0";
2025-12-16T12:36:10.6507994Z 				status = "disabled";
2025-12-16T12:36:10.6508298Z 			};
2025-12-16T12:36:10.6508568Z 		};
2025-12-16T12:36:10.6508840Z 		radio: radio@40001000 {
2025-12-16T12:36:10.6509169Z 			compatible = "nordic,nrf-radio";
2025-12-16T12:36:10.6509525Z 			reg = < 0x40001000 0x1000 >;
2025-12-16T12:36:10.6509848Z 			interrupts = < 0x1 0x1 >;
2025-12-16T12:36:10.6510183Z 			status = "okay";
2025-12-16T12:36:10.6510487Z 			ieee802154-supported;
2025-12-16T12:36:10.6510812Z 			ble-2mbps-supported;
2025-12-16T12:36:10.6511136Z 			ble-coded-phy-supported;
2025-12-16T12:36:10.6511482Z 			tx-high-power-supported;
2025-12-16T12:36:10.6511813Z 			ieee802154: ieee802154 {
2025-12-16T12:36:10.6512154Z 				compatible = "nordic,nrf-ieee802154";
2025-12-16T12:36:10.6512524Z 				status = "disabled";
2025-12-16T12:36:10.6512831Z 			};
2025-12-16T12:36:10.6513135Z 			bt_hci_controller: bt_hci_controller {
2025-12-16T12:36:10.6513931Z 				compatible = "zephyr,bt-hci-ll-sw-split";
2025-12-16T12:36:10.6514391Z 				status = "okay";
2025-12-16T12:36:10.6514686Z 			};
2025-12-16T12:36:10.6514951Z 		};
2025-12-16T12:36:10.6515222Z 		uart0: uart@40002000 {
2025-12-16T12:36:10.6515550Z 			compatible = "nordic,nrf-uarte";
2025-12-16T12:36:10.6515887Z 			reg = < 0x40002000 0x1000 >;
2025-12-16T12:36:10.6516209Z 			interrupts = < 0x2 0x1 >;
2025-12-16T12:36:10.6516531Z 			status = "disabled";
2025-12-16T12:36:10.6516828Z 		};
2025-12-16T12:36:10.6517103Z 		i2c0: i2c@40003000 {
2025-12-16T12:36:10.6517423Z 			compatible = "nordic,nrf-twim";
2025-12-16T12:36:10.6517768Z 			#address-cells = < 0x1 >;
2025-12-16T12:36:10.6518266Z 			#size-cells = < 0x0 >;
2025-12-16T12:36:10.6518593Z 			reg = < 0x40003000 0x1000 >;
2025-12-16T12:36:10.6518920Z 			interrupts = < 0x3 0x1 >;
2025-12-16T12:36:10.6519242Z 			easydma-maxcnt-bits = < 0x10 >;
2025-12-16T12:36:10.6519573Z 			status = "disabled";
2025-12-16T12:36:10.6519898Z 			zephyr,pm-device-runtime-auto;
2025-12-16T12:36:10.6520223Z 		};
2025-12-16T12:36:10.6520503Z 		spi0: nice_view_spi: spi@40003000 {
2025-12-16T12:36:10.6520860Z 			compatible = "nordic,nrf-spim";
2025-12-16T12:36:10.6521197Z 			#address-cells = < 0x1 >;
2025-12-16T12:36:10.6521519Z 			#size-cells = < 0x0 >;
2025-12-16T12:36:10.6521830Z 			reg = < 0x40003000 0x1000 >;
2025-12-16T12:36:10.6522203Z 			interrupts = < 0x3 0x1 >;
2025-12-16T12:36:10.6522549Z 			max-frequency = < 0x7a1200 >;
2025-12-16T12:36:10.6523079Z 			easydma-maxcnt-bits = < 0x10 >;
2025-12-16T12:36:10.6523675Z 			status = "disabled";
2025-12-16T12:36:10.6523995Z 			pinctrl-0 = < &spi0_default >;
2025-12-16T12:36:10.6524345Z 			pinctrl-1 = < &spi0_sleep >;
2025-12-16T12:36:10.6524695Z 			pinctrl-names = "default", "sleep";
2025-12-16T12:36:10.6525055Z 			cs-gpios = < &gpio0 0x6 0x0 >;
2025-12-16T12:36:10.6525382Z 		};
2025-12-16T12:36:10.6525655Z 		i2c1: i2c@40004000 {
2025-12-16T12:36:10.6525970Z 			compatible = "nordic,nrf-twim";
2025-12-16T12:36:10.6526319Z 			#address-cells = < 0x1 >;
2025-12-16T12:36:10.6526637Z 			#size-cells = < 0x0 >;
2025-12-16T12:36:10.6526944Z 			reg = < 0x40004000 0x1000 >;
2025-12-16T12:36:10.6527264Z 			interrupts = < 0x4 0x1 >;
2025-12-16T12:36:10.6527598Z 			easydma-maxcnt-bits = < 0x10 >;
2025-12-16T12:36:10.6527932Z 			status = "disabled";
2025-12-16T12:36:10.6528259Z 			zephyr,pm-device-runtime-auto;
2025-12-16T12:36:10.6528594Z 		};
2025-12-16T12:36:10.6528863Z 		spi1: spi@40004000 {
2025-12-16T12:36:10.6529191Z 			compatible = "nordic,nrf-spim";
2025-12-16T12:36:10.6529535Z 			#address-cells = < 0x1 >;
2025-12-16T12:36:10.6529890Z 			#size-cells = < 0x0 >;
2025-12-16T12:36:10.6530197Z 			reg = < 0x40004000 0x1000 >;
2025-12-16T12:36:10.6530521Z 			interrupts = < 0x4 0x1 >;
2025-12-16T12:36:10.6530842Z 			max-frequency = < 0x7a1200 >;
2025-12-16T12:36:10.6531171Z 			easydma-maxcnt-bits = < 0x10 >;
2025-12-16T12:36:10.6531497Z 			status = "disabled";
2025-12-16T12:36:10.6531796Z 		};
2025-12-16T12:36:10.6532063Z 		nfct: nfct@40005000 {
2025-12-16T12:36:10.6532382Z 			compatible = "nordic,nrf-nfct";
2025-12-16T12:36:10.6532723Z 			reg = < 0x40005000 0x1000 >;
2025-12-16T12:36:10.6533039Z 			interrupts = < 0x5 0x1 >;
2025-12-16T12:36:10.6533681Z 			status = "disabled";
2025-12-16T12:36:10.6533923Z 		};
2025-12-16T12:36:10.6534152Z 		gpiote: gpiote0: gpiote@40006000 {
2025-12-16T12:36:10.6534502Z 			compatible = "nordic,nrf-gpiote";
2025-12-16T12:36:10.6534840Z 			reg = < 0x40006000 0x1000 >;
2025-12-16T12:36:10.6535165Z 			interrupts = < 0x6 0x5 >;
2025-12-16T12:36:10.6535483Z 			status = "okay";
2025-12-16T12:36:10.6535783Z 			instance = < 0x0 >;
2025-12-16T12:36:10.6536079Z 			phandle = < 0x9 >;
2025-12-16T12:36:10.6536375Z 		};
2025-12-16T12:36:10.6536659Z 		adc: adc@40007000 {
2025-12-16T12:36:10.6536969Z 			compatible = "nordic,nrf-saadc";
2025-12-16T12:36:10.6537307Z 			reg = < 0x40007000 0x1000 >;
2025-12-16T12:36:10.6537619Z 			interrupts = < 0x7 0x1 >;
2025-12-16T12:36:10.6537928Z 			status = "okay";
2025-12-16T12:36:10.6538228Z 			#io-channel-cells = < 0x1 >;
2025-12-16T12:36:10.6538576Z 			zephyr,pm-device-runtime-auto;
2025-12-16T12:36:10.6538922Z 		};
2025-12-16T12:36:10.6539199Z 		timer0: timer@40008000 {
2025-12-16T12:36:10.6539515Z 			compatible = "nordic,nrf-timer";
2025-12-16T12:36:10.6539862Z 			status = "disabled";
2025-12-16T12:36:10.6540166Z 			reg = < 0x40008000 0x1000 >;
2025-12-16T12:36:10.6540476Z 			cc-num = < 0x4 >;
2025-12-16T12:36:10.6540777Z 			max-bit-width = < 0x20 >;
2025-12-16T12:36:10.6541105Z 			interrupts = < 0x8 0x1 >;
2025-12-16T12:36:10.6541426Z 			prescaler = < 0x0 >;
2025-12-16T12:36:10.6541736Z 		};
2025-12-16T12:36:10.6542012Z 		timer1: timer@40009000 {
2025-12-16T12:36:10.6542482Z 			compatible = "nordic,nrf-timer";
2025-12-16T12:36:10.6542820Z 			status = "disabled";
2025-12-16T12:36:10.6543124Z 			reg = < 0x40009000 0x1000 >;
2025-12-16T12:36:10.6543543Z 			cc-num = < 0x4 >;
2025-12-16T12:36:10.6543832Z 			max-bit-width = < 0x20 >;
2025-12-16T12:36:10.6544151Z 			interrupts = < 0x9 0x1 >;
2025-12-16T12:36:10.6544466Z 			prescaler = < 0x0 >;
2025-12-16T12:36:10.6544766Z 			phandle = < 0xa >;
2025-12-16T12:36:10.6545064Z 		};
2025-12-16T12:36:10.6545345Z 		timer2: timer@4000a000 {
2025-12-16T12:36:10.6545667Z 			compatible = "nordic,nrf-timer";
2025-12-16T12:36:10.6546002Z 			status = "disabled";
2025-12-16T12:36:10.6546305Z 			reg = < 0x4000a000 0x1000 >;
2025-12-16T12:36:10.6546611Z 			cc-num = < 0x4 >;
2025-12-16T12:36:10.6546915Z 			max-bit-width = < 0x20 >;
2025-12-16T12:36:10.6547399Z 			interrupts = < 0xa 0x1 >;
2025-12-16T12:36:10.6547717Z 			prescaler = < 0x0 >;
2025-12-16T12:36:10.6548018Z 		};
2025-12-16T12:36:10.6548297Z 		rtc0: rtc@4000b000 {
2025-12-16T12:36:10.6548613Z 			compatible = "nordic,nrf-rtc";
2025-12-16T12:36:10.6548957Z 			reg = < 0x4000b000 0x1000 >;
2025-12-16T12:36:10.6549273Z 			cc-num = < 0x3 >;
2025-12-16T12:36:10.6549583Z 			interrupts = < 0xb 0x1 >;
2025-12-16T12:36:10.6549897Z 			status = "disabled";
2025-12-16T12:36:10.6550211Z 			clock-frequency = < 0x8000 >;
2025-12-16T12:36:10.6550540Z 			prescaler = < 0x1 >;
2025-12-16T12:36:10.6550824Z 		};
2025-12-16T12:36:10.6551097Z 		temp: temp@4000c000 {
2025-12-16T12:36:10.6551409Z 			compatible = "nordic,nrf-temp";
2025-12-16T12:36:10.6551740Z 			reg = < 0x4000c000 0x1000 >;
2025-12-16T12:36:10.6552067Z 			interrupts = < 0xc 0x1 >;
2025-12-16T12:36:10.6552379Z 			status = "okay";
2025-12-16T12:36:10.6552656Z 		};
2025-12-16T12:36:10.6552927Z 		rng: random@4000d000 {
2025-12-16T12:36:10.6553418Z 			compatible = "nordic,nrf-rng";
2025-12-16T12:36:10.6553747Z 			reg = < 0x4000d000 0x1000 >;
2025-12-16T12:36:10.6554069Z 			interrupts = < 0xd 0x1 >;
2025-12-16T12:36:10.6554380Z 			status = "okay";
2025-12-16T12:36:10.6554657Z 		};
2025-12-16T12:36:10.6554930Z 		ecb: ecb@4000e000 {
2025-12-16T12:36:10.6555235Z 			compatible = "nordic,nrf-ecb";
2025-12-16T12:36:10.6555553Z 			reg = < 0x4000e000 0x1000 >;
2025-12-16T12:36:10.6555875Z 			interrupts = < 0xe 0x1 >;
2025-12-16T12:36:10.6556195Z 			status = "okay";
2025-12-16T12:36:10.6556473Z 		};
2025-12-16T12:36:10.6556736Z 		ccm: ccm@4000f000 {
2025-12-16T12:36:10.6557040Z 			compatible = "nordic,nrf-ccm";
2025-12-16T12:36:10.6557365Z 			reg = < 0x4000f000 0x1000 >;
2025-12-16T12:36:10.6557685Z 			interrupts = < 0xf 0x1 >;
2025-12-16T12:36:10.6558012Z 			length-field-length-8-bits;
2025-12-16T12:36:10.6558346Z 			status = "okay";
2025-12-16T12:36:10.6558631Z 		};
2025-12-16T12:36:10.6558906Z 		wdt: wdt0: watchdog@40010000 {
2025-12-16T12:36:10.6559234Z 			compatible = "nordic,nrf-wdt";
2025-12-16T12:36:10.6559576Z 			reg = < 0x40010000 0x1000 >;
2025-12-16T12:36:10.6559900Z 			interrupts = < 0x10 0x1 >;
2025-12-16T12:36:10.6560215Z 			status = "okay";
2025-12-16T12:36:10.6560501Z 		};
2025-12-16T12:36:10.6560774Z 		rtc1: rtc@40011000 {
2025-12-16T12:36:10.6561084Z 			compatible = "nordic,nrf-rtc";
2025-12-16T12:36:10.6561413Z 			reg = < 0x40011000 0x1000 >;
2025-12-16T12:36:10.6561731Z 			cc-num = < 0x4 >;
2025-12-16T12:36:10.6562033Z 			interrupts = < 0x11 0x1 >;
2025-12-16T12:36:10.6562346Z 			status = "disabled";
2025-12-16T12:36:10.6562660Z 			clock-frequency = < 0x8000 >;
2025-12-16T12:36:10.6562995Z 			prescaler = < 0x1 >;
2025-12-16T12:36:10.6563495Z 		};
2025-12-16T12:36:10.6563785Z 		qdec: qdec0: qdec@40012000 {
2025-12-16T12:36:10.6564120Z 			compatible = "nordic,nrf-qdec";
2025-12-16T12:36:10.6564445Z 			reg = < 0x40012000 0x1000 >;
2025-12-16T12:36:10.6564761Z 			interrupts = < 0x12 0x1 >;
2025-12-16T12:36:10.6565079Z 			status = "disabled";
2025-12-16T12:36:10.6565374Z 		};
2025-12-16T12:36:10.6565653Z 		comp: comparator@40013000 {
2025-12-16T12:36:10.6565990Z 			compatible = "nordic,nrf-comp";
2025-12-16T12:36:10.6566322Z 			reg = < 0x40013000 0x1000 >;
2025-12-16T12:36:10.6566766Z 			interrupts = < 0x13 0x1 >;
2025-12-16T12:36:10.6567103Z 			status = "disabled";
2025-12-16T12:36:10.6567398Z 		};
2025-12-16T12:36:10.6567669Z 		egu0: swi0: egu@40014000 {
2025-12-16T12:36:10.6568034Z 			compatible = "nordic,nrf-egu", "nordic,nrf-swi";
2025-12-16T12:36:10.6568416Z 			reg = < 0x40014000 0x1000 >;
2025-12-16T12:36:10.6568733Z 			interrupts = < 0x14 0x1 >;
2025-12-16T12:36:10.6569052Z 			status = "okay";
2025-12-16T12:36:10.6569338Z 		};
2025-12-16T12:36:10.6569606Z 		egu1: swi1: egu@40015000 {
2025-12-16T12:36:10.6569961Z 			compatible = "nordic,nrf-egu", "nordic,nrf-swi";
2025-12-16T12:36:10.6570334Z 			reg = < 0x40015000 0x1000 >;
2025-12-16T12:36:10.6570650Z 			interrupts = < 0x15 0x1 >;
2025-12-16T12:36:10.6570968Z 			status = "okay";
2025-12-16T12:36:10.6571365Z 		};
2025-12-16T12:36:10.6571631Z 		egu2: swi2: egu@40016000 {
2025-12-16T12:36:10.6571976Z 			compatible = "nordic,nrf-egu", "nordic,nrf-swi";
2025-12-16T12:36:10.6572351Z 			reg = < 0x40016000 0x1000 >;
2025-12-16T12:36:10.6572676Z 			interrupts = < 0x16 0x1 >;
2025-12-16T12:36:10.6572984Z 			status = "okay";
2025-12-16T12:36:10.6573415Z 		};
2025-12-16T12:36:10.6573680Z 		egu3: swi3: egu@40017000 {
2025-12-16T12:36:10.6574030Z 			compatible = "nordic,nrf-egu", "nordic,nrf-swi";
2025-12-16T12:36:10.6574400Z 			reg = < 0x40017000 0x1000 >;
2025-12-16T12:36:10.6574716Z 			interrupts = < 0x17 0x1 >;
2025-12-16T12:36:10.6575019Z 			status = "okay";
2025-12-16T12:36:10.6575303Z 		};
2025-12-16T12:36:10.6575570Z 		egu4: swi4: egu@40018000 {
2025-12-16T12:36:10.6575924Z 			compatible = "nordic,nrf-egu", "nordic,nrf-swi";
2025-12-16T12:36:10.6576304Z 			reg = < 0x40018000 0x1000 >;
2025-12-16T12:36:10.6576625Z 			interrupts = < 0x18 0x1 >;
2025-12-16T12:36:10.6576935Z 			status = "okay";
2025-12-16T12:36:10.6577223Z 		};
2025-12-16T12:36:10.6577493Z 		egu5: swi5: egu@40019000 {
2025-12-16T12:36:10.6577837Z 			compatible = "nordic,nrf-egu", "nordic,nrf-swi";
2025-12-16T12:36:10.6578213Z 			reg = < 0x40019000 0x1000 >;
2025-12-16T12:36:10.6578536Z 			interrupts = < 0x19 0x1 >;
2025-12-16T12:36:10.6578846Z 			status = "okay";
2025-12-16T12:36:10.6579122Z 		};
2025-12-16T12:36:10.6579392Z 		timer3: timer@4001a000 {
2025-12-16T12:36:10.6579766Z 			compatible = "nordic,nrf-timer";
2025-12-16T12:36:10.6580135Z 			status = "disabled";
2025-12-16T12:36:10.6580413Z 			reg = < 0x4001a000 0x1000 >;
2025-12-16T12:36:10.6580737Z 			cc-num = < 0x6 >;
2025-12-16T12:36:10.6581027Z 			max-bit-width = < 0x20 >;
2025-12-16T12:36:10.6581353Z 			interrupts = < 0x1a 0x1 >;
2025-12-16T12:36:10.6581676Z 			prescaler = < 0x0 >;
2025-12-16T12:36:10.6581969Z 		};
2025-12-16T12:36:10.6582241Z 		timer4: timer@4001b000 {
2025-12-16T12:36:10.6582566Z 			compatible = "nordic,nrf-timer";
2025-12-16T12:36:10.6582896Z 			status = "disabled";
2025-12-16T12:36:10.6583204Z 			reg = < 0x4001b000 0x1000 >;
2025-12-16T12:36:10.6583700Z 			cc-num = < 0x6 >;
2025-12-16T12:36:10.6584006Z 			max-bit-width = < 0x20 >;
2025-12-16T12:36:10.6584334Z 			interrupts = < 0x1b 0x1 >;
2025-12-16T12:36:10.6584667Z 			prescaler = < 0x0 >;
2025-12-16T12:36:10.6584956Z 		};
2025-12-16T12:36:10.6585238Z 		pwm0: pwm@4001c000 {
2025-12-16T12:36:10.6585562Z 			compatible = "nordic,nrf-pwm";
2025-12-16T12:36:10.6585897Z 			reg = < 0x4001c000 0x1000 >;
2025-12-16T12:36:10.6586220Z 			interrupts = < 0x1c 0x1 >;
2025-12-16T12:36:10.6586539Z 			status = "okay";
2025-12-16T12:36:10.6586844Z 			#pwm-cells = < 0x3 >;
2025-12-16T12:36:10.6587188Z 			pinctrl-0 = < &pwm0_default >;
2025-12-16T12:36:10.6587532Z 			pinctrl-1 = < &pwm0_sleep >;
2025-12-16T12:36:10.6587877Z 			pinctrl-names = "default", "sleep";
2025-12-16T12:36:10.6588223Z 			phandle = < 0xf >;
2025-12-16T12:36:10.6588519Z 		};
2025-12-16T12:36:10.6588801Z 		pdm0: pdm@4001d000 {
2025-12-16T12:36:10.6589148Z 			compatible = "nordic,nrf-pdm";
2025-12-16T12:36:10.6589581Z 			reg = < 0x4001d000 0x1000 >;
2025-12-16T12:36:10.6589909Z 			interrupts = < 0x1d 0x1 >;
2025-12-16T12:36:10.6590328Z 			status = "disabled";
2025-12-16T12:36:10.6590598Z 		};
2025-12-16T12:36:10.6591107Z 		acl: acl@4001e000 {
2025-12-16T12:36:10.6591451Z 			compatible = "nordic,nrf-acl";
2025-12-16T12:36:10.6591790Z 			reg = < 0x4001e000 0x1000 >;
2025-12-16T12:36:10.6592113Z 			status = "okay";
2025-12-16T12:36:10.6592392Z 		};
2025-12-16T12:36:10.6592698Z 		flash_controller: flash-controller@4001e000 {
2025-12-16T12:36:10.6593110Z 			compatible = "nordic,nrf52-flash-controller";
2025-12-16T12:36:10.6593601Z 			reg = < 0x4001e000 0x1000 >;
2025-12-16T12:36:10.6593919Z 			partial-erase;
2025-12-16T12:36:10.6594223Z 			#address-cells = < 0x1 >;
2025-12-16T12:36:10.6594535Z 			#size-cells = < 0x1 >;
2025-12-16T12:36:10.6594842Z 			flash0: flash@0 {
2025-12-16T12:36:10.6595151Z 				compatible = "soc-nv-flash";
2025-12-16T12:36:10.6595490Z 				erase-block-size = < 0x1000 >;
2025-12-16T12:36:10.6595954Z 				write-block-size = < 0x4 >;
2025-12-16T12:36:10.6596273Z 				reg = < 0x0 0x100000 >;
2025-12-16T12:36:10.6596584Z 				partitions {
2025-12-16T12:36:10.6596894Z 					compatible = "fixed-partitions";
2025-12-16T12:36:10.6597247Z 					#address-cells = < 0x1 >;
2025-12-16T12:36:10.6597577Z 					#size-cells = < 0x1 >;
2025-12-16T12:36:10.6597904Z 					sd_partition: partition@0 {
2025-12-16T12:36:10.6598235Z 						reg = < 0x0 0x26000 >;
2025-12-16T12:36:10.6598552Z 					};
2025-12-16T12:36:10.6598834Z 					code_partition: partition@26000 {
2025-12-16T12:36:10.6599179Z 						reg = < 0x26000 0xc6000 >;
2025-12-16T12:36:10.6599483Z 					};
2025-12-16T12:36:10.6599774Z 					storage_partition: partition@ec000 {
2025-12-16T12:36:10.6600125Z 						reg = < 0xec000 0x8000 >;
2025-12-16T12:36:10.6600435Z 					};
2025-12-16T12:36:10.6600718Z 					boot_partition: partition@f4000 {
2025-12-16T12:36:10.6601055Z 						reg = < 0xf4000 0xc000 >;
2025-12-16T12:36:10.6601368Z 					};
2025-12-16T12:36:10.6601636Z 				};
2025-12-16T12:36:10.6601893Z 			};
2025-12-16T12:36:10.6602159Z 		};
2025-12-16T12:36:10.6602434Z 		ppi: ppi@4001f000 {
2025-12-16T12:36:10.6602753Z 			compatible = "nordic,nrf-ppi";
2025-12-16T12:36:10.6603094Z 			reg = < 0x4001f000 0x1000 >;
2025-12-16T12:36:10.6603507Z 			status = "okay";
2025-12-16T12:36:10.6603789Z 		};
2025-12-16T12:36:10.6604065Z 		mwu: mwu@40020000 {
2025-12-16T12:36:10.6604372Z 			compatible = "nordic,nrf-mwu";
2025-12-16T12:36:10.6604701Z 			reg = < 0x40020000 0x1000 >;
2025-12-16T12:36:10.6605013Z 			status = "okay";
2025-12-16T12:36:10.6605298Z 		};
2025-12-16T12:36:10.6605569Z 		pwm1: pwm@40021000 {
2025-12-16T12:36:10.6605886Z 			compatible = "nordic,nrf-pwm";
2025-12-16T12:36:10.6606218Z 			reg = < 0x40021000 0x1000 >;
2025-12-16T12:36:10.6606531Z 			interrupts = < 0x21 0x1 >;
2025-12-16T12:36:10.6606855Z 			status = "disabled";
2025-12-16T12:36:10.6607161Z 			#pwm-cells = < 0x3 >;
2025-12-16T12:36:10.6607454Z 		};
2025-12-16T12:36:10.6607730Z 		pwm2: pwm@40022000 {
2025-12-16T12:36:10.6608056Z 			compatible = "nordic,nrf-pwm";
2025-12-16T12:36:10.6608388Z 			reg = < 0x40022000 0x1000 >;
2025-12-16T12:36:10.6608713Z 			interrupts = < 0x22 0x1 >;
2025-12-16T12:36:10.6609046Z 			status = "disabled";
2025-12-16T12:36:10.6609346Z 			#pwm-cells = < 0x3 >;
2025-12-16T12:36:10.6609637Z 		};
2025-12-16T12:36:10.6609917Z 		spi2: spi@40023000 {
2025-12-16T12:36:10.6610220Z 			compatible = "nordic,nrf-spim";
2025-12-16T12:36:10.6610562Z 			#address-cells = < 0x1 >;
2025-12-16T12:36:10.6610891Z 			#size-cells = < 0x0 >;
2025-12-16T12:36:10.6611204Z 			reg = < 0x40023000 0x1000 >;
2025-12-16T12:36:10.6611513Z 			interrupts = < 0x23 0x1 >;
2025-12-16T12:36:10.6611837Z 			max-frequency = < 0x7a1200 >;
2025-12-16T12:36:10.6612176Z 			easydma-maxcnt-bits = < 0x10 >;
2025-12-16T12:36:10.6612508Z 			status = "disabled";
2025-12-16T12:36:10.6612805Z 		};
2025-12-16T12:36:10.6613074Z 		rtc2: rtc@40024000 {
2025-12-16T12:36:10.6613553Z 			compatible = "nordic,nrf-rtc";
2025-12-16T12:36:10.6613843Z 			reg = < 0x40024000 0x1000 >;
2025-12-16T12:36:10.6614165Z 			cc-num = < 0x4 >;
2025-12-16T12:36:10.6614465Z 			interrupts = < 0x24 0x1 >;
2025-12-16T12:36:10.6614789Z 			status = "disabled";
2025-12-16T12:36:10.6615234Z 			clock-frequency = < 0x8000 >;
2025-12-16T12:36:10.6615572Z 			prescaler = < 0x1 >;
2025-12-16T12:36:10.6615869Z 		};
2025-12-16T12:36:10.6616144Z 		i2s0: i2s@40025000 {
2025-12-16T12:36:10.6616457Z 			compatible = "nordic,nrf-i2s";
2025-12-16T12:36:10.6616791Z 			#address-cells = < 0x1 >;
2025-12-16T12:36:10.6617116Z 			#size-cells = < 0x0 >;
2025-12-16T12:36:10.6617422Z 			reg = < 0x40025000 0x1000 >;
2025-12-16T12:36:10.6617738Z 			interrupts = < 0x25 0x1 >;
2025-12-16T12:36:10.6618054Z 			status = "disabled";
2025-12-16T12:36:10.6618348Z 		};
2025-12-16T12:36:10.6618621Z 		usbd: zephyr_udc0: usbd@40027000 {
2025-12-16T12:36:10.6618970Z 			compatible = "nordic,nrf-usbd";
2025-12-16T12:36:10.6619306Z 			reg = < 0x40027000 0x1000 >;
2025-12-16T12:36:10.6619744Z 			interrupts = < 0x27 0x1 >;
2025-12-16T12:36:10.6620076Z 			num-bidir-endpoints = < 0x1 >;
2025-12-16T12:36:10.6620420Z 			num-in-endpoints = < 0x7 >;
2025-12-16T12:36:10.6620739Z 			num-out-endpoints = < 0x7 >;
2025-12-16T12:36:10.6621085Z 			num-isoin-endpoints = < 0x1 >;
2025-12-16T12:36:10.6621427Z 			num-isoout-endpoints = < 0x1 >;
2025-12-16T12:36:10.6621750Z 			status = "okay";
2025-12-16T12:36:10.6622033Z 		};
2025-12-16T12:36:10.6622307Z 		uart1: uart@40028000 {
2025-12-16T12:36:10.6622630Z 			compatible = "nordic,nrf-uarte";
2025-12-16T12:36:10.6622972Z 			reg = < 0x40028000 0x1000 >;
2025-12-16T12:36:10.6623387Z 			interrupts = < 0x28 0x1 >;
2025-12-16T12:36:10.6623704Z 			status = "disabled";
2025-12-16T12:36:10.6623992Z 		};
2025-12-16T12:36:10.6624269Z 		qspi: qspi@40029000 {
2025-12-16T12:36:10.6624588Z 			compatible = "nordic,nrf-qspi";
2025-12-16T12:36:10.6624924Z 			#address-cells = < 0x1 >;
2025-12-16T12:36:10.6625246Z 			#size-cells = < 0x0 >;
2025-12-16T12:36:10.6625584Z 			reg = < 0x40029000 0x1000 >, < 0x12000000 0x8000000 >;
2025-12-16T12:36:10.6625961Z 			reg-names = "qspi", "qspi_mm";
2025-12-16T12:36:10.6626300Z 			interrupts = < 0x29 0x1 >;
2025-12-16T12:36:10.6626616Z 			status = "disabled";
2025-12-16T12:36:10.6626911Z 		};
2025-12-16T12:36:10.6627201Z 		pwm3: pwm@4002d000 {
2025-12-16T12:36:10.6627518Z 			compatible = "nordic,nrf-pwm";
2025-12-16T12:36:10.6627844Z 			reg = < 0x4002d000 0x1000 >;
2025-12-16T12:36:10.6628167Z 			interrupts = < 0x2d 0x1 >;
2025-12-16T12:36:10.6628485Z 			status = "disabled";
2025-12-16T12:36:10.6628797Z 			#pwm-cells = < 0x3 >;
2025-12-16T12:36:10.6629091Z 		};
2025-12-16T12:36:10.6629355Z 		spi3: spi@4002f000 {
2025-12-16T12:36:10.6629671Z 			compatible = "nordic,nrf-spim";
2025-12-16T12:36:10.6630040Z 			#address-cells = < 0x1 >;
2025-12-16T12:36:10.6630359Z 			#size-cells = < 0x0 >;
2025-12-16T12:36:10.6630670Z 			reg = < 0x4002f000 0x1000 >;
2025-12-16T12:36:10.6630985Z 			interrupts = < 0x2f 0x1 >;
2025-12-16T12:36:10.6631311Z 			max-frequency = < 0x1e84800 >;
2025-12-16T12:36:10.6631656Z 			easydma-maxcnt-bits = < 0x10 >;
2025-12-16T12:36:10.6631989Z 			rx-delay-supported;
2025-12-16T12:36:10.6632292Z 			rx-delay = < 0x2 >;
2025-12-16T12:36:10.6632591Z 			status = "okay";
2025-12-16T12:36:10.6632889Z 			pinctrl-0 = < &spi3_default >;
2025-12-16T12:36:10.6633310Z 			pinctrl-1 = < &spi3_sleep >;
2025-12-16T12:36:10.6633648Z 			pinctrl-names = "default", "sleep";
2025-12-16T12:36:10.6633991Z 			led_strip: ws2812@0 {
2025-12-16T12:36:10.6634316Z 				compatible = "worldsemi,ws2812-spi";
2025-12-16T12:36:10.6634667Z 				reg = < 0x0 >;
2025-12-16T12:36:10.6634961Z 				spi-max-frequency = < 0x3d0900 >;
2025-12-16T12:36:10.6635311Z 				chain-length = < 0x15 >;
2025-12-16T12:36:10.6635639Z 				spi-one-frame = < 0x70 >;
2025-12-16T12:36:10.6635972Z 				spi-zero-frame = < 0x40 >;
2025-12-16T12:36:10.6636303Z 				color-mapping = < 0x2 0x1 0x3 >;
2025-12-16T12:36:10.6636627Z 			};
2025-12-16T12:36:10.6636891Z 		};
2025-12-16T12:36:10.6637155Z 		gpio0: gpio@50000000 {
2025-12-16T12:36:10.6637486Z 			compatible = "nordic,nrf-gpio";
2025-12-16T12:36:10.6637827Z 			gpio-controller;
2025-12-16T12:36:10.6638130Z 			reg = < 0x50000000 0x200 0x50000500 0x300 >;
2025-12-16T12:36:10.6638589Z 			#gpio-cells = < 0x2 >;
2025-12-16T12:36:10.6638907Z 			status = "okay";
2025-12-16T12:36:10.6639194Z 			port = < 0x0 >;
2025-12-16T12:36:10.6639502Z 			gpiote-instance = < &gpiote >;
2025-12-16T12:36:10.6639850Z 			phandle = < 0x4 >;
2025-12-16T12:36:10.6640146Z 		};
2025-12-16T12:36:10.6640424Z 		gpio1: gpio@50000300 {
2025-12-16T12:36:10.6640740Z 			compatible = "nordic,nrf-gpio";
2025-12-16T12:36:10.6641073Z 			gpio-controller;
2025-12-16T12:36:10.6641382Z 			reg = < 0x50000300 0x200 0x50000800 0x300 >;
2025-12-16T12:36:10.6641730Z 			#gpio-cells = < 0x2 >;
2025-12-16T12:36:10.6642036Z 			ngpios = < 0x10 >;
2025-12-16T12:36:10.6642334Z 			status = "okay";
2025-12-16T12:36:10.6642625Z 			port = < 0x1 >;
2025-12-16T12:36:10.6642928Z 			gpiote-instance = < &gpiote >;
2025-12-16T12:36:10.6643465Z 			phandle = < 0xd >;
2025-12-16T12:36:10.6643755Z 		};
2025-12-16T12:36:10.6644037Z 		cryptocell: crypto@5002a000 {
2025-12-16T12:36:10.6644420Z 			compatible = "nordic,cryptocell", "arm,cryptocell-310";
2025-12-16T12:36:10.6644844Z 			reg = < 0x5002a000 0x1000 >, < 0x5002b000 0x1000 >;
2025-12-16T12:36:10.6645211Z 			reg-names = "wrapper", "core";
2025-12-16T12:36:10.6645541Z 			interrupts = < 0x2a 0x1 >;
2025-12-16T12:36:10.6645862Z 			status = "disabled";
2025-12-16T12:36:10.6646157Z 		};
2025-12-16T12:36:10.6646417Z 	};
2025-12-16T12:36:10.6646708Z 	pinctrl: pin-controller {
2025-12-16T12:36:10.6647049Z 		compatible = "nordic,nrf-pinctrl";
2025-12-16T12:36:10.6647396Z 		spi0_default: spi0_default {
2025-12-16T12:36:10.6647719Z 			phandle = < 0x2 >;
2025-12-16T12:36:10.6648016Z 			group1 {
2025-12-16T12:36:10.6648321Z 				psels = < 0x4000014 >, < 0x5000011 >, < 0x6000019 >;
2025-12-16T12:36:10.6648685Z 			};
2025-12-16T12:36:10.6648954Z 		};
2025-12-16T12:36:10.6649227Z 		spi0_sleep: spi0_sleep {
2025-12-16T12:36:10.6649548Z 			phandle = < 0x3 >;
2025-12-16T12:36:10.6649836Z 			group1 {
2025-12-16T12:36:10.6650142Z 				psels = < 0x4000014 >, < 0x5000011 >, < 0x6000019 >;
2025-12-16T12:36:10.6650507Z 				low-power-enable;
2025-12-16T12:36:10.6650802Z 			};
2025-12-16T12:36:10.6651071Z 		};
2025-12-16T12:36:10.6651347Z 		pwm0_default: pwm0_default {
2025-12-16T12:36:10.6651674Z 			phandle = < 0x5 >;
2025-12-16T12:36:10.6651965Z 			group1 {
2025-12-16T12:36:10.6652236Z 				psels = < 0x1600002d >;
2025-12-16T12:36:10.6652540Z 			};
2025-12-16T12:36:10.6652803Z 		};
2025-12-16T12:36:10.6653073Z 		pwm0_sleep: pwm0_sleep {
2025-12-16T12:36:10.6653552Z 			phandle = < 0x6 >;
2025-12-16T12:36:10.6653848Z 			group1 {
2025-12-16T12:36:10.6654120Z 				psels = < 0x1600002d >;
2025-12-16T12:36:10.6654431Z 				low-power-enable;
2025-12-16T12:36:10.6654719Z 			};
2025-12-16T12:36:10.6654975Z 		};
2025-12-16T12:36:10.6655259Z 		spi3_default: spi3_default {
2025-12-16T12:36:10.6655575Z 			phandle = < 0x7 >;
2025-12-16T12:36:10.6655867Z 			group1 {
2025-12-16T12:36:10.6656146Z 				psels = < 0x500002c >;
2025-12-16T12:36:10.6656445Z 			};
2025-12-16T12:36:10.6656702Z 		};
2025-12-16T12:36:10.6656981Z 		spi3_sleep: spi3_sleep {
2025-12-16T12:36:10.6657296Z 			phandle = < 0x8 >;
2025-12-16T12:36:10.6657584Z 			group1 {
2025-12-16T12:36:10.6657862Z 				psels = < 0x500002c >;
2025-12-16T12:36:10.6658168Z 				low-power-enable;
2025-12-16T12:36:10.6658462Z 			};
2025-12-16T12:36:10.6658737Z 		};
2025-12-16T12:36:10.6659002Z 	};
2025-12-16T12:36:10.6659273Z 	rng_hci: entropy_bt_hci {
2025-12-16T12:36:10.6659615Z 		compatible = "zephyr,bt-hci-entropy";
2025-12-16T12:36:10.6659967Z 		status = "okay";
2025-12-16T12:36:10.6660252Z 	};
2025-12-16T12:36:10.6660524Z 	sw_pwm: sw-pwm {
2025-12-16T12:36:10.6660837Z 		compatible = "nordic,nrf-sw-pwm";
2025-12-16T12:36:10.6661182Z 		status = "disabled";
2025-12-16T12:36:10.6661487Z 		generator = < &timer1 >;
2025-12-16T12:36:10.6661810Z 		clock-prescaler = < 0x0 >;
2025-12-16T12:36:10.6662213Z 		#pwm-cells = < 0x3 >;
2025-12-16T12:36:10.6662746Z 	};
2025-12-16T12:36:10.6663130Z 	cpus {
2025-12-16T12:36:10.6663575Z 		#address-cells = < 0x1 >;
2025-12-16T12:36:10.6664029Z 		#size-cells = < 0x0 >;
2025-12-16T12:36:10.6664569Z 		cpu@0 {
2025-12-16T12:36:10.6664955Z 			device_type = "cpu";
2025-12-16T12:36:10.6665403Z 			compatible = "arm,cortex-m4f";
2025-12-16T12:36:10.6676616Z 			reg = < 0x0 >;
2025-12-16T12:36:10.6676956Z 			#address-cells = < 0x1 >;
2025-12-16T12:36:10.6677294Z 			#size-cells = < 0x1 >;
2025-12-16T12:36:10.6677623Z 			itm: itm@e0000000 {
2025-12-16T12:36:10.6677923Z 				compatible = "arm,armv7m-itm";
2025-12-16T12:36:10.6678261Z 				reg = < 0xe0000000 0x1000 >;
2025-12-16T12:36:10.6678607Z 				swo-ref-frequency = < 0x1e84800 >;
2025-12-16T12:36:10.6678954Z 			};
2025-12-16T12:36:10.6679224Z 		};
2025-12-16T12:36:10.6679494Z 	};
2025-12-16T12:36:10.6679802Z 	key_physical_attrs: key_physical_attrs {
2025-12-16T12:36:10.6680179Z 		compatible = "zmk,key-physical-attrs";
2025-12-16T12:36:10.6680726Z 		#key-cells = < 0x7 >;
2025-12-16T12:36:10.6681040Z 		phandle = < 0xc >;
2025-12-16T12:36:10.6681333Z 	};
2025-12-16T12:36:10.6681629Z 	default_layout: default_layout {
2025-12-16T12:36:10.6681999Z 		compatible = "zmk,physical-layout";
2025-12-16T12:36:10.6682365Z 		display-name = "Layout";
2025-12-16T12:36:10.6682702Z 		transform = < &default_transform >;
2025-12-16T12:36:10.6689600Z 		keys = < &key_physical_attrs 0x64 0x64 0x0 0x25 0x0 0x0 0x0 >, < &key_physical_attrs 0x64 0x64 0x64 0x25 0x0 0x0 0x0 >, < &key_physical_attrs 0x64 0x64 0xc8 0xc 0x0 0x0 0x0 >, < &key_physical_attrs 0x64 0x64 0x12c 0x0 0x0 0x0 0x0 >, < &key_physical_attrs 0x64 0x64 0x190 0xc 0x0 0x0 0x0 >, < &key_physical_attrs 0x64 0x64 0x1f4 0x18 0x0 0x0 0x0 >, < &key_physical_attrs 0x64 0x64 0x39d 0x18 0x0 0x0 0x0 >, < &key_physical_attrs 0x64 0x64 0x47e 0x18 0x0 0x0 0x0 >, < &key_physical_attrs 0x64 0x64 0x4e2 0xc 0x0 0x0 0x0 >, < &key_physical_attrs 0x64 0x64 0x546 0x0 0x0 0x0 0x0 >, < &key_physical_attrs 0x64 0x64 0x5aa 0xc 0x0 0x0 0x0 >, < &key_physical_attrs 0x64 0x64 0x60e 0x25 0x0 0x0 0x0 >, < &key_physical_attrs 0x64 0x64 0x672 0x25 0x0 0x0 0x0 >, < &key_physical_attrs 0x64 0x64 0x0 0x89 0x0 0x0 0x0 >, < &key_physical_attrs 0x64 0x64 0x64 0x89 0x0 0x0 0x0 >, < &key_physical_attrs 0x64 0x64 0xc8 0x70 0x0 0x0 0x0 >, < &key_physical_attrs 0x64 0x64 0x12c 0x64 0x0 0x0 0x0 >, < &key_physical_attrs 0x64 0x64 0x190 0x70 0x0 0x0 0x0 >, < &key_physical_attrs 0x64 0x64 0x1f4 0x7c 0x0 0x0 0x0 >, < &key_physical_attrs 0x64 0x64 0x339 0x7c 0x0 0x0 0x0 >, < &key_physical_attrs 0x64 0x64 0x39d 0x7c 0x0 0x0 0x0 >, < &key_physical_attrs 0x64 0x64 0x401 0x7c 0x0 0x0 0x0 >, < &key_physical_attrs 0x64 0x64 0x47e 0x7c 0x0 0x0 0x0 >, < &key_physical_attrs 0x64 0x64 0x4e2 0x70 0x0 0x0 0x0 >, < &key_physical_attrs 0x64 0x64 0x546 0x64 0x0 0x0 0x0 >, < &key_physical_attrs 0x64 0x64 0x5aa 0x70 0x0 0x0 0x0 >, < &key_physical_attrs 0x64 0x64 0x60e 0x89 0x0 0x0 0x0 >, < &key_physical_attrs 0x64 0x64 0x672 0x89 0x0 0x0 0x0 >, < &key_physical_attrs 0x64 0x64 0x0 0xed 0x0 0x0 0x0 >, < &key_physical_attrs 0x64 0x64 0x64 0xed 0x0 0x0 0x0 >, < &key_physical_attrs 0x64 0x64 0xc8 0xd4 0x0 0x0 0x0 >, < &key_physical_attrs 0x64 0x64 0x12c 0xc8 0x0 0x0 0x0 >, < &key_physical_attrs 0x64 0x64 0x190 0xd4 0x0 0x0 0x0 >, < &key_physical_attrs 0x64 0x64 0x1f4 0xe0 0x0 0x0 0x0 >, < &key_physical_attrs 0x64 0x64 0x271 0xe0 0x0 0x0 0x0 >, < &key_physical_attrs 0x64 0x64 0x39d 0xe0 0x0 0x0 0x0 >, < &key_physical_attrs 0x64 0x64 0x47e 0xe0 0x0 0x0 0x0 >, < &key_physical_attrs 0x64 0x64 0x4e2 0xd4 0x0 0x0 0x0 >, < &key_physical_attrs 0x64 0x64 0x546 0xc8 0x0 0x0 0x0 >, < &key_physical_attrs 0x64 0x64 0x5aa 0xd4 0x0 0x0 0x0 >, < &key_physical_attrs 0x64 0x64 0x60e 0xed 0x0 0x0 0x0 >, < &key_physical_attrs 0x64 0x64 0x672 0xed 0x0 0x0 0x0 >, < &key_physical_attrs 0x64 0x64 0x15e 0x138 0x0 0x0 0x0 >, < &key_physical_attrs 0x64 0x64 0x1c2 0x138 0x4b0 0x1c2 0x19c >, < &key_physical_attrs 0x64 0x64 0x226 0x138 0x960 0x203 0x1b1 >, < &key_physical_attrs 0x64 0x64 0x44c 0x138 0xfffff6a0 0x4ce 0x1b1 >, < &key_physical_attrs 0x64 0x64 0x4b0 0x138 0xfffffb50 0x514 0x19c >, < &key_physical_attrs 0x64 0x64 0x514 0x138 0x0 0x0 0x0 >;
2025-12-16T12:36:10.6696513Z 	};
2025-12-16T12:36:10.6696793Z 	vbatt: vbatt {
2025-12-16T12:36:10.6697227Z 		compatible = "zmk,battery-nrf-vddh";
2025-12-16T12:36:10.6697582Z 	};
2025-12-16T12:36:10.6697859Z 	EXT_POWER {
2025-12-16T12:36:10.6698148Z 		compatible = "zmk,ext-power-generic";
2025-12-16T12:36:10.6698504Z 		control-gpios = < &gpio0 0xd 0x0 >;
2025-12-16T12:36:10.6698830Z 		init-delay-ms = < 0x32 >;
2025-12-16T12:36:10.6699116Z 	};
2025-12-16T12:36:10.6699399Z 	left_encoder: encoder_left {
2025-12-16T12:36:10.6699719Z 		compatible = "alps,ec11";
2025-12-16T12:36:10.6700055Z 		a-gpios = < &gpio1 0xa 0x10 >;
2025-12-16T12:36:10.6700527Z 		b-gpios = < &gpio1 0xe 0x10 >;
2025-12-16T12:36:10.6700853Z 		steps = < 0x1e >;
2025-12-16T12:36:10.6701156Z 		status = "okay";
2025-12-16T12:36:10.6701453Z 		phandle = < 0xe >;
2025-12-16T12:36:10.6701743Z 	};
2025-12-16T12:36:10.6702111Z 	sensors {
2025-12-16T12:36:10.6702412Z 		compatible = "zmk,keymap-sensors";
2025-12-16T12:36:10.6702768Z 		triggers-per-rotation = < 0xf >;
2025-12-16T12:36:10.6703113Z 		sensors = < &left_encoder >;
2025-12-16T12:36:10.6703524Z 	};
2025-12-16T12:36:10.6703763Z 	kscan0: kscan {
2025-12-16T12:36:10.6704073Z 		compatible = "zmk,kscan-gpio-matrix";
2025-12-16T12:36:10.6704401Z 		wakeup-source;
2025-12-16T12:36:10.6704676Z 		diode-direction = "col2row";
2025-12-16T12:36:10.6705145Z 		row-gpios = < &gpio0 0x13 0x20 >, < &gpio0 0x8 0x20 >, < &gpio0 0xc 0x20 >, < &gpio0 0xb 0x20 >, < &gpio1 0x9 0x20 >;
2025-12-16T12:36:10.6705863Z 		col-gpios = < &gpio0 0x3 0x0 >, < &gpio0 0x1c 0x0 >, < &gpio0 0x1e 0x0 >, < &gpio0 0x15 0x0 >, < &gpio0 0x17 0x0 >, < &gpio0 0x16 0x0 >, < &gpio0 0x1d 0x0 >;
2025-12-16T12:36:10.6706391Z 	};
2025-12-16T12:36:10.6706654Z 	default_transform: keymap_transform_0 {
2025-12-16T12:36:10.6707002Z 		compatible = "zmk,matrix-transform";
2025-12-16T12:36:10.6707322Z 		columns = < 0xe >;
2025-12-16T12:36:10.6707615Z 		rows = < 0x5 >;
2025-12-16T12:36:10.6708426Z 		map = < 0x0 0x1 0x2 0x3 0x4 0x5 0xc 0xd 0x7 0x8 0x9 0xa 0xb 0x100 0x101 0x102 0x103 0x104 0x105 0x20c 0x40c 0x30c 0x10d 0x107 0x108 0x109 0x10a 0x10b 0x200 0x201 0x202 0x203 0x204 0x205 0x302 0x10c 0x20d 0x207 0x208 0x209 0x20a 0x20b 0x303 0x304 0x305 0x30d 0x307 0x308 >;
2025-12-16T12:36:10.6709271Z 		phandle = < 0xb >;
2025-12-16T12:36:10.6709566Z 	};
2025-12-16T12:36:10.6709861Z 	backlight: pwmleds {
2025-12-16T12:36:10.6710183Z 		compatible = "pwm-leds";
2025-12-16T12:36:10.6710494Z 		pwm_led_0 {
2025-12-16T12:36:10.6710771Z 			pwms = < &pwm0 0x0 0xf4240 0x0 >;
2025-12-16T12:36:10.6711098Z 		};
2025-12-16T12:36:10.6711367Z 	};
2025-12-16T12:36:10.6711671Z 	settings_reset_kscan: settings_reset_kscan {
2025-12-16T12:36:10.6712056Z 		compatible = "zmk,kscan-mock";
2025-12-16T12:36:10.6712391Z 		columns = < 0x1 >;
2025-12-16T12:36:10.6712675Z 		rows = < 0x0 >;
2025-12-16T12:36:10.6712962Z 		events;
2025-12-16T12:36:10.6713330Z 	};
2025-12-16T12:36:10.6713590Z 	zip_xy_scaler: zip_xy_scaler {
2025-12-16T12:36:10.6713929Z 		compatible = "zmk,input-processor-scaler";
2025-12-16T12:36:10.6714290Z 		#input-processor-cells = < 0x2 >;
2025-12-16T12:36:10.6714623Z 		type = < 0x2 >;
2025-12-16T12:36:10.6714900Z 		codes = < 0x0 0x1 >;
2025-12-16T12:36:10.6715195Z 		track-remainders;
2025-12-16T12:36:10.6715477Z 		phandle = < 0x15 >;
2025-12-16T12:36:10.6715748Z 	};
2025-12-16T12:36:10.6716001Z 	zip_scroll_scaler: zip_scroll_scaler {
2025-12-16T12:36:10.6716361Z 		compatible = "zmk,input-processor-scaler";
2025-12-16T12:36:10.6716741Z 		#input-processor-cells = < 0x2 >;
2025-12-16T12:36:10.6717089Z 		type = < 0x2 >;
2025-12-16T12:36:10.6717382Z 		codes = < 0x8 0x6 >;
2025-12-16T12:36:10.6717687Z 		track-remainders;
2025-12-16T12:36:10.6717988Z 		phandle = < 0x17 >;
2025-12-16T12:36:10.6718278Z 	};
2025-12-16T12:36:10.6718582Z 	zip_button_behaviors: zip_button_behaviors {
2025-12-16T12:36:10.6718984Z 		compatible = "zmk,input-processor-behaviors";
2025-12-16T12:36:10.6719389Z 		#input-processor-cells = < 0x0 >;
2025-12-16T12:36:10.6719737Z 		codes = < 0x100 0x101 0x102 >;
2025-12-16T12:36:10.6720079Z 		bindings = < &none &none &none >;
2025-12-16T12:36:10.6720525Z 	};
2025-12-16T12:36:10.6720802Z 	behaviors {
2025-12-16T12:36:10.6721092Z 		kp: key_press {
2025-12-16T12:36:10.6721412Z 			compatible = "zmk,behavior-key-press";
2025-12-16T12:36:10.6721774Z 			#binding-cells = < 0x1 >;
2025-12-16T12:36:10.6722110Z 			display-name = "Key Press";
2025-12-16T12:36:10.6722441Z 			phandle = < 0x11 >;
2025-12-16T12:36:10.6722740Z 		};
2025-12-16T12:36:10.6723021Z 		trans: transparent {
2025-12-16T12:36:10.6723483Z 			compatible = "zmk,behavior-transparent";
2025-12-16T12:36:10.6723831Z 			#binding-cells = < 0x0 >;
2025-12-16T12:36:10.6724166Z 			display-name = "Transparent";
2025-12-16T12:36:10.6724477Z 			phandle = < 0x1f >;
2025-12-16T12:36:10.6724751Z 		};
2025-12-16T12:36:10.6724991Z 		none: none {
2025-12-16T12:36:10.6725261Z 			compatible = "zmk,behavior-none";
2025-12-16T12:36:10.6725733Z 			#binding-cells = < 0x0 >;
2025-12-16T12:36:10.6726064Z 			display-name = "None";
2025-12-16T12:36:10.6726388Z 			phandle = < 0x10 >;
2025-12-16T12:36:10.6726682Z 		};
2025-12-16T12:36:10.6726962Z 		lt: layer_tap {
2025-12-16T12:36:10.6727283Z 			compatible = "zmk,behavior-hold-tap";
2025-12-16T12:36:10.6727656Z 			#binding-cells = < 0x2 >;
2025-12-16T12:36:10.6727989Z 			flavor = "tap-preferred";
2025-12-16T12:36:10.6728338Z 			tapping-term-ms = < 0xc8 >;
2025-12-16T12:36:10.6728675Z 			bindings = < &mo >, < &kp >;
2025-12-16T12:36:10.6729007Z 			display-name = "Layer-Tap";
2025-12-16T12:36:10.6729340Z 			phandle = < 0x1e >;
2025-12-16T12:36:10.6729637Z 		};
2025-12-16T12:36:10.6729950Z 		mo: momentary_layer {
2025-12-16T12:36:10.6730293Z 			compatible = "zmk,behavior-momentary-layer";
2025-12-16T12:36:10.6730654Z 			#binding-cells = < 0x1 >;
2025-12-16T12:36:10.6730974Z 			display-name = "Momentary Layer";
2025-12-16T12:36:10.6731312Z 			phandle = < 0x12 >;
2025-12-16T12:36:10.6731618Z 		};
2025-12-16T12:36:10.6731895Z 		sys_reset: sysreset {
2025-12-16T12:36:10.6732232Z 			compatible = "zmk,behavior-reset";
2025-12-16T12:36:10.6732581Z 			#binding-cells = < 0x0 >;
2025-12-16T12:36:10.6732910Z 			display-name = "Reset";
2025-12-16T12:36:10.6733362Z 			phandle = < 0x1a >;
2025-12-16T12:36:10.6733638Z 		};
2025-12-16T12:36:10.6733893Z 		bootloader: bootload {
2025-12-16T12:36:10.6734199Z 			compatible = "zmk,behavior-reset";
2025-12-16T12:36:10.6734541Z 			type = < 0x57 >;
2025-12-16T12:36:10.6734844Z 			bootloader;
2025-12-16T12:36:10.6735135Z 			#binding-cells = < 0x0 >;
2025-12-16T12:36:10.6735456Z 			display-name = "Bootloader";
2025-12-16T12:36:10.6735770Z 			phandle = < 0x1b >;
2025-12-16T12:36:10.6736052Z 		};
2025-12-16T12:36:10.6736330Z 		rgb_ug: rgb_ug {
2025-12-16T12:36:10.6736634Z 			compatible = "zmk,behavior-rgb-underglow";
2025-12-16T12:36:10.6736987Z 			#binding-cells = < 0x2 >;
2025-12-16T12:36:10.6737289Z 			display-name = "Underglow";
2025-12-16T12:36:10.6737621Z 			phandle = < 0x18 >;
2025-12-16T12:36:10.6737915Z 		};
2025-12-16T12:36:10.6738193Z 		bt: bluetooth {
2025-12-16T12:36:10.6738513Z 			compatible = "zmk,behavior-bluetooth";
2025-12-16T12:36:10.6738875Z 			#binding-cells = < 0x2 >;
2025-12-16T12:36:10.6739205Z 			display-name = "Bluetooth";
2025-12-16T12:36:10.6739534Z 			phandle = < 0x19 >;
2025-12-16T12:36:10.6739829Z 		};
2025-12-16T12:36:10.6740120Z 		ext_power: extpower {
2025-12-16T12:36:10.6740451Z 			compatible = "zmk,behavior-ext-power";
2025-12-16T12:36:10.6740813Z 			#binding-cells = < 0x1 >;
2025-12-16T12:36:10.6741133Z 			display-name = "External Power";
2025-12-16T12:36:10.6741456Z 		};
2025-12-16T12:36:10.6741717Z 		out: outputs {
2025-12-16T12:36:10.6742002Z 			compatible = "zmk,behavior-outputs";
2025-12-16T12:36:10.6742334Z 			#binding-cells = < 0x1 >;
2025-12-16T12:36:10.6742652Z 			display-name = "Output Selection";
2025-12-16T12:36:10.6742995Z 			phandle = < 0x1d >;
2025-12-16T12:36:10.6743391Z 		};
2025-12-16T12:36:10.6743650Z 		macro_tap: macro_tap {
2025-12-16T12:36:10.6743976Z 			compatible = "zmk,macro-control-mode-tap";
2025-12-16T12:36:10.6744343Z 			#binding-cells = < 0x0 >;
2025-12-16T12:36:10.6744654Z 		};
2025-12-16T12:36:10.6745051Z 		macro_press: macro_press {
2025-12-16T12:36:10.6745423Z 			compatible = "zmk,macro-control-mode-press";
2025-12-16T12:36:10.6745795Z 			#binding-cells = < 0x0 >;
2025-12-16T12:36:10.6746107Z 		};
2025-12-16T12:36:10.6746396Z 		macro_release: macro_release {
2025-12-16T12:36:10.6746770Z 			compatible = "zmk,macro-control-mode-release";
2025-12-16T12:36:10.6747147Z 			#binding-cells = < 0x0 >;
2025-12-16T12:36:10.6747462Z 		};
2025-12-16T12:36:10.6747749Z 		macro_tap_time: macro_tap_time {
2025-12-16T12:36:10.6748112Z 			compatible = "zmk,macro-control-tap-time";
2025-12-16T12:36:10.6748477Z 			#binding-cells = < 0x1 >;
2025-12-16T12:36:10.6748785Z 		};
2025-12-16T12:36:10.6749066Z 		macro_wait_time: macro_wait_time {
2025-12-16T12:36:10.6749431Z 			compatible = "zmk,macro-control-wait-time";
2025-12-16T12:36:10.6749902Z 			#binding-cells = < 0x1 >;
2025-12-16T12:36:10.6750194Z 		};
2025-12-16T12:36:10.6750478Z 		macro_pause_for_release: macro_pause_for_release {
2025-12-16T12:36:10.6750884Z 			compatible = "zmk,macro-pause-for-release";
2025-12-16T12:36:10.6751238Z 			#binding-cells = < 0x0 >;
2025-12-16T12:36:10.6751525Z 		};
2025-12-16T12:36:10.6751814Z 		macro_param_1to1: macro_param_1to1 {
2025-12-16T12:36:10.6752159Z 			compatible = "zmk,macro-param-1to1";
2025-12-16T12:36:10.6752500Z 			#binding-cells = < 0x0 >;
2025-12-16T12:36:10.6752808Z 		};
2025-12-16T12:36:10.6753069Z 		macro_param_1to2: macro_param_1to2 {
2025-12-16T12:36:10.6753491Z 			compatible = "zmk,macro-param-1to2";
2025-12-16T12:36:10.6753820Z 			#binding-cells = < 0x0 >;
2025-12-16T12:36:10.6754133Z 		};
2025-12-16T12:36:10.6754406Z 		macro_param_2to1: macro_param_2to1 {
2025-12-16T12:36:10.6754731Z 			compatible = "zmk,macro-param-2to1";
2025-12-16T12:36:10.6755060Z 			#binding-cells = < 0x0 >;
2025-12-16T12:36:10.6755366Z 		};
2025-12-16T12:36:10.6755657Z 		macro_param_2to2: macro_param_2to2 {
2025-12-16T12:36:10.6755999Z 			compatible = "zmk,macro-param-2to2";
2025-12-16T12:36:10.6756338Z 			#binding-cells = < 0x0 >;
2025-12-16T12:36:10.6756658Z 		};
2025-12-16T12:36:10.6756929Z 		studio_unlock: studio_unlock {
2025-12-16T12:36:10.6757280Z 			compatible = "zmk,behavior-studio-unlock";
2025-12-16T12:36:10.6757651Z 			#binding-cells = < 0x0 >;
2025-12-16T12:36:10.6757969Z 			display-name = "Studio Unlock";
2025-12-16T12:36:10.6758305Z 			phandle = < 0x1c >;
2025-12-16T12:36:10.6758588Z 		};
2025-12-16T12:36:10.6758866Z 		mkp: mouse_key_press {
2025-12-16T12:36:10.6759193Z 			compatible = "zmk,behavior-mouse-key-press";
2025-12-16T12:36:10.6759552Z 			#binding-cells = < 0x1 >;
2025-12-16T12:36:10.6759865Z 			display-name = "Mouse Key Press";
2025-12-16T12:36:10.6760172Z 			phandle = < 0x13 >;
2025-12-16T12:36:10.6760452Z 		};
2025-12-16T12:36:10.6760693Z 		mmv: mouse_move {
2025-12-16T12:36:10.6760986Z 			compatible = "zmk,behavior-input-two-axis";
2025-12-16T12:36:10.6761343Z 			#binding-cells = < 0x1 >;
2025-12-16T12:36:10.6761657Z 			x-input-code = < 0x0 >;
2025-12-16T12:36:10.6761968Z 			y-input-code = < 0x1 >;
2025-12-16T12:36:10.6762299Z 			time-to-max-speed-ms = < 0x1f4 >;
2025-12-16T12:36:10.6762657Z 			acceleration-exponent = < 0x1 >;
2025-12-16T12:36:10.6763013Z 			trigger-period-ms = < 0x10 >;
2025-12-16T12:36:10.6763445Z 			phandle = < 0x14 >;
2025-12-16T12:36:10.6763746Z 		};
2025-12-16T12:36:10.6763994Z 		msc: mouse_scroll {
2025-12-16T12:36:10.6764314Z 			compatible = "zmk,behavior-input-two-axis";
2025-12-16T12:36:10.6764690Z 			#binding-cells = < 0x1 >;
2025-12-16T12:36:10.6765015Z 			x-input-code = < 0x6 >;
2025-12-16T12:36:10.6765304Z 			y-input-code = < 0x8 >;
2025-12-16T12:36:10.6765604Z 			time-to-max-speed-ms = < 0x1f4 >;
2025-12-16T12:36:10.6765956Z 			acceleration-exponent = < 0x1 >;
2025-12-16T12:36:10.6766265Z 			delay-ms = < 0x0 >;
2025-12-16T12:36:10.6766550Z 			phandle = < 0x16 >;
2025-12-16T12:36:10.6766845Z 		};
2025-12-16T12:36:10.6767116Z 		td0: td0 {
2025-12-16T12:36:10.6767417Z 			compatible = "zmk,behavior-tap-dance";
2025-12-16T12:36:10.6767801Z 			display-name = "Shift/Caps Lock Tap Dance";
2025-12-16T12:36:10.6768273Z 			#binding-cells = < 0x0 >;
2025-12-16T12:36:10.6768615Z 			bindings = < &kp 0x700e1 >, < &kp 0x70039 >;
2025-12-16T12:36:10.6768968Z 		};
2025-12-16T12:36:10.6769248Z 		parenthesis: parenthesis {
2025-12-16T12:36:10.6769588Z 			compatible = "zmk,behavior-tap-dance";
2025-12-16T12:36:10.6769953Z 			label = "PARENTHESIS";
2025-12-16T12:36:10.6770272Z 			#binding-cells = < 0x0 >;
2025-12-16T12:36:10.6770610Z 			bindings = < &kp 0x2070027 >, < &kp 0x2070026 >;
2025-12-16T12:36:10.6770968Z 			phandle = < 0x20 >;
2025-12-16T12:36:10.6771262Z 		};
2025-12-16T12:36:10.6771536Z 		bracket: bracket {
2025-12-16T12:36:10.6771855Z 			compatible = "zmk,behavior-tap-dance";
2025-12-16T12:36:10.6772216Z 			label = "BRACKET";
2025-12-16T12:36:10.6772518Z 			#binding-cells = < 0x0 >;
2025-12-16T12:36:10.6772948Z 			bindings = < &kp 0x70031 >, < &kp 0x70030 >;
2025-12-16T12:36:10.6773373Z 			phandle = < 0x21 >;
2025-12-16T12:36:10.6773658Z 		};
2025-12-16T12:36:10.6773931Z 		brace: brace {
2025-12-16T12:36:10.6774244Z 			compatible = "zmk,behavior-tap-dance";
2025-12-16T12:36:10.6774568Z 			label = "BRACE";
2025-12-16T12:36:10.6774859Z 			#binding-cells = < 0x0 >;
2025-12-16T12:36:10.6775175Z 			bindings = < &kp 0x2070031 >, < &kp 0x2070030 >;
2025-12-16T12:36:10.6775534Z 			phandle = < 0x22 >;
2025-12-16T12:36:10.6775831Z 		};
2025-12-16T12:36:10.6776098Z 	};
2025-12-16T12:36:10.6776394Z 	mkp_input_listener: mkp_input_listener {
2025-12-16T12:36:10.6776756Z 		compatible = "zmk,input-listener";
2025-12-16T12:36:10.6777097Z 		device = < &mkp >;
2025-12-16T12:36:10.6777376Z 	};
2025-12-16T12:36:10.6777657Z 	mmv_input_listener: mmv_input_listener {
2025-12-16T12:36:10.6778008Z 		compatible = "zmk,input-listener";
2025-12-16T12:36:10.6778322Z 		device = < &mmv >;
2025-12-16T12:36:10.6778636Z 		input-processors = < &zip_xy_scaler 0x2 0x1 >;
2025-12-16T12:36:10.6778998Z 	};
2025-12-16T12:36:10.6779339Z 	msc_input_listener: msc_input_listener {
2025-12-16T12:36:10.6779704Z 		compatible = "zmk,input-listener";
2025-12-16T12:36:10.6780041Z 		device = < &msc >;
2025-12-16T12:36:10.6780377Z 		input-processors = < &zip_scroll_scaler 0x2 0x1 >;
2025-12-16T12:36:10.6780750Z 	};
2025-12-16T12:36:10.6781026Z 	rgb_encoder: rgb_encoder {
2025-12-16T12:36:10.6781370Z 		compatible = "zmk,behavior-sensor-rotate";
2025-12-16T12:36:10.6781742Z 		#sensor-binding-cells = < 0x0 >;
2025-12-16T12:36:10.6782111Z 		bindings = < &rgb_ug 0x7 0x0 >, < &rgb_ug 0x8 0x0 >;
2025-12-16T12:36:10.6782460Z 	};
2025-12-16T12:36:10.6782737Z 	scroll_encoder: scroll_encoder {
2025-12-16T12:36:10.6783091Z 		compatible = "zmk,behavior-sensor-rotate";
2025-12-16T12:36:10.6783539Z 		#sensor-binding-cells = < 0x0 >;
2025-12-16T12:36:10.6783870Z 		bindings = < &msc 0xffe7 >, < &msc 0x19 >;
2025-12-16T12:36:10.6784215Z 		tap-ms = < 0x64 >;
2025-12-16T12:36:10.6784515Z 	};
2025-12-16T12:36:10.6784780Z 	combos {
2025-12-16T12:36:10.6785062Z 		compatible = "zmk,combos";
2025-12-16T12:36:10.6785375Z 		device1 {
2025-12-16T12:36:10.6785659Z 			bindings = < &bt 0x3 0x0 >;
2025-12-16T12:36:10.6785996Z 			key-positions = < 0x4 0x2c >;
2025-12-16T12:36:10.6786323Z 			layers = < 0x3 >;
2025-12-16T12:36:10.6786609Z 		};
2025-12-16T12:36:10.6786877Z 		device2 {
2025-12-16T12:36:10.6787163Z 			bindings = < &bt 0x3 0x1 >;
2025-12-16T12:36:10.6787484Z 			key-positions = < 0x3 0x2c >;
2025-12-16T12:36:10.6787812Z 			layers = < 0x3 >;
2025-12-16T12:36:10.6788094Z 		};
2025-12-16T12:36:10.6788364Z 		device3 {
2025-12-16T12:36:10.6788645Z 			bindings = < &bt 0x3 0x2 >;
2025-12-16T12:36:10.6788967Z 			key-positions = < 0x2 0x2c >;
2025-12-16T12:36:10.6789287Z 			layers = < 0x3 >;
2025-12-16T12:36:10.6789578Z 		};
2025-12-16T12:36:10.6789841Z 		device4 {
2025-12-16T12:36:10.6790120Z 			bindings = < &bt 0x3 0x3 >;
2025-12-16T12:36:10.6790446Z 			key-positions = < 0x11 0x2c >;
2025-12-16T12:36:10.6790778Z 			layers = < 0x3 >;
2025-12-16T12:36:10.6791065Z 		};
2025-12-16T12:36:10.6791332Z 		device5 {
2025-12-16T12:36:10.6791610Z 			bindings = < &bt 0x3 0x4 >;
2025-12-16T12:36:10.6792052Z 			key-positions = < 0x10 0x2c >;
2025-12-16T12:36:10.6792368Z 			layers = < 0x3 >;
2025-12-16T12:36:10.6792639Z 		};
2025-12-16T12:36:10.6792906Z 		lsysreset {
2025-12-16T12:36:10.6793183Z 			bindings = < &sys_reset >;
2025-12-16T12:36:10.6793601Z 			key-positions = < 0x2c 0x1c >;
2025-12-16T12:36:10.6793925Z 		};
2025-12-16T12:36:10.6794195Z 		rsysreset {
2025-12-16T12:36:10.6794484Z 			bindings = < &sys_reset >;
2025-12-16T12:36:10.6794809Z 			key-positions = < 0x2d 0x29 >;
2025-12-16T12:36:10.6795115Z 		};
2025-12-16T12:36:10.6795356Z 		lbootloader {
2025-12-16T12:36:10.6795617Z 			bindings = < &bootloader >;
2025-12-16T12:36:10.6795928Z 			key-positions = < 0x2c 0xd >;
2025-12-16T12:36:10.6796246Z 		};
2025-12-16T12:36:10.6796504Z 		rbootloader {
2025-12-16T12:36:10.6796791Z 			bindings = < &bootloader >;
2025-12-16T12:36:10.6797273Z 			key-positions = < 0x1b 0x2d >;
2025-12-16T12:36:10.6797596Z 		};
2025-12-16T12:36:10.6797843Z 		sutudiounlock {
2025-12-16T12:36:10.6798130Z 			bindings = < &studio_unlock >;
2025-12-16T12:36:10.6798434Z 			key-positions = < 0x2c 0x0 >;
2025-12-16T12:36:10.6798751Z 		};
2025-12-16T12:36:10.6799018Z 		outble {
2025-12-16T12:36:10.6799297Z 			bindings = < &out 0x2 >;
2025-12-16T12:36:10.6799616Z 			key-positions = < 0x2c 0xe >;
2025-12-16T12:36:10.6799937Z 			layers = < 0x3 >;
2025-12-16T12:36:10.6800227Z 		};
2025-12-16T12:36:10.6800495Z 		outusb {
2025-12-16T12:36:10.6800777Z 			bindings = < &out 0x1 >;
2025-12-16T12:36:10.6801095Z 			key-positions = < 0x2c 0x1d >;
2025-12-16T12:36:10.6801424Z 			layers = < 0x3 >;
2025-12-16T12:36:10.6801712Z 		};
2025-12-16T12:36:10.6801971Z 	};
2025-12-16T12:36:10.6802225Z 	keymap {
2025-12-16T12:36:10.6802506Z 		compatible = "zmk,keymap";
2025-12-16T12:36:10.6802809Z 		default_layer {
2025-12-16T12:36:10.6803083Z 			display-name = "QWERTY";
2025-12-16T12:36:10.6804793Z 			bindings = < &kp 0x70029 &kp 0x70014 &kp 0x7001a &kp 0x70008 &kp 0x70015 &kp 0x70017 &mmv 0xfb50 &kp 0x7001c &kp 0x70018 &kp 0x7000c &kp 0x70012 &kp 0x70013 &kp 0x7002a &kp 0x700e1 &kp 0x70004 &kp 0x70016 &kp 0x70007 &kp 0x70009 &kp 0x7000a &mmv 0xfb500000 &mkp 0x1 &mmv 0x4b00000 &kp 0x7000b &kp 0x7000d &kp 0x7000e &kp 0x7000f &kp 0x70033 &kp 0x70029 &kp 0x700e0 &kp 0x7001d &kp 0x7001b &kp 0x70006 &kp 0x70019 &kp 0x70005 &none &mmv 0x4b0 &kp 0x70011 &kp 0x70010 &kp 0x70036 &kp 0x70037 &kp 0x70038 &kp 0x700e5 &kp 0x700e2 &mo 0x2 &lt 0x4 0x7002c &lt 0x3 0x70028 &mo 0x1 &kp 0x700e5 >;
2025-12-16T12:36:10.6806387Z 		};
2025-12-16T12:36:10.6806634Z 		lower_numer {
2025-12-16T12:36:10.6806899Z 			display-name = "NUMBER";
2025-12-16T12:36:10.6808450Z 			bindings = < &kp 0x7002b &none &kp 0x70026 &kp 0x70025 &kp 0x70024 &none &kp 0x7004a &kp 0x207002f &kp 0x7004e &kp 0x7004b &kp 0x70064 &kp 0x207001e &kp 0x7002f &kp 0x700e1 &kp 0x7002e &kp 0x70023 &kp 0x70022 &kp 0x70021 &kp 0x70027 &kp 0x70027 &kp 0x70029 &kp 0x2070021 &mmv 0xfb500000 &mmv 0x4b0 &mmv 0xfb50 &mmv 0x4b00000 &kp 0x4007001a &kp 0x70034 &kp 0x700e0 &none &kp 0x70020 &kp 0x7001f &kp 0x7001e &kp 0x70027 &none &kp 0x7004d &kp 0x70050 &kp 0x70051 &kp 0x70052 &kp 0x7004f &kp 0x70054 &kp 0x7002d &none &none &kp 0x700e2 &kp 0x7002c &none &mkp 0x1 >;
2025-12-16T12:36:10.6810034Z 		};
2025-12-16T12:36:10.6810306Z 		raise_symbol {
2025-12-16T12:36:10.6810606Z 			display-name = "SYMBOL";
2025-12-16T12:36:10.6812138Z 			bindings = < &kp 0x407002b &trans &kp 0x107004a &kp 0x7004a &kp 0x7004d &kp 0x107004d &kp 0x7004a &kp 0x4207002d &kp 0x7002d &kp 0x207002e &kp 0x2070022 &parenthesis &kp 0x7004c &kp 0x700e1 &trans &trans &trans &trans &trans &kp 0x70027 &trans &kp 0x2070021 &kp 0x70027 &kp 0x2070025 &kp 0x2070020 &kp 0x2070021 &bracket &kp 0x70035 &kp 0x700e0 &trans &trans &trans &trans &trans &trans &kp 0x7004d &kp 0x7002e &kp 0x207001f &kp 0x207001e &kp 0x4007001a &brace &kp 0x2070024 &trans &none &trans &kp 0x70028 &trans &trans >;
2025-12-16T12:36:10.6813736Z 		};
2025-12-16T12:36:10.6813992Z 		fn_layer {
2025-12-16T12:36:10.6814267Z 			display-name = "FN";
2025-12-16T12:36:10.6815576Z 			bindings = < &none &kp 0x70043 &kp 0x70042 &kp 0x70041 &kp 0x70040 &none &rgb_ug 0x7 0x0 &none &none &none &none &none &none &none &kp 0x70044 &kp 0x7003f &kp 0x7003e &kp 0x7003d &none &rgb_ug 0xc 0x0 &rgb_ug 0x0 0x0 &rgb_ug 0xb 0x0 &none &none &none &none &none &none &none &kp 0x70045 &kp 0x7003c &kp 0x7003b &kp 0x7003a &none &none &rgb_ug 0x8 0x0 &kp 0x70050 &kp 0x70051 &kp 0x70052 &kp 0x7004f &none &none &none &none &none &none &kp 0x7002c &kp 0x700e6 >;
2025-12-16T12:36:10.6816826Z 		};
2025-12-16T12:36:10.6817103Z 		rec_layer {
2025-12-16T12:36:10.6817403Z 			display-name = "REC";
2025-12-16T12:36:10.6818764Z 			bindings = < &trans &trans &trans &trans &trans &trans &kp 0xc00e9 &msc 0xffe70000 &msc 0xffe7 &msc 0x19 &msc 0x190000 &trans &trans &trans &trans &mkp 0x4 &mkp 0x2 &mkp 0x1 &none &trans &kp 0xc00e2 &trans &mmv 0xfb500000 &mmv 0x4b0 &mmv 0xfb50 &mmv 0x4b00000 &trans &kp 0x7004b &none &trans &kp 0xc00e2 &kp 0xc00ea &kp 0xc00e9 &trans &trans &kp 0xc00ea &kp 0x70050 &kp 0x70051 &kp 0x70052 &kp 0x7004f &trans &kp 0x7004e &trans &trans &none &trans &trans &trans >;
2025-12-16T12:36:10.6820202Z 		};
2025-12-16T12:36:10.6820443Z 	};
2025-12-16T12:36:10.6820695Z };
2025-12-16T12:36:10.6900092Z Post job cleanup.
2025-12-16T12:36:10.6903955Z ##[command]/usr/bin/docker exec  01de19fb71fc1df66ed36633535f506cc011be00104a99ca8b97e778b7604e60 sh -c "cat /etc/*release | grep ^ID"
2025-12-16T12:36:10.8842618Z [command]/usr/bin/git version
2025-12-16T12:36:10.8887281Z git version 2.43.0
2025-12-16T12:36:10.8939013Z Temporarily overriding HOME='/__w/_temp/8ba22104-e508-4e63-b170-82cee5cd8ee1' before making global git config changes
2025-12-16T12:36:10.8941540Z Adding repository directory to the temporary git global config as a safe directory
2025-12-16T12:36:10.8948372Z [command]/usr/bin/git config --global --add safe.directory /__w/zmk-config/zmk-config
2025-12-16T12:36:10.8987042Z [command]/usr/bin/git config --local --name-only --get-regexp core\.sshCommand
2025-12-16T12:36:10.9023585Z [command]/usr/bin/git submodule foreach --recursive sh -c "git config --local --name-only --get-regexp 'core\.sshCommand' && git config --local --unset-all 'core.sshCommand' || :"
2025-12-16T12:36:10.9256311Z [command]/usr/bin/git config --local --name-only --get-regexp http\.https\:\/\/github\.com\/\.extraheader
2025-12-16T12:36:10.9276969Z http.https://github.com/.extraheader
2025-12-16T12:36:10.9290148Z [command]/usr/bin/git config --local --unset-all http.https://github.com/.extraheader
2025-12-16T12:36:10.9322061Z [command]/usr/bin/git submodule foreach --recursive sh -c "git config --local --name-only --get-regexp 'http\.https\:\/\/github\.com\/\.extraheader' && git config --local --unset-all 'http.https://github.com/.extraheader' || :"
2025-12-16T12:36:10.9552949Z [command]/usr/bin/git config --local --name-only --get-regexp ^includeIf\.gitdir:
2025-12-16T12:36:10.9583687Z [command]/usr/bin/git submodule foreach --recursive git config --local --show-origin --name-only --get-regexp remote.origin.url
2025-12-16T12:36:10.9945965Z Stop and remove container: 5cb4fb65cd5f48e68c225b8d58552d89_zmkfirmwarezmkbuildarmstable_b2fb4e
2025-12-16T12:36:10.9950403Z ##[command]/usr/bin/docker rm --force 01de19fb71fc1df66ed36633535f506cc011be00104a99ca8b97e778b7604e60
2025-12-16T12:36:16.5557098Z 01de19fb71fc1df66ed36633535f506cc011be00104a99ca8b97e778b7604e60
2025-12-16T12:36:16.5588998Z Remove container network: github_network_8879b14378054d6b8d8e2001845254ea
2025-12-16T12:36:16.5594046Z ##[command]/usr/bin/docker network rm github_network_8879b14378054d6b8d8e2001845254ea
2025-12-16T12:36:16.6914135Z github_network_8879b14378054d6b8d8e2001845254ea
2025-12-16T12:36:16.6976644Z Cleaning up orphan processes
